Archive member included to satisfy reference by file (symbol)

/Applications/VEXcode V5 Text.app/Contents/Resources/sdk/vexv5/libv5rt.a(v5_startup.c.obj)
                              (vexStartup)
/Applications/VEXcode V5 Text.app/Contents/Resources/sdk/vexv5/libv5rt.a(v5_util.c.obj)
                              /Applications/VEXcode V5 Text.app/Contents/Resources/sdk/vexv5/libv5rt.a(v5_startup.c.obj) (vexStdlibVersionLinked)
/Applications/VEXcode V5 Text.app/Contents/Resources/sdk/vexv5/libv5rt.a(v5_apijump.c.obj)
                              /Applications/VEXcode V5 Text.app/Contents/Resources/sdk/vexv5/libv5rt.a(v5_startup.c.obj) (vexPrivateApiEnable)
/Applications/VEXcode V5 Text.app/Contents/Resources/sdk/vexv5/libv5rt.a(v5_apiversions.c.obj)
                              /Applications/VEXcode V5 Text.app/Contents/Resources/sdk/vexv5/libv5rt.a(v5_apijump.c.obj) (vexSystemVersion)
/Applications/VEXcode V5 Text.app/Contents/Resources/sdk/vexv5/libv5rt.a(vex_global.cpp.obj)
                              build/src/main.o (vex::hold)
/Applications/VEXcode V5 Text.app/Contents/Resources/sdk/vexv5/libv5rt.a(vex_motor.cpp.obj)
                              build/src/main.o (vex::motor::~motor())
/Applications/VEXcode V5 Text.app/Contents/Resources/sdk/vexv5/libv5rt.a(vex_controller.cpp.obj)
                              build/src/main.o (vex::controller::~controller())
/Applications/VEXcode V5 Text.app/Contents/Resources/sdk/vexv5/libv5rt.a(vex_task.cpp.obj)
                              build/src/main.o (vex::task::sleep(unsigned long))
/Applications/VEXcode V5 Text.app/Contents/Resources/sdk/vexv5/libv5rt.a(vex_thread.cpp.obj)
                              build/src/main.o (vex::thread::thread(int (*)()))
/Applications/VEXcode V5 Text.app/Contents/Resources/sdk/vexv5/libv5rt.a(vex_event.cpp.obj)
                              /Applications/VEXcode V5 Text.app/Contents/Resources/sdk/vexv5/libv5rt.a(vex_controller.cpp.obj) (vex::event::init(unsigned long, unsigned long, void (*)()))
/Applications/VEXcode V5 Text.app/Contents/Resources/sdk/vexv5/libv5rt.a(vex_mevent.cpp.obj)
                              /Applications/VEXcode V5 Text.app/Contents/Resources/sdk/vexv5/libv5rt.a(vex_controller.cpp.obj) (vex::mevent::mevent(unsigned long, unsigned long))
/Applications/VEXcode V5 Text.app/Contents/Resources/sdk/vexv5/libv5rt.a(vex_brain.cpp.obj)
                              build/src/main.o (vex::brain::~brain())
/Applications/VEXcode V5 Text.app/Contents/Resources/sdk/vexv5/libv5rt.a(vex_competition.cpp.obj)
                              build/src/main.o (vex::competition::competition())
/Applications/VEXcode V5 Text.app/Contents/Resources/sdk/vexv5/libv5rt.a(vex_triport.cpp.obj)
                              /Applications/VEXcode V5 Text.app/Contents/Resources/sdk/vexv5/libv5rt.a(vex_brain.cpp.obj) (vex::triport::~triport())
/Applications/VEXcode V5 Text.app/Contents/Resources/sdk/vexv5/libv5rt.a(vex_color.cpp.obj)
                              /Applications/VEXcode V5 Text.app/Contents/Resources/sdk/vexv5/libv5rt.a(vex_brain.cpp.obj) (vex::color::operator unsigned long() const)
/Applications/VEXcode V5 Text.app/Contents/Resources/sdk/vexv5/libv5rt.a(vex_timer.cpp.obj)
                              /Applications/VEXcode V5 Text.app/Contents/Resources/sdk/vexv5/libv5rt.a(vex_brain.cpp.obj) (vex::timer::~timer())
/Applications/VEXcode V5 Text.app/Contents/Resources/sdk/vexv5/libv5rt.a(v5_apiuser.c.obj)
                              /Applications/VEXcode V5 Text.app/Contents/Resources/sdk/vexv5/libv5rt.a(vex_triport.cpp.obj) (vexAdiPortConfigSet)
/Applications/VEXcode V5 Text.app/Contents/Resources/sdk/vexv5/libv5rt.a(vex_device.cpp.obj)
                              /Applications/VEXcode V5 Text.app/Contents/Resources/sdk/vexv5/libv5rt.a(vex_triport.cpp.obj) (vex::device::value())
/Applications/VEXcode V5 Text.app/Contents/Resources/sdk/vexv5/gcc/libs/libc.a(lib_a-fini.o)
                              /Applications/VEXcode V5 Text.app/Contents/Resources/sdk/vexv5/libv5rt.a(v5_startup.c.obj) (__libc_fini_array)
/Applications/VEXcode V5 Text.app/Contents/Resources/sdk/vexv5/gcc/libs/libc.a(lib_a-impure.o)
                              /Applications/VEXcode V5 Text.app/Contents/Resources/sdk/vexv5/libv5rt.a(v5_startup.c.obj) (_impure_ptr)
/Applications/VEXcode V5 Text.app/Contents/Resources/sdk/vexv5/gcc/libs/libc.a(lib_a-init.o)
                              /Applications/VEXcode V5 Text.app/Contents/Resources/sdk/vexv5/libv5rt.a(v5_startup.c.obj) (__libc_init_array)
/Applications/VEXcode V5 Text.app/Contents/Resources/sdk/vexv5/gcc/libs/libc.a(lib_a-tolower.o)
                              /Applications/VEXcode V5 Text.app/Contents/Resources/sdk/vexv5/libv5rt.a(vex_brain.cpp.obj) (tolower)
/Applications/VEXcode V5 Text.app/Contents/Resources/sdk/vexv5/gcc/libs/libc.a(lib_a-ctype_.o)
[...]
Memory Configuration

Name             Origin             Length             Attributes
ps7_ddr_0_S_AXI_BASEADDR 0x0000000003800000 0x0000000004800000
*default*        0x0000000000000000 0xffffffffffffffff

Linker script and memory map

                0x0000000000002000                _STACK_SIZE = DEFINED (_STACK_SIZE)?_STACK_SIZE:0x2000
                0x0000000000100000                _HEAP_SIZE = DEFINED (_HEAP_SIZE)?_HEAP_SIZE:0x100000
                0x0000000000000400                _ABORT_STACK_SIZE = DEFINED (_ABORT_STACK_SIZE)?_ABORT_STACK_SIZE:0x400
                0x0000000000000800                _SUPERVISOR_STACK_SIZE = DEFINED (_SUPERVISOR_STACK_SIZE)?_SUPERVISOR_STACK_SIZE:0x800
                0x0000000000000400                _IRQ_STACK_SIZE = DEFINED (_IRQ_STACK_SIZE)?_IRQ_STACK_SIZE:0x400
                0x0000000000000400                _FIQ_STACK_SIZE = DEFINED (_FIQ_STACK_SIZE)?_FIQ_STACK_SIZE:0x400
                0x0000000000000400                _UNDEF_STACK_SIZE = DEFINED (_UNDEF_STACK_SIZE)?_UNDEF_STACK_SIZE:0x400

.text           0x0000000003800000     0x52e0
 *(.vectors)
 *(.boot_data)
 .boot_data     0x0000000003800000       0x20 /Applications/VEXcode V5 Text.app/Contents/Resources/sdk/vexv5/libv5rt.a(v5_startup.c.obj)
                0x0000000003800000                vexCodeSig
                0x0000000000000020                . = 0x20
 *(.boot)
 .boot          0x0000000003800020       0xbc /Applications/VEXcode V5 Text.app/Contents/Resources/sdk/vexv5/libv5rt.a(v5_startup.c.obj)
                0x0000000003800020                vexStartup
                0x0000000003800100                . = ALIGN (0x40)
 *fill*         0x00000000038000dc       0x24 
 *(.freertos_vectors)
 *(.text)
 *(.text.*)
 .text._Z20goToHeightControllerv
                0x0000000003800100      0x2a8 build/src/main.o
                0x0000000003800100                goToHeightController()
 .text._Z15driveControllerv
                0x00000000038003a8      0x420 build/src/main.o
                0x00000000038003a8                driveController()
 .text._Z19waitForDriveCommandv
                0x00000000038007c8       0x38 build/src/main.o
                0x00000000038007c8                waitForDriveCommand()
 .text._Z4dumpb
                0x0000000003800800      0x238 build/src/main.o
                0x0000000003800800                dump(bool)
 .text._Z13updateSensorsv
                0x0000000003800a38      0x128 build/src/main.o
                0x0000000003800a38                updateSensors()
 .text._Z9initRobotv
                0x0000000003800b60      0x158 build/src/main.o
                0x0000000003800b60                initRobot()
 .text._Z13redDumpSimplev
                0x0000000003800cb8      0x310 build/src/main.o
                0x0000000003800cb8                redDumpSimple()
 .text._Z8blueDumpv
                0x0000000003800fc8      0x310 build/src/main.o
                0x0000000003800fc8                blueDump()
 .text._Z8redTowerv
                0x00000000038012d8      0x318 build/src/main.o
                0x00000000038012d8                redTower()
 .text._Z9blueTowerv
                0x00000000038015f0      0x310 build/src/main.o
                0x00000000038015f0                blueTower()
 .text._Z10autonomousv
                0x0000000003801900       0x60 build/src/main.o
                0x0000000003801900                autonomous()
 .text._Z4drawv
                0x0000000003801960      0x3c0 build/src/main.o
                0x0000000003801960                draw()
 .text._Z11pressDetectv
                0x0000000003801d20      0x2a4 build/src/main.o
                0x0000000003801d20                pressDetect()
 .text._Z9pre_autonv
                0x0000000003801fc4       0xf8 build/src/main.o
                0x0000000003801fc4                pre_auton()
 *fill*         0x00000000038020bc        0x4 
 .text._Z6teleopv
                0x00000000038020c0      0x6d8 build/src/main.o
                0x00000000038020c0                teleop()
 .text.main     0x0000000003802798       0x58 build/src/main.o
                0x0000000003802798                main
 .text._GLOBAL__sub_I_main.cpp
                0x00000000038027f0      0x2d8 build/src/main.o
 .text.vexMain  0x0000000003802ac8       0xb0 /Applications/VEXcode V5 Text.app/Contents/Resources/sdk/vexv5/libv5rt.a(v5_startup.c.obj)
                0x0000000003802ac8                vexMain
 .text.__vex_function_prolog
                0x0000000003802b78       0x18 /Applications/VEXcode V5 Text.app/Contents/Resources/sdk/vexv5/libv5rt.a(v5_startup.c.obj)
                0x0000000003802b78                __vex_function_prolog
 .text._init    0x0000000003802b90        0x4 /Applications/VEXcode V5 Text.app/Contents/Resources/sdk/vexv5/libv5rt.a(v5_startup.c.obj)
                0x0000000003802b90                _init
 .text._fini    0x0000000003802b94        0x4 /Applications/VEXcode V5 Text.app/Contents/Resources/sdk/vexv5/libv5rt.a(v5_startup.c.obj)
                0x0000000003802b94                _fini
 .text.vexStdlibVersionLinked
                0x0000000003802b98        0xc /Applications/VEXcode V5 Text.app/Contents/Resources/sdk/vexv5/libv5rt.a(v5_util.c.obj)
                0x0000000003802b98                vexStdlibVersionLinked
 .text.vexStdlibVersionVerify
                0x0000000003802ba4       0x30 /Applications/VEXcode V5 Text.app/Contents/Resources/sdk/vexv5/libv5rt.a(v5_util.c.obj)
                0x0000000003802ba4                vexStdlibVersionVerify
 .text.vexPrivateApiEnable
                0x0000000003802bd4       0x10 /Applications/VEXcode V5 Text.app/Contents/Resources/sdk/vexv5/libv5rt.a(v5_apijump.c.obj)
                0x0000000003802bd4                vexPrivateApiEnable
 .text.vexStdlibMismatchError
                0x0000000003802be4       0x3c /Applications/VEXcode V5 Text.app/Contents/Resources/sdk/vexv5/libv5rt.a(v5_apijump.c.obj)
                0x0000000003802be4                vexStdlibMismatchError
 .text.vexTaskAdd
                0x0000000003802c20       0x10 /Applications/VEXcode V5 Text.app/Contents/Resources/sdk/vexv5/libv5rt.a(v5_apijump.c.obj)
                0x0000000003802c20                vexTaskAdd
 .text.vexTaskStop
                0x0000000003802c30       0x10 /Applications/VEXcode V5 Text.app/Contents/Resources/sdk/vexv5/libv5rt.a(v5_apijump.c.obj)
                0x0000000003802c30                vexTaskStop
 .text.vexTasksRun
                0x0000000003802c40       0x10 /Applications/VEXcode V5 Text.app/Contents/Resources/sdk/vexv5/libv5rt.a(v5_apijump.c.obj)
                0x0000000003802c40                vexTasksRun
 .text.vexTaskYield
                0x0000000003802c50       0x10 /Applications/VEXcode V5 Text.app/Contents/Resources/sdk/vexv5/libv5rt.a(v5_apijump.c.obj)
                0x0000000003802c50                vexTaskYield
 .text.vexTaskCheckTimeslice
                0x0000000003802c60       0x10 /Applications/VEXcode V5 Text.app/Contents/Resources/sdk/vexv5/libv5rt.a(v5_apijump.c.obj)
                0x0000000003802c60                vexTaskCheckTimeslice
 .text.vexTaskSleep
                0x0000000003802c70       0x10 /Applications/VEXcode V5 Text.app/Contents/Resources/sdk/vexv5/libv5rt.a(v5_apijump.c.obj)
                0x0000000003802c70                vexTaskSleep
 .text.vexTasksDump
                0x0000000003802c80       0x1c /Applications/VEXcode V5 Text.app/Contents/Resources/sdk/vexv5/libv5rt.a(v5_apijump.c.obj)
                0x0000000003802c80                vexTasksDump
 .text.vexTaskGetTaskIndex
                0x0000000003802c9c       0x10 /Applications/VEXcode V5 Text.app/Contents/Resources/sdk/vexv5/libv5rt.a(v5_apijump.c.obj)
                0x0000000003802c9c                vexTaskGetTaskIndex
 .text.vexTaskStopAll
                0x0000000003802cac       0x10 /Applications/VEXcode V5 Text.app/Contents/Resources/sdk/vexv5/libv5rt.a(v5_apijump.c.obj)
                0x0000000003802cac                vexTaskStopAll
 .text.vexTaskRemoveAllUser
                0x0000000003802cbc       0x34 /Applications/VEXcode V5 Text.app/Contents/Resources/sdk/vexv5/libv5rt.a(v5_apijump.c.obj)
                0x0000000003802cbc                vexTaskRemoveAllUser
 .text.vexTaskCompletionIdSet
                0x0000000003802cf0       0x10 /Applications/VEXcode V5 Text.app/Contents/Resources/sdk/vexv5/libv5rt.a(v5_apijump.c.obj)
                0x0000000003802cf0                vexTaskCompletionIdSet
 .text.vexCriticalSection
                0x0000000003802d00       0x2c /Applications/VEXcode V5 Text.app/Contents/Resources/sdk/vexv5/libv5rt.a(v5_apijump.c.obj)
                0x0000000003802d00                vexCriticalSection
 .text.vexEventAdd
                0x0000000003802d2c       0x34 /Applications/VEXcode V5 Text.app/Contents/Resources/sdk/vexv5/libv5rt.a(v5_apijump.c.obj)
                0x0000000003802d2c                vexEventAdd
 .text.vexEventUserIndexGet
                0x0000000003802d60       0x1c /Applications/VEXcode V5 Text.app/Contents/Resources/sdk/vexv5/libv5rt.a(v5_apijump.c.obj)
                0x0000000003802d60                vexEventUserIndexGet
 .text.vexEventAddWithArg
                0x0000000003802d7c       0x3c /Applications/VEXcode V5 Text.app/Contents/Resources/sdk/vexv5/libv5rt.a(v5_apijump.c.obj)
                0x0000000003802d7c                vexEventAddWithArg
 .text.vexEventsCleanup
                0x0000000003802db8       0x2c /Applications/VEXcode V5 Text.app/Contents/Resources/sdk/vexv5/libv5rt.a(v5_apijump.c.obj)
                0x0000000003802db8                vexEventsCleanup
 .text.vexDebug
                0x0000000003802de4       0x38 /Applications/VEXcode V5 Text.app/Contents/Resources/sdk/vexv5/libv5rt.a(v5_apijump.c.obj)
                0x0000000003802de4                vexDebug
 .text.vex_sprintf
                0x0000000003802e1c       0x40 /Applications/VEXcode V5 Text.app/Contents/Resources/sdk/vexv5/libv5rt.a(v5_apijump.c.obj)
                0x0000000003802e1c                vex_sprintf
 .text.vex_vsnprintf
                0x0000000003802e5c       0x3c /Applications/VEXcode V5 Text.app/Contents/Resources/sdk/vexv5/libv5rt.a(v5_apijump.c.obj)
                0x0000000003802e5c                vex_vsnprintf
 .text.vexSystemTimeGet
                0x0000000003802e98       0x1c /Applications/VEXcode V5 Text.app/Contents/Resources/sdk/vexv5/libv5rt.a(v5_apijump.c.obj)
                0x0000000003802e98                vexSystemTimeGet
 .text.vexSystemExitRequest
                0x0000000003802eb4       0x1c /Applications/VEXcode V5 Text.app/Contents/Resources/sdk/vexv5/libv5rt.a(v5_apijump.c.obj)
                0x0000000003802eb4                vexSystemExitRequest
 .text.vexDeviceGetByIndex
                0x0000000003802ed0       0x24 /Applications/VEXcode V5 Text.app/Contents/Resources/sdk/vexv5/libv5rt.a(v5_apijump.c.obj)
                0x0000000003802ed0                vexDeviceGetByIndex
 .text.vexControllerGet
                0x0000000003802ef4       0x2c /Applications/VEXcode V5 Text.app/Contents/Resources/sdk/vexv5/libv5rt.a(v5_apijump.c.obj)
                0x0000000003802ef4                vexControllerGet
 .text.vexDeviceAdiPortConfigSet
                0x0000000003802f20       0x34 /Applications/VEXcode V5 Text.app/Contents/Resources/sdk/vexv5/libv5rt.a(v5_apijump.c.obj)
                0x0000000003802f20                vexDeviceAdiPortConfigSet
 .text.vexDeviceAdiPortConfigGet
                0x0000000003802f54       0x2c /Applications/VEXcode V5 Text.app/Contents/Resources/sdk/vexv5/libv5rt.a(v5_apijump.c.obj)
                0x0000000003802f54                vexDeviceAdiPortConfigGet
 .text.vexDeviceAdiValueGet
                0x0000000003802f80       0x2c /Applications/VEXcode V5 Text.app/Contents/Resources/sdk/vexv5/libv5rt.a(v5_apijump.c.obj)
                0x0000000003802f80                vexDeviceAdiValueGet
 .text.vexDeviceMotorVelocitySet
                0x0000000003802fac       0x2c /Applications/VEXcode V5 Text.app/Contents/Resources/sdk/vexv5/libv5rt.a(v5_apijump.c.obj)
                0x0000000003802fac                vexDeviceMotorVelocitySet
 .text.vexDeviceMotorActualVelocityGet
                0x0000000003802fd8       0x24 /Applications/VEXcode V5 Text.app/Contents/Resources/sdk/vexv5/libv5rt.a(v5_apijump.c.obj)
                0x0000000003802fd8                vexDeviceMotorActualVelocityGet
 .text.vexDeviceMotorZeroPositionFlagGet
                0x0000000003802ffc       0x24 /Applications/VEXcode V5 Text.app/Contents/Resources/sdk/vexv5/libv5rt.a(v5_apijump.c.obj)
                0x0000000003802ffc                vexDeviceMotorZeroPositionFlagGet
 .text.vexDeviceMotorReverseFlagSet
                0x0000000003803020       0x2c /Applications/VEXcode V5 Text.app/Contents/Resources/sdk/vexv5/libv5rt.a(v5_apijump.c.obj)
                0x0000000003803020                vexDeviceMotorReverseFlagSet
 .text.vexDeviceMotorEncoderUnitsSet
                0x000000000380304c       0x2c /Applications/VEXcode V5 Text.app/Contents/Resources/sdk/vexv5/libv5rt.a(v5_apijump.c.obj)
                0x000000000380304c                vexDeviceMotorEncoderUnitsSet
 .text.vexDeviceMotorBrakeModeSet
                0x0000000003803078       0x2c /Applications/VEXcode V5 Text.app/Contents/Resources/sdk/vexv5/libv5rt.a(v5_apijump.c.obj)
                0x0000000003803078                vexDeviceMotorBrakeModeSet
 .text.vexDeviceMotorPositionSet
                0x00000000038030a4       0x34 /Applications/VEXcode V5 Text.app/Contents/Resources/sdk/vexv5/libv5rt.a(v5_apijump.c.obj)
                0x00000000038030a4                vexDeviceMotorPositionSet
 .text.vexDeviceMotorRelativeTargetSet
                0x00000000038030d8       0x3c /Applications/VEXcode V5 Text.app/Contents/Resources/sdk/vexv5/libv5rt.a(v5_apijump.c.obj)
                0x00000000038030d8                vexDeviceMotorRelativeTargetSet
 .text.vexDeviceMotorGearingSet
                0x0000000003803114       0x2c /Applications/VEXcode V5 Text.app/Contents/Resources/sdk/vexv5/libv5rt.a(v5_apijump.c.obj)
                0x0000000003803114                vexDeviceMotorGearingSet
 .text.vexDeviceMotorGearingGet
                0x0000000003803140       0x24 /Applications/VEXcode V5 Text.app/Contents/Resources/sdk/vexv5/libv5rt.a(v5_apijump.c.obj)
                0x0000000003803140                vexDeviceMotorGearingGet
 .text.vexDisplayForegroundColor
                0x0000000003803164       0x24 /Applications/VEXcode V5 Text.app/Contents/Resources/sdk/vexv5/libv5rt.a(v5_apijump.c.obj)
                0x0000000003803164                vexDisplayForegroundColor
 .text.vexDisplayBackgroundColor
                0x0000000003803188       0x24 /Applications/VEXcode V5 Text.app/Contents/Resources/sdk/vexv5/libv5rt.a(v5_apijump.c.obj)
                0x0000000003803188                vexDisplayBackgroundColor
 .text.vexDisplayBackgroundColorGet
                0x00000000038031ac       0x1c /Applications/VEXcode V5 Text.app/Contents/Resources/sdk/vexv5/libv5rt.a(v5_apijump.c.obj)
                0x00000000038031ac                vexDisplayBackgroundColorGet
 .text.vexDisplayRectDraw
                0x00000000038031c8       0x4c /Applications/VEXcode V5 Text.app/Contents/Resources/sdk/vexv5/libv5rt.a(v5_apijump.c.obj)
                0x00000000038031c8                vexDisplayRectDraw
 .text.vexDisplayRectClear
                0x0000000003803214       0x4c /Applications/VEXcode V5 Text.app/Contents/Resources/sdk/vexv5/libv5rt.a(v5_apijump.c.obj)
                0x0000000003803214                vexDisplayRectClear
 .text.vexDisplayPrintf
                0x0000000003803260       0x68 /Applications/VEXcode V5 Text.app/Contents/Resources/sdk/vexv5/libv5rt.a(v5_apijump.c.obj)
                0x0000000003803260                vexDisplayPrintf
 .text.vexDisplayTextReference
                0x00000000038032c8       0x24 /Applications/VEXcode V5 Text.app/Contents/Resources/sdk/vexv5/libv5rt.a(v5_apijump.c.obj)
                0x00000000038032c8                vexDisplayTextReference
 .text.vexDisplayTextSize
                0x00000000038032ec       0x2c /Applications/VEXcode V5 Text.app/Contents/Resources/sdk/vexv5/libv5rt.a(v5_apijump.c.obj)
                0x00000000038032ec                vexDisplayTextSize
 .text.vexDisplayFontNamedSet
                0x0000000003803318       0x24 /Applications/VEXcode V5 Text.app/Contents/Resources/sdk/vexv5/libv5rt.a(v5_apijump.c.obj)
                0x0000000003803318                vexDisplayFontNamedSet
 .text.vexDisplayPenSizeGet
                0x000000000380333c       0x1c /Applications/VEXcode V5 Text.app/Contents/Resources/sdk/vexv5/libv5rt.a(v5_apijump.c.obj)
                0x000000000380333c                vexDisplayPenSizeGet
 .text.vexSystemStdlibImpureDataAddr
                0x0000000003803358       0x28 /Applications/VEXcode V5 Text.app/Contents/Resources/sdk/vexv5/libv5rt.a(v5_apijump.c.obj)
                0x0000000003803358                vexSystemStdlibImpureDataAddr
 .text.vexSystemStdlibImpureDataSize
                0x0000000003803380       0x28 /Applications/VEXcode V5 Text.app/Contents/Resources/sdk/vexv5/libv5rt.a(v5_apijump.c.obj)
                0x0000000003803380                vexSystemStdlibImpureDataSize
 .text.vexSystemSaveUserData
                0x00000000038033a8       0x3c /Applications/VEXcode V5 Text.app/Contents/Resources/sdk/vexv5/libv5rt.a(v5_apijump.c.obj)
                0x00000000038033a8                vexSystemSaveUserData
 .text.vexTouchDataGet
                0x00000000038033e4       0x10 /Applications/VEXcode V5 Text.app/Contents/Resources/sdk/vexv5/libv5rt.a(v5_apijump.c.obj)
                0x00000000038033e4                vexTouchDataGet
 .text.vexDisplayThemeIdGet
                0x00000000038033f4       0x38 /Applications/VEXcode V5 Text.app/Contents/Resources/sdk/vexv5/libv5rt.a(v5_apijump.c.obj)
                0x00000000038033f4                vexDisplayThemeIdGet
 .text.vexDeviceEventMaskSet
                0x000000000380342c       0x48 /Applications/VEXcode V5 Text.app/Contents/Resources/sdk/vexv5/libv5rt.a(v5_apijump.c.obj)
                0x000000000380342c                vexDeviceEventMaskSet
 .text.vexDeviceEventMaskGet
                0x0000000003803474       0x3c /Applications/VEXcode V5 Text.app/Contents/Resources/sdk/vexv5/libv5rt.a(v5_apijump.c.obj)
                0x0000000003803474                vexDeviceEventMaskGet
 .text.vexSystemVersion
                0x00000000038034b0       0x10 /Applications/VEXcode V5 Text.app/Contents/Resources/sdk/vexv5/libv5rt.a(v5_apiversions.c.obj)
                0x00000000038034b0                vexSystemVersion
 .text.vexStdlibVersion
                0x00000000038034c0       0x10 /Applications/VEXcode V5 Text.app/Contents/Resources/sdk/vexv5/libv5rt.a(v5_apiversions.c.obj)
                0x00000000038034c0                vexStdlibVersion
 .text._ZN3vex5motor9installedEv
                0x00000000038034d0       0x18 /Applications/VEXcode V5 Text.app/Contents/Resources/sdk/vexv5/libv5rt.a(vex_motor.cpp.obj)
                0x00000000038034d0                vex::motor::installed()
 .text._ZN3vex5motorD2Ev
                0x00000000038034e8       0x20 /Applications/VEXcode V5 Text.app/Contents/Resources/sdk/vexv5/libv5rt.a(vex_motor.cpp.obj)
                0x00000000038034e8                vex::motor::~motor()
                0x00000000038034e8                vex::motor::~motor()
 .text._ZN3vex5motor15defaultStoppingENS_9brakeTypeE
                0x0000000003803508       0x30 /Applications/VEXcode V5 Text.app/Contents/Resources/sdk/vexv5/libv5rt.a(vex_motor.cpp.obj)
                0x0000000003803508                vex::motor::defaultStopping(vex::brakeType)
 .text._ZN3vex5motor11setStoppingENS_9brakeTypeE
                0x0000000003803538        0x4 /Applications/VEXcode V5 Text.app/Contents/Resources/sdk/vexv5/libv5rt.a(vex_motor.cpp.obj)
                0x0000000003803538                vex::motor::setStopping(vex::brakeType)
 .text._ZN3vex5motorC2El
                0x000000000380353c       0x70 /Applications/VEXcode V5 Text.app/Contents/Resources/sdk/vexv5/libv5rt.a(vex_motor.cpp.obj)
                0x000000000380353c                vex::motor::motor(long)
                0x000000000380353c                vex::motor::motor(long)
 .text._ZN3vex5motorC2ElNS_11gearSettingEb
                0x00000000038035ac       0x34 /Applications/VEXcode V5 Text.app/Contents/Resources/sdk/vexv5/libv5rt.a(vex_motor.cpp.obj)
                0x00000000038035ac                vex::motor::motor(long, vex::gearSetting, bool)
                0x00000000038035ac                vex::motor::motor(long, vex::gearSetting, bool)
 .text._ZN3vex5motor10isSpinningEv
                0x00000000038035e0       0x38 /Applications/VEXcode V5 Text.app/Contents/Resources/sdk/vexv5/libv5rt.a(vex_motor.cpp.obj)
                0x00000000038035e0                vex::motor::isSpinning()
 .text._ZN3vex5motor4stopENS_9brakeTypeE
                0x0000000003803618       0x30 /Applications/VEXcode V5 Text.app/Contents/Resources/sdk/vexv5/libv5rt.a(vex_motor.cpp.obj)
                0x0000000003803618                vex::motor::stop(vex::brakeType)
 .text._ZN3vex5motor4stopEv
                0x0000000003803648        0x8 /Applications/VEXcode V5 Text.app/Contents/Resources/sdk/vexv5/libv5rt.a(vex_motor.cpp.obj)
                0x0000000003803648                vex::motor::stop()
 .text._ZN3vex5motor16velocityToScaledEdNS_13velocityUnitsE
                0x0000000003803650       0x5c /Applications/VEXcode V5 Text.app/Contents/Resources/sdk/vexv5/libv5rt.a(vex_motor.cpp.obj)
                0x0000000003803650                vex::motor::velocityToScaled(double, vex::velocityUnits)
 .text._ZN3vex5motor8velocityENS_13velocityUnitsE
                0x00000000038036ac       0x30 /Applications/VEXcode V5 Text.app/Contents/Resources/sdk/vexv5/libv5rt.a(vex_motor.cpp.obj)
                0x00000000038036ac                vex::motor::velocity(vex::velocityUnits)
 .text._ZN3vex5motor5valueEv
                0x00000000038036dc       0x1c /Applications/VEXcode V5 Text.app/Contents/Resources/sdk/vexv5/libv5rt.a(vex_motor.cpp.obj)
                0x00000000038036dc                vex::motor::value()
 .text._ZN3vex5motor16scaledToVelocityEdNS_13velocityUnitsE
                0x00000000038036f8       0xa4 /Applications/VEXcode V5 Text.app/Contents/Resources/sdk/vexv5/libv5rt.a(vex_motor.cpp.obj)
                0x00000000038036f8                vex::motor::scaledToVelocity(double, vex::velocityUnits)
 .text._ZN3vex5motor4spinENS_13directionTypeEdNS_13velocityUnitsE
                0x000000000380379c       0x5c /Applications/VEXcode V5 Text.app/Contents/Resources/sdk/vexv5/libv5rt.a(vex_motor.cpp.obj)
                0x000000000380379c                vex::motor::spin(vex::directionType, double, vex::velocityUnits)
 .text._ZN3vex5motor9rotateForEdNS_9timeUnitsEdNS_13velocityUnitsE
                0x00000000038037f8       0x68 /Applications/VEXcode V5 Text.app/Contents/Resources/sdk/vexv5/libv5rt.a(vex_motor.cpp.obj)
                0x00000000038037f8                vex::motor::rotateFor(double, vex::timeUnits, double, vex::velocityUnits)
 .text._ZN3vex5motor16setRotationUnitsENS_13rotationUnitsE
                0x0000000003803860       0x1c /Applications/VEXcode V5 Text.app/Contents/Resources/sdk/vexv5/libv5rt.a(vex_motor.cpp.obj)
                0x0000000003803860                vex::motor::setRotationUnits(vex::rotationUnits)
 .text._ZN3vex5motor11setRotationEdNS_13rotationUnitsE
                0x000000000380387c       0x44 /Applications/VEXcode V5 Text.app/Contents/Resources/sdk/vexv5/libv5rt.a(vex_motor.cpp.obj)
                0x000000000380387c                vex::motor::setRotation(double, vex::rotationUnits)
 .text._ZN3vex5motor13resetRotationEv
                0x00000000038038c0       0x20 /Applications/VEXcode V5 Text.app/Contents/Resources/sdk/vexv5/libv5rt.a(vex_motor.cpp.obj)
                0x00000000038038c0                vex::motor::resetRotation()
 .text._ZN3vex5motor9rotateForEdNS_13rotationUnitsEdNS_13velocityUnitsEb
                0x00000000038038e0       0xe0 /Applications/VEXcode V5 Text.app/Contents/Resources/sdk/vexv5/libv5rt.a(vex_motor.cpp.obj)
                0x00000000038038e0                vex::motor::rotateFor(double, vex::rotationUnits, double, vex::velocityUnits, bool)
 .text._ZN3vex5motor9rotateForENS_13directionTypeEdNS_13rotationUnitsEdNS_13velocityUnitsEb
                0x00000000038039c0       0x34 /Applications/VEXcode V5 Text.app/Contents/Resources/sdk/vexv5/libv5rt.a(vex_motor.cpp.obj)
                0x00000000038039c0                vex::motor::rotateFor(vex::directionType, double, vex::rotationUnits, double, vex::velocityUnits, bool)
 .text._ZN3vex5motor14startRotateForENS_13directionTypeEdNS_13rotationUnitsEdNS_13velocityUnitsE
                0x00000000038039f4       0x34 /Applications/VEXcode V5 Text.app/Contents/Resources/sdk/vexv5/libv5rt.a(vex_motor.cpp.obj)
                0x00000000038039f4                vex::motor::startRotateFor(vex::directionType, double, vex::rotationUnits, double, vex::velocityUnits)
 .text._ZN3vex5motor14startRotateForEdNS_13rotationUnitsEdNS_13velocityUnitsE
                0x0000000003803a28       0x34 /Applications/VEXcode V5 Text.app/Contents/Resources/sdk/vexv5/libv5rt.a(vex_motor.cpp.obj)
                0x0000000003803a28                vex::motor::startRotateFor(double, vex::rotationUnits, double, vex::velocityUnits)
 .text.startup._GLOBAL__sub_I__ZN3vex5motorC2El
                0x0000000003803a5c       0x30 /Applications/VEXcode V5 Text.app/Contents/Resources/sdk/vexv5/libv5rt.a(vex_motor.cpp.obj)
 .text._ZN3vex10controllerD2Ev
                0x0000000003803a8c        0x4 /Applications/VEXcode V5 Text.app/Contents/Resources/sdk/vexv5/libv5rt.a(vex_controller.cpp.obj)
                0x0000000003803a8c                vex::controller::~controller()
                0x0000000003803a8c                vex::controller::~controller()
 .text._ZN3vex10controller5valueE19_V5_ControllerIndex
                0x0000000003803a90        0x8 /Applications/VEXcode V5 Text.app/Contents/Resources/sdk/vexv5/libv5rt.a(vex_controller.cpp.obj)
                0x0000000003803a90                vex::controller::value(_V5_ControllerIndex)
 .text._ZN3vex10controller6button8pressingEv
                0x0000000003803a98       0xc8 /Applications/VEXcode V5 Text.app/Contents/Resources/sdk/vexv5/libv5rt.a(vex_controller.cpp.obj)
                0x0000000003803a98                vex::controller::button::pressing()
 .text._ZN3vex10controller6button21_buttonToPressedEventEv
                0x0000000003803b60       0x20 /Applications/VEXcode V5 Text.app/Contents/Resources/sdk/vexv5/libv5rt.a(vex_controller.cpp.obj)
                0x0000000003803b60                vex::controller::button::_buttonToPressedEvent()
 .text._ZN3vex10controller6button22_buttonToReleasedEventEv
                0x0000000003803b80       0x20 /Applications/VEXcode V5 Text.app/Contents/Resources/sdk/vexv5/libv5rt.a(vex_controller.cpp.obj)
                0x0000000003803b80                vex::controller::button::_buttonToReleasedEvent()
 .text._ZN3vex10controller6buttonC2ENS0_11tButtonTypeEPS0_
                0x0000000003803ba0       0x48 /Applications/VEXcode V5 Text.app/Contents/Resources/sdk/vexv5/libv5rt.a(vex_controller.cpp.obj)
                0x0000000003803ba0                vex::controller::button::button(vex::controller::tButtonType, vex::controller*)
                0x0000000003803ba0                vex::controller::button::button(vex::controller::tButtonType, vex::controller*)
 .text._ZN3vex10controller4axis5valueEv
                0x0000000003803be8       0x58 /Applications/VEXcode V5 Text.app/Contents/Resources/sdk/vexv5/libv5rt.a(vex_controller.cpp.obj)
                0x0000000003803be8                vex::controller::axis::value()
 .text._ZN3vex10controller4axis23_joystickToChangedEventEv
                0x0000000003803c40       0x20 /Applications/VEXcode V5 Text.app/Contents/Resources/sdk/vexv5/libv5rt.a(vex_controller.cpp.obj)
                0x0000000003803c40                vex::controller::axis::_joystickToChangedEvent()
 .text._ZN3vex10controller4axisC2ENS0_9tAxisTypeEPS0_
                0x0000000003803c60       0x2c /Applications/VEXcode V5 Text.app/Contents/Resources/sdk/vexv5/libv5rt.a(vex_controller.cpp.obj)
                0x0000000003803c60                vex::controller::axis::axis(vex::controller::tAxisType, vex::controller*)
                0x0000000003803c60                vex::controller::axis::axis(vex::controller::tAxisType, vex::controller*)
 .text._ZN3vex10controllerC2ENS_14controllerTypeE
                0x0000000003803c8c      0x204 /Applications/VEXcode V5 Text.app/Contents/Resources/sdk/vexv5/libv5rt.a(vex_controller.cpp.obj)
                0x0000000003803c8c                vex::controller::controller(vex::controllerType)
                0x0000000003803c8c                vex::controller::controller(vex::controllerType)
 .text._ZN3vex4taskC2EPFivE
                0x0000000003803e90       0x54 /Applications/VEXcode V5 Text.app/Contents/Resources/sdk/vexv5/libv5rt.a(vex_task.cpp.obj)
                0x0000000003803e90                vex::task::task(int (*)())
                0x0000000003803e90                vex::task::task(int (*)())
 .text._ZN3vex4taskD2Ev
                0x0000000003803ee4        0x4 /Applications/VEXcode V5 Text.app/Contents/Resources/sdk/vexv5/libv5rt.a(vex_task.cpp.obj)
                0x0000000003803ee4                vex::task::~task()
                0x0000000003803ee4                vex::task::~task()
 .text._ZN3vex4task4stopEPFivE
                0x0000000003803ee8        0xc /Applications/VEXcode V5 Text.app/Contents/Resources/sdk/vexv5/libv5rt.a(vex_task.cpp.obj)
                0x0000000003803ee8                vex::task::stop(int (*)())
 .text._ZN3vex4task5sleepEm
                0x0000000003803ef4        0x4 /Applications/VEXcode V5 Text.app/Contents/Resources/sdk/vexv5/libv5rt.a(vex_task.cpp.obj)
                0x0000000003803ef4                vex::task::sleep(unsigned long)
 .text._ZN3vex4task6_indexEPFivE
                0x0000000003803ef8       0x14 /Applications/VEXcode V5 Text.app/Contents/Resources/sdk/vexv5/libv5rt.a(vex_task.cpp.obj)
                0x0000000003803ef8                vex::task::_index(int (*)())
 .text._ZN3vex4task8_stopAllEv
                0x0000000003803f0c       0x3c /Applications/VEXcode V5 Text.app/Contents/Resources/sdk/vexv5/libv5rt.a(vex_task.cpp.obj)
                0x0000000003803f0c                vex::task::_stopAll()
 .text._ZN3vex6threadC2EPFivE
                0x0000000003803f48       0x54 /Applications/VEXcode V5 Text.app/Contents/Resources/sdk/vexv5/libv5rt.a(vex_thread.cpp.obj)
                0x0000000003803f48                vex::thread::thread(int (*)())
                0x0000000003803f48                vex::thread::thread(int (*)())
 .text._ZN3vex6threadD2Ev
                0x0000000003803f9c        0x4 /Applications/VEXcode V5 Text.app/Contents/Resources/sdk/vexv5/libv5rt.a(vex_thread.cpp.obj)
                0x0000000003803f9c                vex::thread::~thread()
                0x0000000003803f9c                vex::thread::~thread()
 .text._ZN3vex11this_thread9sleep_forEm
                0x0000000003803fa0        0x4 /Applications/VEXcode V5 Text.app/Contents/Resources/sdk/vexv5/libv5rt.a(vex_thread.cpp.obj)
                0x0000000003803fa0                vex::this_thread::sleep_for(unsigned long)
 .text._ZN3vex5event4initEmmPFvvE
                0x0000000003803fa4        0x4 /Applications/VEXcode V5 Text.app/Contents/Resources/sdk/vexv5/libv5rt.a(vex_event.cpp.obj)
                0x0000000003803fa4                vex::event::init(unsigned long, unsigned long, void (*)())
 .text._ZN3vex5event4initEmmPFvPvES1_
                0x0000000003803fa8        0x4 /Applications/VEXcode V5 Text.app/Contents/Resources/sdk/vexv5/libv5rt.a(vex_event.cpp.obj)
                0x0000000003803fa8                vex::event::init(unsigned long, unsigned long, void (*)(void*), void*)
 .text._ZN3vex5event9userindexEv
                0x0000000003803fac        0x4 /Applications/VEXcode V5 Text.app/Contents/Resources/sdk/vexv5/libv5rt.a(vex_event.cpp.obj)
                0x0000000003803fac                vex::event::userindex()
 .text._ZZN3vex6meventC4EmmENUlvE_4_FUNEv
                0x0000000003803fb0        0x4 /Applications/VEXcode V5 Text.app/Contents/Resources/sdk/vexv5/libv5rt.a(vex_mevent.cpp.obj)
 .text._ZN3vex6meventC2Emm
                0x0000000003803fb4       0x70 /Applications/VEXcode V5 Text.app/Contents/Resources/sdk/vexv5/libv5rt.a(vex_mevent.cpp.obj)
                0x0000000003803fb4                vex::mevent::mevent(unsigned long, unsigned long)
                0x0000000003803fb4                vex::mevent::mevent(unsigned long, unsigned long)
 .text._ZN3vex5brainD2Ev
                0x0000000003804024       0x20 /Applications/VEXcode V5 Text.app/Contents/Resources/sdk/vexv5/libv5rt.a(vex_brain.cpp.obj)
                0x0000000003804024                vex::brain::~brain()
                0x0000000003804024                vex::brain::~brain()
 .text._ZN3vex5brain9_getIndexEv
                0x0000000003804044       0x10 /Applications/VEXcode V5 Text.app/Contents/Resources/sdk/vexv5/libv5rt.a(vex_brain.cpp.obj)
                0x0000000003804044                vex::brain::_getIndex()
 .text._ZN3vex5brain3lcd9setCursorEll
                0x0000000003804054       0x44 /Applications/VEXcode V5 Text.app/Contents/Resources/sdk/vexv5/libv5rt.a(vex_brain.cpp.obj)
                0x0000000003804054                vex::brain::lcd::setCursor(long, long)
 .text._ZN3vex5brain3lcd7setFontENS_8fontTypeE
                0x0000000003804098      0x228 /Applications/VEXcode V5 Text.app/Contents/Resources/sdk/vexv5/libv5rt.a(vex_brain.cpp.obj)
                0x0000000003804098                vex::brain::lcd::setFont(vex::fontType)
 .text._ZN3vex5brain3lcdC2Ev
                0x00000000038042c0       0x94 /Applications/VEXcode V5 Text.app/Contents/Resources/sdk/vexv5/libv5rt.a(vex_brain.cpp.obj)
                0x00000000038042c0                vex::brain::lcd::lcd()
                0x00000000038042c0                vex::brain::lcd::lcd()
 .text._ZN3vex5brainC2Ev
                0x0000000003804354       0x40 /Applications/VEXcode V5 Text.app/Contents/Resources/sdk/vexv5/libv5rt.a(vex_brain.cpp.obj)
                0x0000000003804354                vex::brain::brain()
                0x0000000003804354                vex::brain::brain()
 .text._ZN3vex5brain3lcd11setPenColorERKNS_5colorE
                0x0000000003804394       0x14 /Applications/VEXcode V5 Text.app/Contents/Resources/sdk/vexv5/libv5rt.a(vex_brain.cpp.obj)
                0x0000000003804394                vex::brain::lcd::setPenColor(vex::color const&)
 .text._ZN3vex5brain3lcd12setFillColorERKNS_5colorE
                0x00000000038043a8       0x38 /Applications/VEXcode V5 Text.app/Contents/Resources/sdk/vexv5/libv5rt.a(vex_brain.cpp.obj)
                0x00000000038043a8                vex::brain::lcd::setFillColor(vex::color const&)
 .text._ZN3vex5brain3lcd7printAtEllbPKcz
                0x00000000038043e0       0x64 /Applications/VEXcode V5 Text.app/Contents/Resources/sdk/vexv5/libv5rt.a(vex_brain.cpp.obj)
                0x00000000038043e0                vex::brain::lcd::printAt(long, long, bool, char const*, ...)
 .text._ZN3vex5brain3lcd12_clearScreenEm
                0x0000000003804444       0x38 /Applications/VEXcode V5 Text.app/Contents/Resources/sdk/vexv5/libv5rt.a(vex_brain.cpp.obj)
                0x0000000003804444                vex::brain::lcd::_clearScreen(unsigned long)
 .text._ZN3vex5brain3lcd11clearScreenERKNS_5colorE
                0x000000000380447c       0x20 /Applications/VEXcode V5 Text.app/Contents/Resources/sdk/vexv5/libv5rt.a(vex_brain.cpp.obj)
                0x000000000380447c                vex::brain::lcd::clearScreen(vex::color const&)
 .text._ZN3vex5brain3lcd11clearScreenEv
                0x000000000380449c       0x2c /Applications/VEXcode V5 Text.app/Contents/Resources/sdk/vexv5/libv5rt.a(vex_brain.cpp.obj)
                0x000000000380449c                vex::brain::lcd::clearScreen()
 .text._ZN3vex5brain3lcd13drawRectangleEiiii
                0x00000000038044c8       0xdc /Applications/VEXcode V5 Text.app/Contents/Resources/sdk/vexv5/libv5rt.a(vex_brain.cpp.obj)
                0x00000000038044c8                vex::brain::lcd::drawRectangle(int, int, int, int)
 .text._ZN3vex5brain3lcd9xPositionEv
                0x00000000038045a4       0x24 /Applications/VEXcode V5 Text.app/Contents/Resources/sdk/vexv5/libv5rt.a(vex_brain.cpp.obj)
                0x00000000038045a4                vex::brain::lcd::xPosition()
 .text._ZN3vex5brain3lcd9yPositionEv
                0x00000000038045c8       0x24 /Applications/VEXcode V5 Text.app/Contents/Resources/sdk/vexv5/libv5rt.a(vex_brain.cpp.obj)
                0x00000000038045c8                vex::brain::lcd::yPosition()
 .text._ZN3vex5brain3lcd7pressedEPFvvE
                0x00000000038045ec       0x1c /Applications/VEXcode V5 Text.app/Contents/Resources/sdk/vexv5/libv5rt.a(vex_brain.cpp.obj)
                0x00000000038045ec                vex::brain::lcd::pressed(void (*)())
 .text._ZN3vex5brain3lcd8hueToRgbEm
                0x0000000003804608       0xe0 /Applications/VEXcode V5 Text.app/Contents/Resources/sdk/vexv5/libv5rt.a(vex_brain.cpp.obj)
                0x0000000003804608                vex::brain::lcd::hueToRgb(unsigned long)
 .text._ZN3vex5brain3lcd12setFillColorEi
                0x00000000038046e8       0x1c /Applications/VEXcode V5 Text.app/Contents/Resources/sdk/vexv5/libv5rt.a(vex_brain.cpp.obj)
                0x00000000038046e8                vex::brain::lcd::setFillColor(int)
 .text._ZN3vex11competition8_disableEPv
                0x0000000003804704       0x9c /Applications/VEXcode V5 Text.app/Contents/Resources/sdk/vexv5/libv5rt.a(vex_competition.cpp.obj)
                0x0000000003804704                vex::competition::_disable(void*)
 .text._ZN3vex11competition11_autonomousEv
                0x00000000038047a0       0x7c /Applications/VEXcode V5 Text.app/Contents/Resources/sdk/vexv5/libv5rt.a(vex_competition.cpp.obj)
                0x00000000038047a0                vex::competition::_autonomous()
 .text._ZN3vex11competition14_drivercontrolEv
                0x000000000380481c       0x7c /Applications/VEXcode V5 Text.app/Contents/Resources/sdk/vexv5/libv5rt.a(vex_competition.cpp.obj)
                0x000000000380481c                vex::competition::_drivercontrol()
 .text._ZN3vex11competitionC2Ev
                0x0000000003804898      0x13c /Applications/VEXcode V5 Text.app/Contents/Resources/sdk/vexv5/libv5rt.a(vex_competition.cpp.obj)
                0x0000000003804898                vex::competition::competition()
                0x0000000003804898                vex::competition::competition()
 .text._ZN3vex11competitionD2Ev
                0x00000000038049d4        0x4 /Applications/VEXcode V5 Text.app/Contents/Resources/sdk/vexv5/libv5rt.a(vex_competition.cpp.obj)
                0x00000000038049d4                vex::competition::~competition()
                0x00000000038049d4                vex::competition::~competition()
 .text._ZN3vex11competition10autonomousEPFvvE
                0x00000000038049d8       0x44 /Applications/VEXcode V5 Text.app/Contents/Resources/sdk/vexv5/libv5rt.a(vex_competition.cpp.obj)
                0x00000000038049d8                vex::competition::autonomous(void (*)())
 .text._ZN3vex11competition13drivercontrolEPFvvE
                0x0000000003804a1c       0x44 /Applications/VEXcode V5 Text.app/Contents/Resources/sdk/vexv5/libv5rt.a(vex_competition.cpp.obj)
                0x0000000003804a1c                vex::competition::drivercontrol(void (*)())
 .text._ZN3vex7triport9installedEv
                0x0000000003804a60       0x18 /Applications/VEXcode V5 Text.app/Contents/Resources/sdk/vexv5/libv5rt.a(vex_triport.cpp.obj)
                0x0000000003804a60                vex::triport::installed()
 .text._ZN3vex7triportD2Ev
                0x0000000003804a78       0x38 /Applications/VEXcode V5 Text.app/Contents/Resources/sdk/vexv5/libv5rt.a(vex_triport.cpp.obj)
                0x0000000003804a78                vex::triport::~triport()
                0x0000000003804a78                vex::triport::~triport()
 .text._ZN3vex7triport4portC2ElPS0_
                0x0000000003804ab0       0x90 /Applications/VEXcode V5 Text.app/Contents/Resources/sdk/vexv5/libv5rt.a(vex_triport.cpp.obj)
                0x0000000003804ab0                vex::triport::port::port(long, vex::triport*)
                0x0000000003804ab0                vex::triport::port::port(long, vex::triport*)
 .text._ZN3vex7triportC2El
                0x0000000003804b40       0xf0 /Applications/VEXcode V5 Text.app/Contents/Resources/sdk/vexv5/libv5rt.a(vex_triport.cpp.obj)
                0x0000000003804b40                vex::triport::triport(long)
                0x0000000003804b40                vex::triport::triport(long)
 .text._ZN3vex7triport4port4typeENS_11triportTypeE
                0x0000000003804c30       0x34 /Applications/VEXcode V5 Text.app/Contents/Resources/sdk/vexv5/libv5rt.a(vex_triport.cpp.obj)
                0x0000000003804c30                vex::triport::port::type(vex::triportType)
 .text._ZN3vex7triport4port4typeEv
                0x0000000003804c64       0x38 /Applications/VEXcode V5 Text.app/Contents/Resources/sdk/vexv5/libv5rt.a(vex_triport.cpp.obj)
                0x0000000003804c64                vex::triport::port::type()
 .text._ZN3vex7triport4port5valueEv
                0x0000000003804c9c       0x14 /Applications/VEXcode V5 Text.app/Contents/Resources/sdk/vexv5/libv5rt.a(vex_triport.cpp.obj)
                0x0000000003804c9c                vex::triport::port::value()
 .text._ZN3vex7triport4port14_convertAnalogENS_11analogUnitsE
                0x0000000003804cb0       0x58 /Applications/VEXcode V5 Text.app/Contents/Resources/sdk/vexv5/libv5rt.a(vex_triport.cpp.obj)
                0x0000000003804cb0                vex::triport::port::_convertAnalog(vex::analogUnits)
 .text._ZN3vex11__trideviceC2ERNS_7triport4portENS_11triportTypeE
                0x0000000003804d08       0x5c /Applications/VEXcode V5 Text.app/Contents/Resources/sdk/vexv5/libv5rt.a(vex_triport.cpp.obj)
                0x0000000003804d08                vex::__tridevice::__tridevice(vex::triport::port&, vex::triportType)
                0x0000000003804d08                vex::__tridevice::__tridevice(vex::triport::port&, vex::triportType)
 .text._ZN3vex11__tridevice14_convertAnalogENS_11analogUnitsE
                0x0000000003804d64        0x8 /Applications/VEXcode V5 Text.app/Contents/Resources/sdk/vexv5/libv5rt.a(vex_triport.cpp.obj)
                0x0000000003804d64                vex::__tridevice::_convertAnalog(vex::analogUnits)
 .text._ZN3vex3potC2ERNS_7triport4portE
                0x0000000003804d6c       0x20 /Applications/VEXcode V5 Text.app/Contents/Resources/sdk/vexv5/libv5rt.a(vex_triport.cpp.obj)
                0x0000000003804d6c                vex::pot::pot(vex::triport::port&)
                0x0000000003804d6c                vex::pot::pot(vex::triport::port&)
 .text._ZN3vex3potD2Ev
                0x0000000003804d8c        0x4 /Applications/VEXcode V5 Text.app/Contents/Resources/sdk/vexv5/libv5rt.a(vex_triport.cpp.obj)
                0x0000000003804d8c                vex::pot::~pot()
                0x0000000003804d8c                vex::pot::~pot()
 .text._ZN3vex3pot5valueENS_13rotationUnitsE
                0x0000000003804d90       0x60 /Applications/VEXcode V5 Text.app/Contents/Resources/sdk/vexv5/libv5rt.a(vex_triport.cpp.obj)
                0x0000000003804d90                vex::pot::value(vex::rotationUnits)
 .text.startup._GLOBAL__sub_I__ZN3vex7triportC2El
                0x0000000003804df0       0x30 /Applications/VEXcode V5 Text.app/Contents/Resources/sdk/vexv5/libv5rt.a(vex_triport.cpp.obj)
 .text._ZN3vex5colorD2Ev
                0x0000000003804e20        0x4 /Applications/VEXcode V5 Text.app/Contents/Resources/sdk/vexv5/libv5rt.a(vex_color.cpp.obj)
                0x0000000003804e20                vex::color::~color()
                0x0000000003804e20                vex::color::~color()
 .text._ZNK3vex5colorcvmEv
                0x0000000003804e24        0x8 /Applications/VEXcode V5 Text.app/Contents/Resources/sdk/vexv5/libv5rt.a(vex_color.cpp.obj)
                0x0000000003804e24                vex::color::operator unsigned long() const
 .text._ZNK3vex5color13isTransparentEv
                0x0000000003804e2c        0x8 /Applications/VEXcode V5 Text.app/Contents/Resources/sdk/vexv5/libv5rt.a(vex_color.cpp.obj)
                0x0000000003804e2c                vex::color::isTransparent() const
 .text.startup._GLOBAL__sub_I__ZN3vex5color5blackE
                0x0000000003804e34      0x164 /Applications/VEXcode V5 Text.app/Contents/Resources/sdk/vexv5/libv5rt.a(vex_color.cpp.obj)
 .text._ZN3vex5timerD2Ev
                0x0000000003804f98        0x4 /Applications/VEXcode V5 Text.app/Contents/Resources/sdk/vexv5/libv5rt.a(vex_timer.cpp.obj)
                0x0000000003804f98                vex::timer::~timer()
                0x0000000003804f98                vex::timer::~timer()
 .text._ZN3vex5timer5clearEv
                0x0000000003804f9c       0x1c /Applications/VEXcode V5 Text.app/Contents/Resources/sdk/vexv5/libv5rt.a(vex_timer.cpp.obj)
                0x0000000003804f9c                vex::timer::clear()
 .text._ZN3vex5timerC2Ev
                0x0000000003804fb8       0x14 /Applications/VEXcode V5 Text.app/Contents/Resources/sdk/vexv5/libv5rt.a(vex_timer.cpp.obj)
                0x0000000003804fb8                vex::timer::timer()
                0x0000000003804fb8                vex::timer::timer()
 .text.vexAdiPortConfigSet
                0x0000000003804fcc       0x28 /Applications/VEXcode V5 Text.app/Contents/Resources/sdk/vexv5/libv5rt.a(v5_apiuser.c.obj)
                0x0000000003804fcc                vexAdiPortConfigSet
 .text.vexAdiPortConfigGet
                0x0000000003804ff4       0x28 /Applications/VEXcode V5 Text.app/Contents/Resources/sdk/vexv5/libv5rt.a(v5_apiuser.c.obj)
                0x0000000003804ff4                vexAdiPortConfigGet
 .text.vexAdiValueGet
                0x000000000380501c       0x20 /Applications/VEXcode V5 Text.app/Contents/Resources/sdk/vexv5/libv5rt.a(v5_apiuser.c.obj)
                0x000000000380501c                vexAdiValueGet
 .text.vexMotorVelocitySet
                0x000000000380503c       0x20 /Applications/VEXcode V5 Text.app/Contents/Resources/sdk/vexv5/libv5rt.a(v5_apiuser.c.obj)
                0x000000000380503c                vexMotorVelocitySet
 .text.vexMotorActualVelocityGet
                0x000000000380505c       0x24 /Applications/VEXcode V5 Text.app/Contents/Resources/sdk/vexv5/libv5rt.a(v5_apiuser.c.obj)
                0x000000000380505c                vexMotorActualVelocityGet
 .text.vexMotorZeroPositionFlagGet
                0x0000000003805080       0x18 /Applications/VEXcode V5 Text.app/Contents/Resources/sdk/vexv5/libv5rt.a(v5_apiuser.c.obj)
                0x0000000003805080                vexMotorZeroPositionFlagGet
 .text.vexMotorReverseFlagSet
                0x0000000003805098       0x20 /Applications/VEXcode V5 Text.app/Contents/Resources/sdk/vexv5/libv5rt.a(v5_apiuser.c.obj)
                0x0000000003805098                vexMotorReverseFlagSet
 .text.vexMotorEncoderUnitsSet
                0x00000000038050b8       0x20 /Applications/VEXcode V5 Text.app/Contents/Resources/sdk/vexv5/libv5rt.a(v5_apiuser.c.obj)
                0x00000000038050b8                vexMotorEncoderUnitsSet
 .text.vexMotorBrakeModeSet
                0x00000000038050d8       0x20 /Applications/VEXcode V5 Text.app/Contents/Resources/sdk/vexv5/libv5rt.a(v5_apiuser.c.obj)
                0x00000000038050d8                vexMotorBrakeModeSet
 .text.vexMotorPositionSet
                0x00000000038050f8       0x28 /Applications/VEXcode V5 Text.app/Contents/Resources/sdk/vexv5/libv5rt.a(v5_apiuser.c.obj)
                0x00000000038050f8                vexMotorPositionSet
 .text.vexMotorRelativeTargetSet
                0x0000000003805120       0x30 /Applications/VEXcode V5 Text.app/Contents/Resources/sdk/vexv5/libv5rt.a(v5_apiuser.c.obj)
                0x0000000003805120                vexMotorRelativeTargetSet
 .text.vexMotorGearingSet
                0x0000000003805150       0x20 /Applications/VEXcode V5 Text.app/Contents/Resources/sdk/vexv5/libv5rt.a(v5_apiuser.c.obj)
                0x0000000003805150                vexMotorGearingSet
 .text.vexMotorGearingGet
                0x0000000003805170       0x18 /Applications/VEXcode V5 Text.app/Contents/Resources/sdk/vexv5/libv5rt.a(v5_apiuser.c.obj)
                0x0000000003805170                vexMotorGearingGet
 .text.vexEventMaskSet
                0x0000000003805188       0x28 /Applications/VEXcode V5 Text.app/Contents/Resources/sdk/vexv5/libv5rt.a(v5_apiuser.c.obj)
                0x0000000003805188                vexEventMaskSet
 .text.vexEventMaskGet
                0x00000000038051b0       0x18 /Applications/VEXcode V5 Text.app/Contents/Resources/sdk/vexv5/libv5rt.a(v5_apiuser.c.obj)
                0x00000000038051b0                vexEventMaskGet
 .text._ZN3vex6device5valueEv
                0x00000000038051c8        0x8 /Applications/VEXcode V5 Text.app/Contents/Resources/sdk/vexv5/libv5rt.a(vex_device.cpp.obj)
                0x00000000038051c8                vex::device::value()
 .text._ZN3vex6deviceD2Ev
                0x00000000038051d0        0x4 /Applications/VEXcode V5 Text.app/Contents/Resources/sdk/vexv5/libv5rt.a(vex_device.cpp.obj)
                0x00000000038051d0                vex::device::~device()
                0x00000000038051d0                vex::device::~device()
 .text._ZN3vex6device4initEl
                0x00000000038051d4       0x30 /Applications/VEXcode V5 Text.app/Contents/Resources/sdk/vexv5/libv5rt.a(vex_device.cpp.obj)
                0x00000000038051d4                vex::device::init(long)
 .text._ZN3vex6deviceC2El
                0x0000000003805204       0x20 /Applications/VEXcode V5 Text.app/Contents/Resources/sdk/vexv5/libv5rt.a(vex_device.cpp.obj)
                0x0000000003805204                vex::device::device(long)
                0x0000000003805204                vex::device::device(long)
 .text._ZN3vex6device4typeEv
                0x0000000003805224       0x10 /Applications/VEXcode V5 Text.app/Contents/Resources/sdk/vexv5/libv5rt.a(vex_device.cpp.obj)
                0x0000000003805224                vex::device::type()
 .text._ZN3vex6device9installedEv
                0x0000000003805234       0x14 /Applications/VEXcode V5 Text.app/Contents/Resources/sdk/vexv5/libv5rt.a(vex_device.cpp.obj)
                0x0000000003805234                vex::device::installed()
 .text.__libc_fini_array
                0x0000000003805248       0x30 /Applications/VEXcode V5 Text.app/Contents/Resources/sdk/vexv5/gcc/libs/libc.a(lib_a-fini.o)
                0x0000000003805248                __libc_fini_array
 .text.__libc_init_array
                0x0000000003805278       0x58 /Applications/VEXcode V5 Text.app/Contents/Resources/sdk/vexv5/gcc/libs/libc.a(lib_a-init.o)
                0x0000000003805278                __libc_init_array
 .text.__libc_init_array.__stub
                0x00000000038052d0       0x10 linker stubs
 *(.gnu.linkonce.t.*)
 *(.plt)
 *(.gnu_warning)
 *(.gcc_except_table)
 *(.glue_7)
 .glue_7        0x00000000038052e0        0x0 linker stubs
 *(.glue_7t)
 .glue_7t       0x00000000038052e0        0x0 linker stubs
 *(.vfp11_veneer)
 .vfp11_veneer  0x00000000038052e0        0x0 linker stubs
 *(.ARM.extab)
 *(.gnu.linkonce.armextab.*)

.v4_bx          0x00000000038052e0        0x0
 .v4_bx         0x00000000038052e0        0x0 linker stubs

.iplt           0x00000000038052e0        0x0
 .iplt          0x00000000038052e0        0x0 build/src/main.o

.init
 *(.init)

.fini
 *(.fini)

.rodata         0x00000000038052e0      0x22c
                0x00000000038052e0                __rodata_start = .
 *(.rodata)
 *(.rodata.*)
 .rodata.str1.1
                0x00000000038052e0      0x128 build/src/main.o
                                        0x12a (size before relaxing)
 .rodata..Lswitch.table._Z4drawv
                0x0000000003805408       0x10 build/src/main.o
 .rodata.str1.1
                0x0000000003805418       0x2e /Applications/VEXcode V5 Text.app/Contents/Resources/sdk/vexv5/libv5rt.a(v5_startup.c.obj)
 *fill*         0x0000000003805446        0x2 
 .rodata._ZN3vex6PORT22E
                0x0000000003805448        0x4 /Applications/VEXcode V5 Text.app/Contents/Resources/sdk/vexv5/libv5rt.a(vex_global.cpp.obj)
                0x0000000003805448                vex::PORT22
 .rodata._ZN3vex5PORT2E
                0x000000000380544c        0x4 /Applications/VEXcode V5 Text.app/Contents/Resources/sdk/vexv5/libv5rt.a(vex_global.cpp.obj)
                0x000000000380544c                vex::PORT2
 .rodata._ZN3vex6PORT11E
                0x0000000003805450        0x4 /Applications/VEXcode V5 Text.app/Contents/Resources/sdk/vexv5/libv5rt.a(vex_global.cpp.obj)
                0x0000000003805450                vex::PORT11
 .rodata._ZN3vex6PORT12E
                0x0000000003805454        0x4 /Applications/VEXcode V5 Text.app/Contents/Resources/sdk/vexv5/libv5rt.a(vex_global.cpp.obj)
                0x0000000003805454                vex::PORT12
 .rodata._ZN3vex5PORT4E
                0x0000000003805458        0x4 /Applications/VEXcode V5 Text.app/Contents/Resources/sdk/vexv5/libv5rt.a(vex_global.cpp.obj)
                0x0000000003805458                vex::PORT4
 .rodata._ZN3vex5PORT5E
                0x000000000380545c        0x4 /Applications/VEXcode V5 Text.app/Contents/Resources/sdk/vexv5/libv5rt.a(vex_global.cpp.obj)
                0x000000000380545c                vex::PORT5
 .rodata._ZN3vex6PORT13E
                0x0000000003805460        0x4 /Applications/VEXcode V5 Text.app/Contents/Resources/sdk/vexv5/libv5rt.a(vex_global.cpp.obj)
                0x0000000003805460                vex::PORT13
 .rodata._ZN3vex5PORT1E
                0x0000000003805464        0x4 /Applications/VEXcode V5 Text.app/Contents/Resources/sdk/vexv5/libv5rt.a(vex_global.cpp.obj)
                0x0000000003805464                vex::PORT1
 .rodata._ZN3vex5PORT3E
                0x0000000003805468        0x4 /Applications/VEXcode V5 Text.app/Contents/Resources/sdk/vexv5/libv5rt.a(vex_global.cpp.obj)
                0x0000000003805468                vex::PORT3
 *fill*         0x000000000380546c        0x4 
 .rodata._ZTVN3vex5motorE
                0x0000000003805470       0x10 /Applications/VEXcode V5 Text.app/Contents/Resources/sdk/vexv5/libv5rt.a(vex_motor.cpp.obj)
                0x0000000003805470                vtable for vex::motor
 .rodata.CSWTCH.15
                0x0000000003805480        0xb /Applications/VEXcode V5 Text.app/Contents/Resources/sdk/vexv5/libv5rt.a(vex_controller.cpp.obj)
 .rodata.CSWTCH.17
                0x000000000380548b        0xb /Applications/VEXcode V5 Text.app/Contents/Resources/sdk/vexv5/libv5rt.a(vex_controller.cpp.obj)
 .rodata.CSWTCH.23
                0x0000000003805496        0x3 /Applications/VEXcode V5 Text.app/Contents/Resources/sdk/vexv5/libv5rt.a(vex_controller.cpp.obj)
 .rodata.str1.1
                0x0000000003805499        0xa /Applications/VEXcode V5 Text.app/Contents/Resources/sdk/vexv5/libv5rt.a(vex_task.cpp.obj)
 .rodata.str1.1
                0x00000000038054a3        0xa /Applications/VEXcode V5 Text.app/Contents/Resources/sdk/vexv5/libv5rt.a(vex_thread.cpp.obj)
 .rodata.str1.1
                0x00000000038054ad       0x1a /Applications/VEXcode V5 Text.app/Contents/Resources/sdk/vexv5/libv5rt.a(vex_brain.cpp.obj)
 *fill*         0x00000000038054c7        0x1 
 .rodata._ZTVN3vex7triportE
                0x00000000038054c8       0x10 /Applications/VEXcode V5 Text.app/Contents/Resources/sdk/vexv5/libv5rt.a(vex_triport.cpp.obj)
                0x00000000038054c8                vtable for vex::triport
 .rodata.CSWTCH.30
                0x00000000038054d8       0x10 /Applications/VEXcode V5 Text.app/Contents/Resources/sdk/vexv5/libv5rt.a(vex_triport.cpp.obj)
 .rodata.CSWTCH.25
                0x00000000038054e8        0xe /Applications/VEXcode V5 Text.app/Contents/Resources/sdk/vexv5/libv5rt.a(vex_triport.cpp.obj)
 *fill*         0x00000000038054f6        0x2 
 .rodata._ZTVN3vex6deviceE
                0x00000000038054f8       0x10 /Applications/VEXcode V5 Text.app/Contents/Resources/sdk/vexv5/libv5rt.a(vex_device.cpp.obj)
                0x00000000038054f8                vtable for vex::device
 .rodata.str1.4
                0x0000000003805508        0x4 /Applications/VEXcode V5 Text.app/Contents/Resources/sdk/vexv5/gcc/libs/libc.a(lib_a-impure.o)
                                          0x2 (size before relaxing)
 *(.gnu.linkonce.r.*)
                0x000000000380550c                __rodata_end = .

.rodata1        0x000000000380550c        0x0
                0x000000000380550c                __rodata1_start = .
 *(.rodata1)
 *(.rodata1.*)
                0x000000000380550c                __rodata1_end = .

.sdata2         0x000000000380550c        0x0
                0x000000000380550c                __sdata2_start = .
 *(.sdata2)
 *(.sdata2.*)
 *(.gnu.linkonce.s2.*)
                0x000000000380550c                __sdata2_end = .

.sbss2          0x000000000380550c        0x0
                0x000000000380550c                __sbss2_start = .
 *(.sbss2)
 *(.sbss2.*)
 *(.gnu.linkonce.sb2.*)
                0x000000000380550c                __sbss2_end = .

.data           0x0000000003805510      0x57c
                0x0000000003805510                __data_start = .
 *(.data)
 *(.data.*)
 .data.brainHeight
                0x0000000003805510        0x8 build/src/main.o
                0x0000000003805510                brainHeight
 .data.brainWidth
                0x0000000003805518        0x8 build/src/main.o
                0x0000000003805518                brainWidth
 .data.exitBWidth
                0x0000000003805520        0x4 build/src/main.o
                0x0000000003805520                exitBWidth
 .data.exitBHeight
                0x0000000003805524        0x4 build/src/main.o
                0x0000000003805524                exitBHeight
 .data.minHeight
                0x0000000003805528        0x4 build/src/main.o
                0x0000000003805528                minHeight
 .data.maxHeight
                0x000000000380552c        0x4 build/src/main.o
                0x000000000380552c                maxHeight
 .data.inchesPerDriveSensors
                0x0000000003805530        0x8 build/src/main.o
                0x0000000003805530                inchesPerDriveSensors
 .data.degreesPerDriveSensors
                0x0000000003805538        0x8 build/src/main.o
                0x0000000003805538                degreesPerDriveSensors
 .data.controlMode
                0x0000000003805540        0x4 build/src/main.o
                0x0000000003805540                controlMode
 *fill*         0x0000000003805544        0x4 
 .data.armGains
                0x0000000003805548       0x40 build/src/main.o
                0x0000000003805548                armGains
 .data.driveGains
                0x0000000003805588       0x40 build/src/main.o
                0x0000000003805588                driveGains
 .data.driveForDistanceGains
                0x00000000038055c8       0x40 build/src/main.o
                0x00000000038055c8                driveForDistanceGains
 .data.driveForAngleGains
                0x0000000003805608       0x40 build/src/main.o
                0x0000000003805608                driveForAngleGains
 .data.driveScale
                0x0000000003805648        0x8 build/src/main.o
                0x0000000003805648                driveScale
 .data.appRunning
                0x0000000003805650        0x4 /Applications/VEXcode V5 Text.app/Contents/Resources/sdk/vexv5/libv5rt.a(v5_startup.c.obj)
                0x0000000003805650                appRunning
 .data.__yoff   0x0000000003805654        0x4 /Applications/VEXcode V5 Text.app/Contents/Resources/sdk/vexv5/libv5rt.a(v5_apijump.c.obj)
 .data._ZN3vex4holdE
                0x0000000003805658        0x4 /Applications/VEXcode V5 Text.app/Contents/Resources/sdk/vexv5/libv5rt.a(vex_global.cpp.obj)
                0x0000000003805658                vex::hold
 *fill*         0x000000000380565c        0x4 
 .data.impure_data
                0x0000000003805660      0x428 /Applications/VEXcode V5 Text.app/Contents/Resources/sdk/vexv5/gcc/libs/libc.a(lib_a-impure.o)
 .data._impure_ptr
                0x0000000003805a88        0x4 /Applications/VEXcode V5 Text.app/Contents/Resources/sdk/vexv5/gcc/libs/libc.a(lib_a-impure.o)
                0x0000000003805a88                _impure_ptr
 *(.gnu.linkonce.d.*)
 *(.jcr)
 *(.got)
 *(.got.plt)
                0x0000000003805a8c                __data_end = .

.igot.plt       0x0000000003805a8c        0x0
 .igot.plt      0x0000000003805a8c        0x0 build/src/main.o

.data1          0x0000000003805a8c        0x0
                0x0000000003805a8c                __data1_start = .
 *(.data1)
 *(.data1.*)
                0x0000000003805a8c                __data1_end = .

.got
 *(.got)

.ctors          0x0000000003805a8c        0x0
                0x0000000003805a8c                __CTOR_LIST__ = .
                0x0000000003805a8c                ___CTORS_LIST___ = .
 *crtbegin.o(.ctors)
 *(EXCLUDE_FILE(*crtend.o) .ctors)
 *(SORT_BY_NAME(.ctors.*))
 *(.ctors)
                0x0000000003805a8c                __CTOR_END__ = .
                0x0000000003805a8c                ___CTORS_END___ = .

.dtors          0x0000000003805a8c        0x0
                0x0000000003805a8c                __DTOR_LIST__ = .
                0x0000000003805a8c                ___DTORS_LIST___ = .
 *crtbegin.o(.dtors)
 *(EXCLUDE_FILE(*crtend.o) .dtors)
 *(SORT_BY_NAME(.dtors.*))
 *(.dtors)
                0x0000000003805a8c                __DTOR_END__ = .
                0x0000000003805a8c                ___DTORS_END___ = .

.fixup          0x0000000003805a8c        0x0
                0x0000000003805a8c                __fixup_start = .
 *(.fixup)
                0x0000000003805a8c                __fixup_end = .

.eh_frame
 *(.eh_frame)

.eh_framehdr    0x0000000003805a8c        0x0
                0x0000000003805a8c                __eh_framehdr_start = .
 *(.eh_framehdr)
                0x0000000003805a8c                __eh_framehdr_end = .

.gcc_except_table
 *(.gcc_except_table)

.mmu_tbl        0x0000000003808000        0x0
                0x0000000003808000                __mmu_tbl_start = .
 *(.mmu_tbl)
                0x0000000003808000                __mmu_tbl_end = .

.ARM.exidx      0x0000000003805a8c        0x8
                0x0000000003805a8c                __exidx_start = .
 *(.ARM.exidx*)
 .ARM.exidx.text._Z20goToHeightControllerv
                0x0000000003805a8c        0x8 build/src/main.o
 .ARM.exidx.text._Z15driveControllerv
                0x0000000003805a94        0x0 build/src/main.o
                                          0x8 (size before relaxing)
 .ARM.exidx.text._Z19waitForDriveCommandv
                0x0000000003805a94        0x0 build/src/main.o
                                          0x8 (size before relaxing)
 .ARM.exidx.text._Z4dumpb
                0x0000000003805a94        0x0 build/src/main.o
                                          0x8 (size before relaxing)
 .ARM.exidx.text._Z13updateSensorsv
                0x0000000003805a94        0x0 build/src/main.o
                                          0x8 (size before relaxing)
 .ARM.exidx.text._Z9initRobotv
                0x0000000003805a94        0x0 build/src/main.o
                                          0x8 (size before relaxing)
 .ARM.exidx.text._Z13redDumpSimplev
                0x0000000003805a94        0x0 build/src/main.o
                                          0x8 (size before relaxing)
 .ARM.exidx.text._Z8blueDumpv
                0x0000000003805a94        0x0 build/src/main.o
                                          0x8 (size before relaxing)
 .ARM.exidx.text._Z8redTowerv
                0x0000000003805a94        0x0 build/src/main.o
                                          0x8 (size before relaxing)
 .ARM.exidx.text._Z9blueTowerv
                0x0000000003805a94        0x0 build/src/main.o
                                          0x8 (size before relaxing)
 .ARM.exidx.text._Z10autonomousv
                0x0000000003805a94        0x0 build/src/main.o
                                          0x8 (size before relaxing)
 .ARM.exidx.text._Z4drawv
                0x0000000003805a94        0x0 build/src/main.o
                                          0x8 (size before relaxing)
 .ARM.exidx.text._Z11pressDetectv
                0x0000000003805a94        0x0 build/src/main.o
                                          0x8 (size before relaxing)
 .ARM.exidx.text._Z9pre_autonv
                0x0000000003805a94        0x0 build/src/main.o
                                          0x8 (size before relaxing)
 .ARM.exidx.text._Z6teleopv
                0x0000000003805a94        0x0 build/src/main.o
                                          0x8 (size before relaxing)
 .ARM.exidx.text.main
                0x0000000003805a94        0x0 build/src/main.o
                                          0x8 (size before relaxing)
 .ARM.exidx.text._GLOBAL__sub_I_main.cpp
                0x0000000003805a94        0x0 build/src/main.o
                                          0x8 (size before relaxing)
 *(.gnu.linkonce.armexidix.*.*)
                0x0000000003805a94                __exidx_end = .

.rel.dyn        0x0000000003805a94        0x0
 .rel.iplt      0x0000000003805a94        0x0 build/src/main.o

.preinit_array  0x0000000003805a94        0x0
                0x0000000003805a94                __preinit_array_start = .
 *(SORT_BY_NAME(.preinit_array.*))
 *(.preinit_array)
                0x0000000003805a94                __preinit_array_end = .

.init_array     0x0000000003805a94       0x10
                0x0000000003805a94                __init_array_start = .
 *(SORT_BY_NAME(.init_array.*))
 *(.init_array)
 .init_array    0x0000000003805a94        0x4 build/src/main.o
 .init_array    0x0000000003805a98        0x4 /Applications/VEXcode V5 Text.app/Contents/Resources/sdk/vexv5/libv5rt.a(vex_motor.cpp.obj)
 .init_array    0x0000000003805a9c        0x4 /Applications/VEXcode V5 Text.app/Contents/Resources/sdk/vexv5/libv5rt.a(vex_triport.cpp.obj)
 .init_array    0x0000000003805aa0        0x4 /Applications/VEXcode V5 Text.app/Contents/Resources/sdk/vexv5/libv5rt.a(vex_color.cpp.obj)
                0x0000000003805aa4                __init_array_end = .

.fini_array     0x0000000003805aa4        0x0
                0x0000000003805aa4                __fini_array_start = .
 *(SORT_BY_NAME(.fini_array.*))
 *(.fini_array)
                0x0000000003805aa4                __fini_array_end = .

.ARM.attributes
                0x0000000003805aa4       0x3c
                0x0000000003805aa4                __ARM.attributes_start = .
 *(.ARM.attributes)
 .ARM.attributes
                0x0000000003805aa4       0x3a build/src/main.o
 .ARM.attributes
                0x0000000003805ade       0x35 /Applications/VEXcode V5 Text.app/Contents/Resources/sdk/vexv5/libv5rt.a(v5_startup.c.obj)
 .ARM.attributes
                0x0000000003805b13       0x35 /Applications/VEXcode V5 Text.app/Contents/Resources/sdk/vexv5/libv5rt.a(v5_util.c.obj)
 .ARM.attributes
                0x0000000003805b48       0x35 /Applications/VEXcode V5 Text.app/Contents/Resources/sdk/vexv5/libv5rt.a(v5_apijump.c.obj)
 .ARM.attributes
                0x0000000003805b7d       0x35 /Applications/VEXcode V5 Text.app/Contents/Resources/sdk/vexv5/libv5rt.a(v5_apiversions.c.obj)
 .ARM.attributes
                0x0000000003805bb2       0x35 /Applications/VEXcode V5 Text.app/Contents/Resources/sdk/vexv5/libv5rt.a(vex_global.cpp.obj)
 .ARM.attributes
                0x0000000003805be7       0x35 /Applications/VEXcode V5 Text.app/Contents/Resources/sdk/vexv5/libv5rt.a(vex_motor.cpp.obj)
 .ARM.attributes
                0x0000000003805c1c       0x35 /Applications/VEXcode V5 Text.app/Contents/Resources/sdk/vexv5/libv5rt.a(vex_controller.cpp.obj)
 .ARM.attributes
                0x0000000003805c51       0x35 /Applications/VEXcode V5 Text.app/Contents/Resources/sdk/vexv5/libv5rt.a(vex_task.cpp.obj)
 .ARM.attributes
                0x0000000003805c86       0x35 /Applications/VEXcode V5 Text.app/Contents/Resources/sdk/vexv5/libv5rt.a(vex_thread.cpp.obj)
 .ARM.attributes
                0x0000000003805cbb       0x35 /Applications/VEXcode V5 Text.app/Contents/Resources/sdk/vexv5/libv5rt.a(vex_event.cpp.obj)
 .ARM.attributes
                0x0000000003805cf0       0x35 /Applications/VEXcode V5 Text.app/Contents/Resources/sdk/vexv5/libv5rt.a(vex_mevent.cpp.obj)
 .ARM.attributes
                0x0000000003805d25       0x35 /Applications/VEXcode V5 Text.app/Contents/Resources/sdk/vexv5/libv5rt.a(vex_brain.cpp.obj)
 .ARM.attributes
                0x0000000003805d5a       0x35 /Applications/VEXcode V5 Text.app/Contents/Resources/sdk/vexv5/libv5rt.a(vex_competition.cpp.obj)
 .ARM.attributes
                0x0000000003805d8f       0x35 /Applications/VEXcode V5 Text.app/Contents/Resources/sdk/vexv5/libv5rt.a(vex_triport.cpp.obj)
 .ARM.attributes
                0x0000000003805dc4       0x35 /Applications/VEXcode V5 Text.app/Contents/Resources/sdk/vexv5/libv5rt.a(vex_color.cpp.obj)
 .ARM.attributes
                0x0000000003805df9       0x35 /Applications/VEXcode V5 Text.app/Contents/Resources/sdk/vexv5/libv5rt.a(vex_timer.cpp.obj)
 .ARM.attributes
                0x0000000003805e2e       0x35 /Applications/VEXcode V5 Text.app/Contents/Resources/sdk/vexv5/libv5rt.a(v5_apiuser.c.obj)
 .ARM.attributes
                0x0000000003805e63       0x35 /Applications/VEXcode V5 Text.app/Contents/Resources/sdk/vexv5/libv5rt.a(vex_device.cpp.obj)
 .ARM.attributes
                0x0000000003805e98       0x2b /Applications/VEXcode V5 Text.app/Contents/Resources/sdk/vexv5/gcc/libs/libc.a(lib_a-fini.o)
 .ARM.attributes
                0x0000000003805ec3       0x2b /Applications/VEXcode V5 Text.app/Contents/Resources/sdk/vexv5/gcc/libs/libc.a(lib_a-impure.o)
 .ARM.attributes
                0x0000000003805eee       0x2b /Applications/VEXcode V5 Text.app/Contents/Resources/sdk/vexv5/gcc/libs/libc.a(lib_a-init.o)
                0x0000000003805f19                __ARM.attributes_end = .

.sdata          0x0000000003805aa4        0x0
                0x0000000003805aa4                __sdata_start = .
 *(.sdata)
 *(.sdata.*)
 *(.gnu.linkonce.s.*)
                0x0000000003805aa4                __sdata_end = .

.sbss           0x0000000003805aa4        0x0
                0x0000000003805aa4                __sbss_start = .
 *(.sbss)
 *(.sbss.*)
 *(.gnu.linkonce.sb.*)
                0x0000000003805aa4                __sbss_end = .

.tdata          0x0000000003805aa4        0x0
                0x0000000003805aa4                __tdata_start = .
 *(.tdata)
 *(.tdata.*)
 *(.gnu.linkonce.td.*)
                0x0000000003805aa4                __tdata_end = .

.tbss           0x0000000003805aa4        0x0
                0x0000000003805aa4                __tbss_start = .
 *(.tbss)
 *(.tbss.*)
 *(.gnu.linkonce.tb.*)
                0x0000000003805aa4                __tbss_end = .

.bss            0x0000000003805aa8      0x8d5
                0x0000000003805aa8                __bss_start = .
 *(.bss)
 *(.bss.*)
 .bss._ZStL8__ioinit
                0x0000000003805aa8        0x1 build/src/main.o
 *fill*         0x0000000003805aa9        0x3 
 .bss.Brain     0x0000000003805aac      0x2e0 build/src/main.o
                0x0000000003805aac                Brain
 .bss.frameCount
                0x0000000003805d8c        0x4 build/src/main.o
                0x0000000003805d8c                frameCount
 .bss.LeftMotor1
                0x0000000003805d90       0x28 build/src/main.o
                0x0000000003805d90                LeftMotor1
 .bss.RightMotor1
                0x0000000003805db8       0x28 build/src/main.o
                0x0000000003805db8                RightMotor1
 .bss.LeftMotor2
                0x0000000003805de0       0x28 build/src/main.o
                0x0000000003805de0                LeftMotor2
 .bss.RightMotor2
                0x0000000003805e08       0x28 build/src/main.o
                0x0000000003805e08                RightMotor2
 .bss.ArmMotor  0x0000000003805e30       0x28 build/src/main.o
                0x0000000003805e30                ArmMotor
 .bss.LeftTrackMotor
                0x0000000003805e58       0x28 build/src/main.o
                0x0000000003805e58                LeftTrackMotor
 .bss.RightTrackMotor
                0x0000000003805e80       0x28 build/src/main.o
                0x0000000003805e80                RightTrackMotor
 .bss.SlapMotor
                0x0000000003805ea8       0x28 build/src/main.o
                0x0000000003805ea8                SlapMotor
 .bss.Driver    0x0000000003805ed0      0x1e0 build/src/main.o
                0x0000000003805ed0                Driver
 .bss.Operator  0x00000000038060b0      0x1e0 build/src/main.o
                0x00000000038060b0                Operator
 .bss.ArmPot    0x0000000003806290       0x1c build/src/main.o
                0x0000000003806290                ArmPot
 *fill*         0x00000000038062ac        0x4 
 .bss.driveEncoder
                0x00000000038062b0        0x8 build/src/main.o
                0x00000000038062b0                driveEncoder
 .bss.gyroAngle
                0x00000000038062b8        0x8 build/src/main.o
                0x00000000038062b8                gyroAngle
 .bss.autoRoutine
                0x00000000038062c0        0x4 build/src/main.o
                0x00000000038062c0                autoRoutine
 .bss.screen    0x00000000038062c4        0x4 build/src/main.o
                0x00000000038062c4                screen
 .bss.robotInitialized
                0x00000000038062c8        0x1 build/src/main.o
                0x00000000038062c8                robotInitialized
 *fill*         0x00000000038062c9        0x3 
 .bss.Competition
                0x00000000038062cc       0x28 build/src/main.o
                0x00000000038062cc                Competition
 *fill*         0x00000000038062f4        0x4 
 .bss.targetHeight
                0x00000000038062f8        0x8 build/src/main.o
                0x00000000038062f8                targetHeight
 .bss.targetDrive
                0x0000000003806300        0x8 build/src/main.o
                0x0000000003806300                targetDrive
 .bss.doingAngle
                0x0000000003806308        0x1 build/src/main.o
                0x0000000003806308                doingAngle
 *fill*         0x0000000003806309        0x3 
 .bss.__dso_handle
                0x000000000380630c        0x4 /Applications/VEXcode V5 Text.app/Contents/Resources/sdk/vexv5/libv5rt.a(v5_startup.c.obj)
                0x000000000380630c                __dso_handle
 .bss._ZStL8__ioinit
                0x0000000003806310        0x1 /Applications/VEXcode V5 Text.app/Contents/Resources/sdk/vexv5/libv5rt.a(vex_motor.cpp.obj)
 *fill*         0x0000000003806311        0x3 
 .bss._ZN3vex4task8_labelIdE
                0x0000000003806314        0x4 /Applications/VEXcode V5 Text.app/Contents/Resources/sdk/vexv5/libv5rt.a(vex_task.cpp.obj)
                0x0000000003806314                vex::task::_labelId
 .bss._ZN3vex6thread8_labelIdE
                0x0000000003806318        0x4 /Applications/VEXcode V5 Text.app/Contents/Resources/sdk/vexv5/libv5rt.a(vex_thread.cpp.obj)
                0x0000000003806318                vex::thread::_labelId
 .bss._ZN3vex11competition22bStopTasksBetweenModesE
                0x000000000380631c        0x1 /Applications/VEXcode V5 Text.app/Contents/Resources/sdk/vexv5/libv5rt.a(vex_competition.cpp.obj)
                0x000000000380631c                vex::competition::bStopTasksBetweenModes
 .bss._ZN3vex11competition25bStopAllTasksBetweenModesE
                0x000000000380631d        0x1 /Applications/VEXcode V5 Text.app/Contents/Resources/sdk/vexv5/libv5rt.a(vex_competition.cpp.obj)
                0x000000000380631d                vex::competition::bStopAllTasksBetweenModes
 .bss._ZN3vex11competition14_auton_pendingE
                0x000000000380631e        0x1 /Applications/VEXcode V5 Text.app/Contents/Resources/sdk/vexv5/libv5rt.a(vex_competition.cpp.obj)
                0x000000000380631e                vex::competition::_auton_pending
 *fill*         0x000000000380631f        0x1 
 .bss._ZN3vex11competition20_autonomous_callbackE
                0x0000000003806320        0x4 /Applications/VEXcode V5 Text.app/Contents/Resources/sdk/vexv5/libv5rt.a(vex_competition.cpp.obj)
                0x0000000003806320                vex::competition::_autonomous_callback
 .bss._ZN3vex11competition23_drivercontrol_callbackE
                0x0000000003806324        0x4 /Applications/VEXcode V5 Text.app/Contents/Resources/sdk/vexv5/libv5rt.a(vex_competition.cpp.obj)
                0x0000000003806324                vex::competition::_drivercontrol_callback
 .bss._ZN3vex11competition15_driver_pendingE
                0x0000000003806328        0x1 /Applications/VEXcode V5 Text.app/Contents/Resources/sdk/vexv5/libv5rt.a(vex_competition.cpp.obj)
                0x0000000003806328                vex::competition::_driver_pending
 .bss._ZStL8__ioinit
                0x0000000003806329        0x1 /Applications/VEXcode V5 Text.app/Contents/Resources/sdk/vexv5/libv5rt.a(vex_triport.cpp.obj)
 *fill*         0x000000000380632a        0x2 
 .bss._ZN3vex5color6orangeE
                0x000000000380632c        0x8 /Applications/VEXcode V5 Text.app/Contents/Resources/sdk/vexv5/libv5rt.a(vex_color.cpp.obj)
                0x000000000380632c                vex::color::orange
 .bss._ZN3vex5color5blackE
                0x0000000003806334        0x8 /Applications/VEXcode V5 Text.app/Contents/Resources/sdk/vexv5/libv5rt.a(vex_color.cpp.obj)
                0x0000000003806334                vex::color::black
 .bss._ZN3vex5color6yellowE
                0x000000000380633c        0x8 /Applications/VEXcode V5 Text.app/Contents/Resources/sdk/vexv5/libv5rt.a(vex_color.cpp.obj)
                0x000000000380633c                vex::color::yellow
 .bss._ZN3vex5color5greenE
                0x0000000003806344        0x8 /Applications/VEXcode V5 Text.app/Contents/Resources/sdk/vexv5/libv5rt.a(vex_color.cpp.obj)
                0x0000000003806344                vex::color::green
 .bss._ZN3vex5color6purpleE
                0x000000000380634c        0x8 /Applications/VEXcode V5 Text.app/Contents/Resources/sdk/vexv5/libv5rt.a(vex_color.cpp.obj)
                0x000000000380634c                vex::color::purple
 .bss._ZN3vex5color4cyanE
                0x0000000003806354        0x8 /Applications/VEXcode V5 Text.app/Contents/Resources/sdk/vexv5/libv5rt.a(vex_color.cpp.obj)
                0x0000000003806354                vex::color::cyan
 .bss._ZN3vex5color4blueE
                0x000000000380635c        0x8 /Applications/VEXcode V5 Text.app/Contents/Resources/sdk/vexv5/libv5rt.a(vex_color.cpp.obj)
                0x000000000380635c                vex::color::blue
 .bss._ZN3vex5color3redE
                0x0000000003806364        0x8 /Applications/VEXcode V5 Text.app/Contents/Resources/sdk/vexv5/libv5rt.a(vex_color.cpp.obj)
                0x0000000003806364                vex::color::red
 .bss._ZN3vex5color11transparentE
                0x000000000380636c        0x8 /Applications/VEXcode V5 Text.app/Contents/Resources/sdk/vexv5/libv5rt.a(vex_color.cpp.obj)
                0x000000000380636c                vex::color::transparent
 .bss._ZN3vex5color5whiteE
                0x0000000003806374        0x8 /Applications/VEXcode V5 Text.app/Contents/Resources/sdk/vexv5/libv5rt.a(vex_color.cpp.obj)
                0x0000000003806374                vex::color::white
 *(.gnu.linkonce.b.*)
 *(COMMON)
 COMMON         0x000000000380637c        0x1 /Applications/VEXcode V5 Text.app/Contents/Resources/sdk/vexv5/libv5rt.a(v5_startup.c.obj)
                0x000000000380637c                __vex_critical_section
                0x000000000380637d                __bss_end = .
                0x0000000003805aa4                _SDA_BASE_ = (__sdata_start + ((__sbss_end - __sdata_start) / 0x2))
                0x000000000380550c                _SDA2_BASE_ = (__sdata2_start + ((__sbss2_end - __sdata2_start) / 0x2))

.heap           0x000000000380637d   0x100003
                0x0000000003806380                . = ALIGN (0x10)
 *fill*         0x000000000380637d        0x3 
                0x0000000003806380                _heap = .
                0x0000000003806380                HeapBase = .
                0x0000000003806380                _heap_start = .
                0x0000000003906380                . = (. + _HEAP_SIZE)
 *fill*         0x0000000003806380   0x100000 
                0x0000000003906380                _heap_end = .
                0x0000000003906380                HeapLimit = .

.stack          0x0000000003906380     0x3800
                0x0000000003906380                . = ALIGN (0x10)
                0x0000000003906380                _stack_end = .
                0x0000000003908380                . = (. + _STACK_SIZE)
 *fill*         0x0000000003906380     0x2000 
                0x0000000003908380                . = ALIGN (0x10)
                0x0000000003908380                _stack = .
                0x0000000003908380                __stack = _stack
                0x0000000003908380                . = ALIGN (0x10)
                0x0000000003908380                _irq_stack_end = .
                0x0000000003908780                . = (. + _IRQ_STACK_SIZE)
 *fill*         0x0000000003908380      0x400 
                0x0000000003908780                . = ALIGN (0x10)
                0x0000000003908780                __irq_stack = .
                0x0000000003908780                _supervisor_stack_end = .
                0x0000000003908f80                . = (. + _SUPERVISOR_STACK_SIZE)
 *fill*         0x0000000003908780      0x800 
                0x0000000003908f80                . = ALIGN (0x10)
                0x0000000003908f80                __supervisor_stack = .
                0x0000000003908f80                _abort_stack_end = .
                0x0000000003909380                . = (. + _ABORT_STACK_SIZE)
 *fill*         0x0000000003908f80      0x400 
                0x0000000003909380                . = ALIGN (0x10)
                0x0000000003909380                __abort_stack = .
                0x0000000003909380                _fiq_stack_end = .
                0x0000000003909780                . = (. + _FIQ_STACK_SIZE)
 *fill*         0x0000000003909380      0x400 
                0x0000000003909780                . = ALIGN (0x10)
                0x0000000003909780                __fiq_stack = .
                0x0000000003909780                _undef_stack_end = .
                0x0000000003909b80                . = (. + _UNDEF_STACK_SIZE)
 *fill*         0x0000000003909780      0x400 
                0x0000000003909b80                . = ALIGN (0x10)
                0x0000000003909b80                __undef_stack = .
                0x0000000003909b80                _end = .
LOAD /Applications/VEXcode V5 Text.app/Contents/Resources/sdk/vexv5/stdlib_0.lib
LOAD build/src/main.o
START GROUP
LOAD /Applications/VEXcode V5 Text.app/Contents/Resources/sdk/vexv5/libv5rt.a
LOAD /Applications/VEXcode V5 Text.app/Contents/Resources/sdk/vexv5/gcc/libs/libstdc++.a
LOAD /Applications/VEXcode V5 Text.app/Contents/Resources/sdk/vexv5/gcc/libs/libc.a
LOAD /Applications/VEXcode V5 Text.app/Contents/Resources/sdk/vexv5/gcc/libs/libm.a
LOAD /Applications/VEXcode V5 Text.app/Contents/Resources/sdk/vexv5/gcc/libs/libgcc.a
END GROUP
OUTPUT(build/Competition.elf elf32-littlearm)

.comment        0x0000000000000000       0x9d
 .comment       0x0000000000000000       0x2d build/src/main.o
                                         0x2e (size before relaxing)
 .comment       0x000000000000002d       0x70 /Applications/VEXcode V5 Text.app/Contents/Resources/sdk/vexv5/libv5rt.a(v5_startup.c.obj)
                                         0x71 (size before relaxing)
 .comment       0x000000000000009d       0x71 /Applications/VEXcode V5 Text.app/Contents/Resources/sdk/vexv5/libv5rt.a(v5_util.c.obj)
 .comment       0x000000000000009d       0x71 /Applications/VEXcode V5 Text.app/Contents/Resources/sdk/vexv5/libv5rt.a(v5_apijump.c.obj)
 .comment       0x000000000000009d       0x71 /Applications/VEXcode V5 Text.app/Contents/Resources/sdk/vexv5/libv5rt.a(v5_apiversions.c.obj)
 .comment       0x000000000000009d       0x71 /Applications/VEXcode V5 Text.app/Contents/Resources/sdk/vexv5/libv5rt.a(vex_global.cpp.obj)
 .comment       0x000000000000009d       0x71 /Applications/VEXcode V5 Text.app/Contents/Resources/sdk/vexv5/libv5rt.a(vex_motor.cpp.obj)
 .comment       0x000000000000009d       0x71 /Applications/VEXcode V5 Text.app/Contents/Resources/sdk/vexv5/libv5rt.a(vex_controller.cpp.obj)
 .comment       0x000000000000009d       0x71 /Applications/VEXcode V5 Text.app/Contents/Resources/sdk/vexv5/libv5rt.a(vex_task.cpp.obj)
 .comment       0x000000000000009d       0x71 /Applications/VEXcode V5 Text.app/Contents/Resources/sdk/vexv5/libv5rt.a(vex_thread.cpp.obj)
 .comment       0x000000000000009d       0x71 /Applications/VEXcode V5 Text.app/Contents/Resources/sdk/vexv5/libv5rt.a(vex_event.cpp.obj)
 .comment       0x000000000000009d       0x71 /Applications/VEXcode V5 Text.app/Contents/Resources/sdk/vexv5/libv5rt.a(vex_mevent.cpp.obj)
 .comment       0x000000000000009d       0x71 /Applications/VEXcode V5 Text.app/Contents/Resources/sdk/vexv5/libv5rt.a(vex_brain.cpp.obj)
 .comment       0x000000000000009d       0x71 /Applications/VEXcode V5 Text.app/Contents/Resources/sdk/vexv5/libv5rt.a(vex_competition.cpp.obj)
 .comment       0x000000000000009d       0x71 /Applications/VEXcode V5 Text.app/Contents/Resources/sdk/vexv5/libv5rt.a(vex_triport.cpp.obj)
 .comment       0x000000000000009d       0x71 /Applications/VEXcode V5 Text.app/Contents/Resources/sdk/vexv5/libv5rt.a(vex_color.cpp.obj)
 .comment       0x000000000000009d       0x71 /Applications/VEXcode V5 Text.app/Contents/Resources/sdk/vexv5/libv5rt.a(vex_timer.cpp.obj)
 .comment       0x000000000000009d       0x71 /Applications/VEXcode V5 Text.app/Contents/Resources/sdk/vexv5/libv5rt.a(v5_apiuser.c.obj)
 .comment       0x000000000000009d       0x71 /Applications/VEXcode V5 Text.app/Contents/Resources/sdk/vexv5/libv5rt.a(vex_device.cpp.obj)

.note.GNU-stack
                0x0000000000000000        0x0
 .note.GNU-stack
                0x0000000000000000        0x0 build/src/main.o

.debug_frame    0x0000000000000000       0x60
 .debug_frame   0x0000000000000000       0x34 /Applications/VEXcode V5 Text.app/Contents/Resources/sdk/vexv5/gcc/libs/libc.a(lib_a-fini.o)
 .debug_frame   0x0000000000000034       0x2c /Applications/VEXcode V5 Text.app/Contents/Resources/sdk/vexv5/gcc/libs/libc.a(lib_a-init.o)
