Archive member included to satisfy reference by file (symbol)

/Applications/VEXcode V5 Text.app/Contents/Resources/sdk/vexv5/libv5rt.a(v5_startup.c.obj)
                              (vexStartup)
/Applications/VEXcode V5 Text.app/Contents/Resources/sdk/vexv5/libv5rt.a(v5_util.c.obj)
                              /Applications/VEXcode V5 Text.app/Contents/Resources/sdk/vexv5/libv5rt.a(v5_startup.c.obj) (vexStdlibVersionLinked)
/Applications/VEXcode V5 Text.app/Contents/Resources/sdk/vexv5/libv5rt.a(v5_apijump.c.obj)
                              /Applications/VEXcode V5 Text.app/Contents/Resources/sdk/vexv5/libv5rt.a(v5_startup.c.obj) (vexPrivateApiEnable)
/Applications/VEXcode V5 Text.app/Contents/Resources/sdk/vexv5/libv5rt.a(v5_apiversions.c.obj)
                              /Applications/VEXcode V5 Text.app/Contents/Resources/sdk/vexv5/libv5rt.a(v5_apijump.c.obj) (vexSystemVersion)
/Applications/VEXcode V5 Text.app/Contents/Resources/sdk/vexv5/libv5rt.a(vex_global.cpp.obj)
                              build/src/main.o (vex::hold)
/Applications/VEXcode V5 Text.app/Contents/Resources/sdk/vexv5/libv5rt.a(vex_motor.cpp.obj)
                              build/src/main.o (vex::motor::~motor())
/Applications/VEXcode V5 Text.app/Contents/Resources/sdk/vexv5/libv5rt.a(vex_controller.cpp.obj)
                              build/src/main.o (vex::controller::~controller())
/Applications/VEXcode V5 Text.app/Contents/Resources/sdk/vexv5/libv5rt.a(vex_task.cpp.obj)
                              build/src/main.o (vex::task::sleep(unsigned long))
/Applications/VEXcode V5 Text.app/Contents/Resources/sdk/vexv5/libv5rt.a(vex_thread.cpp.obj)
                              build/src/main.o (vex::thread::thread(int (*)()))
/Applications/VEXcode V5 Text.app/Contents/Resources/sdk/vexv5/libv5rt.a(vex_event.cpp.obj)
                              /Applications/VEXcode V5 Text.app/Contents/Resources/sdk/vexv5/libv5rt.a(vex_controller.cpp.obj) (vex::event::init(unsigned long, unsigned long, void (*)()))
/Applications/VEXcode V5 Text.app/Contents/Resources/sdk/vexv5/libv5rt.a(vex_mevent.cpp.obj)
                              /Applications/VEXcode V5 Text.app/Contents/Resources/sdk/vexv5/libv5rt.a(vex_controller.cpp.obj) (vex::mevent::mevent(unsigned long, unsigned long))
/Applications/VEXcode V5 Text.app/Contents/Resources/sdk/vexv5/libv5rt.a(vex_brain.cpp.obj)
                              build/src/main.o (vex::brain::~brain())
/Applications/VEXcode V5 Text.app/Contents/Resources/sdk/vexv5/libv5rt.a(vex_competition.cpp.obj)
                              build/src/main.o (vex::competition::competition())
/Applications/VEXcode V5 Text.app/Contents/Resources/sdk/vexv5/libv5rt.a(vex_triport.cpp.obj)
                              /Applications/VEXcode V5 Text.app/Contents/Resources/sdk/vexv5/libv5rt.a(vex_brain.cpp.obj) (vex::triport::~triport())
/Applications/VEXcode V5 Text.app/Contents/Resources/sdk/vexv5/libv5rt.a(vex_color.cpp.obj)
                              /Applications/VEXcode V5 Text.app/Contents/Resources/sdk/vexv5/libv5rt.a(vex_brain.cpp.obj) (vex::color::operator unsigned long() const)
/Applications/VEXcode V5 Text.app/Contents/Resources/sdk/vexv5/libv5rt.a(vex_timer.cpp.obj)
                              /Applications/VEXcode V5 Text.app/Contents/Resources/sdk/vexv5/libv5rt.a(vex_brain.cpp.obj) (vex::timer::~timer())
/Applications/VEXcode V5 Text.app/Contents/Resources/sdk/vexv5/libv5rt.a(v5_apiuser.c.obj)
                              /Applications/VEXcode V5 Text.app/Contents/Resources/sdk/vexv5/libv5rt.a(vex_triport.cpp.obj) (vexAdiPortConfigSet)
/Applications/VEXcode V5 Text.app/Contents/Resources/sdk/vexv5/libv5rt.a(vex_device.cpp.obj)
                              /Applications/VEXcode V5 Text.app/Contents/Resources/sdk/vexv5/libv5rt.a(vex_triport.cpp.obj) (vex::device::value())
/Applications/VEXcode V5 Text.app/Contents/Resources/sdk/vexv5/gcc/libs/libc.a(lib_a-fini.o)
                              /Applications/VEXcode V5 Text.app/Contents/Resources/sdk/vexv5/libv5rt.a(v5_startup.c.obj) (__libc_fini_array)
/Applications/VEXcode V5 Text.app/Contents/Resources/sdk/vexv5/gcc/libs/libc.a(lib_a-impure.o)
                              /Applications/VEXcode V5 Text.app/Contents/Resources/sdk/vexv5/libv5rt.a(v5_startup.c.obj) (_impure_ptr)
/Applications/VEXcode V5 Text.app/Contents/Resources/sdk/vexv5/gcc/libs/libc.a(lib_a-init.o)
                              /Applications/VEXcode V5 Text.app/Contents/Resources/sdk/vexv5/libv5rt.a(v5_startup.c.obj) (__libc_init_array)
/Applications/VEXcode V5 Text.app/Contents/Resources/sdk/vexv5/gcc/libs/libc.a(lib_a-tolower.o)
                              /Applications/VEXcode V5 Text.app/Contents/Resources/sdk/vexv5/libv5rt.a(vex_brain.cpp.obj) (tolower)
/Applications/VEXcode V5 Text.app/Contents/Resources/sdk/vexv5/gcc/libs/libc.a(lib_a-ctype_.o)
[...]
Memory Configuration

Name             Origin             Length             Attributes
ps7_ddr_0_S_AXI_BASEADDR 0x0000000003800000 0x0000000004800000
*default*        0x0000000000000000 0xffffffffffffffff

Linker script and memory map

                0x0000000000002000                _STACK_SIZE = DEFINED (_STACK_SIZE)?_STACK_SIZE:0x2000
                0x0000000000100000                _HEAP_SIZE = DEFINED (_HEAP_SIZE)?_HEAP_SIZE:0x100000
                0x0000000000000400                _ABORT_STACK_SIZE = DEFINED (_ABORT_STACK_SIZE)?_ABORT_STACK_SIZE:0x400
                0x0000000000000800                _SUPERVISOR_STACK_SIZE = DEFINED (_SUPERVISOR_STACK_SIZE)?_SUPERVISOR_STACK_SIZE:0x800
                0x0000000000000400                _IRQ_STACK_SIZE = DEFINED (_IRQ_STACK_SIZE)?_IRQ_STACK_SIZE:0x400
                0x0000000000000400                _FIQ_STACK_SIZE = DEFINED (_FIQ_STACK_SIZE)?_FIQ_STACK_SIZE:0x400
                0x0000000000000400                _UNDEF_STACK_SIZE = DEFINED (_UNDEF_STACK_SIZE)?_UNDEF_STACK_SIZE:0x400

.text           0x0000000003800000     0x5320
 *(.vectors)
 *(.boot_data)
 .boot_data     0x0000000003800000       0x20 /Applications/VEXcode V5 Text.app/Contents/Resources/sdk/vexv5/libv5rt.a(v5_startup.c.obj)
                0x0000000003800000                vexCodeSig
                0x0000000000000020                . = 0x20
 *(.boot)
 .boot          0x0000000003800020       0xbc /Applications/VEXcode V5 Text.app/Contents/Resources/sdk/vexv5/libv5rt.a(v5_startup.c.obj)
                0x0000000003800020                vexStartup
                0x0000000003800100                . = ALIGN (0x40)
 *fill*         0x00000000038000dc       0x24 
 *(.freertos_vectors)
 *(.text)
 *(.text.*)
 .text._Z20goToHeightControllerv
                0x0000000003800100      0x2a8 build/src/main.o
                0x0000000003800100                goToHeightController()
 .text._Z15driveControllerv
                0x00000000038003a8      0x420 build/src/main.o
                0x00000000038003a8                driveController()
 .text._Z19waitForDriveCommandv
                0x00000000038007c8       0x38 build/src/main.o
                0x00000000038007c8                waitForDriveCommand()
 .text._Z4dumpb
                0x0000000003800800      0x238 build/src/main.o
                0x0000000003800800                dump(bool)
 .text._Z13updateSensorsv
                0x0000000003800a38      0x128 build/src/main.o
                0x0000000003800a38                updateSensors()
 .text._Z9initRobotv
                0x0000000003800b60      0x148 build/src/main.o
                0x0000000003800b60                initRobot()
 .text._Z13redDumpSimplev
                0x0000000003800ca8      0x328 build/src/main.o
                0x0000000003800ca8                redDumpSimple()
 .text._Z8blueDumpv
                0x0000000003800fd0      0x310 build/src/main.o
                0x0000000003800fd0                blueDump()
 .text._Z8redTowerv
                0x00000000038012e0      0x318 build/src/main.o
                0x00000000038012e0                redTower()
 .text._Z9blueTowerv
                0x00000000038015f8      0x310 build/src/main.o
                0x00000000038015f8                blueTower()
 .text._Z10autonomousv
                0x0000000003801908       0x60 build/src/main.o
                0x0000000003801908                autonomous()
 .text._Z4drawv
                0x0000000003801968      0x3c0 build/src/main.o
                0x0000000003801968                draw()
 .text._Z11pressDetectv
                0x0000000003801d28      0x2a4 build/src/main.o
                0x0000000003801d28                pressDetect()
 .text._Z9pre_autonv
                0x0000000003801fcc       0xf8 build/src/main.o
                0x0000000003801fcc                pre_auton()
 *fill*         0x00000000038020c4        0x4 
 .text._Z6teleopv
                0x00000000038020c8      0x710 build/src/main.o
                0x00000000038020c8                teleop()
 .text.main     0x00000000038027d8       0x58 build/src/main.o
                0x00000000038027d8                main
 .text._GLOBAL__sub_I_main.cpp
                0x0000000003802830      0x2d8 build/src/main.o
 .text.vexMain  0x0000000003802b08       0xb0 /Applications/VEXcode V5 Text.app/Contents/Resources/sdk/vexv5/libv5rt.a(v5_startup.c.obj)
                0x0000000003802b08                vexMain
 .text.__vex_function_prolog
                0x0000000003802bb8       0x18 /Applications/VEXcode V5 Text.app/Contents/Resources/sdk/vexv5/libv5rt.a(v5_startup.c.obj)
                0x0000000003802bb8                __vex_function_prolog
 .text._init    0x0000000003802bd0        0x4 /Applications/VEXcode V5 Text.app/Contents/Resources/sdk/vexv5/libv5rt.a(v5_startup.c.obj)
                0x0000000003802bd0                _init
 .text._fini    0x0000000003802bd4        0x4 /Applications/VEXcode V5 Text.app/Contents/Resources/sdk/vexv5/libv5rt.a(v5_startup.c.obj)
                0x0000000003802bd4                _fini
 .text.vexStdlibVersionLinked
                0x0000000003802bd8        0xc /Applications/VEXcode V5 Text.app/Contents/Resources/sdk/vexv5/libv5rt.a(v5_util.c.obj)
                0x0000000003802bd8                vexStdlibVersionLinked
 .text.vexStdlibVersionVerify
                0x0000000003802be4       0x30 /Applications/VEXcode V5 Text.app/Contents/Resources/sdk/vexv5/libv5rt.a(v5_util.c.obj)
                0x0000000003802be4                vexStdlibVersionVerify
 .text.vexPrivateApiEnable
                0x0000000003802c14       0x10 /Applications/VEXcode V5 Text.app/Contents/Resources/sdk/vexv5/libv5rt.a(v5_apijump.c.obj)
                0x0000000003802c14                vexPrivateApiEnable
 .text.vexStdlibMismatchError
                0x0000000003802c24       0x3c /Applications/VEXcode V5 Text.app/Contents/Resources/sdk/vexv5/libv5rt.a(v5_apijump.c.obj)
                0x0000000003802c24                vexStdlibMismatchError
 .text.vexTaskAdd
                0x0000000003802c60       0x10 /Applications/VEXcode V5 Text.app/Contents/Resources/sdk/vexv5/libv5rt.a(v5_apijump.c.obj)
                0x0000000003802c60                vexTaskAdd
 .text.vexTaskStop
                0x0000000003802c70       0x10 /Applications/VEXcode V5 Text.app/Contents/Resources/sdk/vexv5/libv5rt.a(v5_apijump.c.obj)
                0x0000000003802c70                vexTaskStop
 .text.vexTasksRun
                0x0000000003802c80       0x10 /Applications/VEXcode V5 Text.app/Contents/Resources/sdk/vexv5/libv5rt.a(v5_apijump.c.obj)
                0x0000000003802c80                vexTasksRun
 .text.vexTaskYield
                0x0000000003802c90       0x10 /Applications/VEXcode V5 Text.app/Contents/Resources/sdk/vexv5/libv5rt.a(v5_apijump.c.obj)
                0x0000000003802c90                vexTaskYield
 .text.vexTaskCheckTimeslice
                0x0000000003802ca0       0x10 /Applications/VEXcode V5 Text.app/Contents/Resources/sdk/vexv5/libv5rt.a(v5_apijump.c.obj)
                0x0000000003802ca0                vexTaskCheckTimeslice
 .text.vexTaskSleep
                0x0000000003802cb0       0x10 /Applications/VEXcode V5 Text.app/Contents/Resources/sdk/vexv5/libv5rt.a(v5_apijump.c.obj)
                0x0000000003802cb0                vexTaskSleep
 .text.vexTasksDump
                0x0000000003802cc0       0x1c /Applications/VEXcode V5 Text.app/Contents/Resources/sdk/vexv5/libv5rt.a(v5_apijump.c.obj)
                0x0000000003802cc0                vexTasksDump
 .text.vexTaskGetTaskIndex
                0x0000000003802cdc       0x10 /Applications/VEXcode V5 Text.app/Contents/Resources/sdk/vexv5/libv5rt.a(v5_apijump.c.obj)
                0x0000000003802cdc                vexTaskGetTaskIndex
 .text.vexTaskStopAll
                0x0000000003802cec       0x10 /Applications/VEXcode V5 Text.app/Contents/Resources/sdk/vexv5/libv5rt.a(v5_apijump.c.obj)
                0x0000000003802cec                vexTaskStopAll
 .text.vexTaskRemoveAllUser
                0x0000000003802cfc       0x34 /Applications/VEXcode V5 Text.app/Contents/Resources/sdk/vexv5/libv5rt.a(v5_apijump.c.obj)
                0x0000000003802cfc                vexTaskRemoveAllUser
 .text.vexTaskCompletionIdSet
                0x0000000003802d30       0x10 /Applications/VEXcode V5 Text.app/Contents/Resources/sdk/vexv5/libv5rt.a(v5_apijump.c.obj)
                0x0000000003802d30                vexTaskCompletionIdSet
 .text.vexCriticalSection
                0x0000000003802d40       0x2c /Applications/VEXcode V5 Text.app/Contents/Resources/sdk/vexv5/libv5rt.a(v5_apijump.c.obj)
                0x0000000003802d40                vexCriticalSection
 .text.vexEventAdd
                0x0000000003802d6c       0x34 /Applications/VEXcode V5 Text.app/Contents/Resources/sdk/vexv5/libv5rt.a(v5_apijump.c.obj)
                0x0000000003802d6c                vexEventAdd
 .text.vexEventUserIndexGet
                0x0000000003802da0       0x1c /Applications/VEXcode V5 Text.app/Contents/Resources/sdk/vexv5/libv5rt.a(v5_apijump.c.obj)
                0x0000000003802da0                vexEventUserIndexGet
 .text.vexEventAddWithArg
                0x0000000003802dbc       0x3c /Applications/VEXcode V5 Text.app/Contents/Resources/sdk/vexv5/libv5rt.a(v5_apijump.c.obj)
                0x0000000003802dbc                vexEventAddWithArg
 .text.vexEventsCleanup
                0x0000000003802df8       0x2c /Applications/VEXcode V5 Text.app/Contents/Resources/sdk/vexv5/libv5rt.a(v5_apijump.c.obj)
                0x0000000003802df8                vexEventsCleanup
 .text.vexDebug
                0x0000000003802e24       0x38 /Applications/VEXcode V5 Text.app/Contents/Resources/sdk/vexv5/libv5rt.a(v5_apijump.c.obj)
                0x0000000003802e24                vexDebug
 .text.vex_sprintf
                0x0000000003802e5c       0x40 /Applications/VEXcode V5 Text.app/Contents/Resources/sdk/vexv5/libv5rt.a(v5_apijump.c.obj)
                0x0000000003802e5c                vex_sprintf
 .text.vex_vsnprintf
                0x0000000003802e9c       0x3c /Applications/VEXcode V5 Text.app/Contents/Resources/sdk/vexv5/libv5rt.a(v5_apijump.c.obj)
                0x0000000003802e9c                vex_vsnprintf
 .text.vexSystemTimeGet
                0x0000000003802ed8       0x1c /Applications/VEXcode V5 Text.app/Contents/Resources/sdk/vexv5/libv5rt.a(v5_apijump.c.obj)
                0x0000000003802ed8                vexSystemTimeGet
 .text.vexSystemExitRequest
                0x0000000003802ef4       0x1c /Applications/VEXcode V5 Text.app/Contents/Resources/sdk/vexv5/libv5rt.a(v5_apijump.c.obj)
                0x0000000003802ef4                vexSystemExitRequest
 .text.vexDeviceGetByIndex
                0x0000000003802f10       0x24 /Applications/VEXcode V5 Text.app/Contents/Resources/sdk/vexv5/libv5rt.a(v5_apijump.c.obj)
                0x0000000003802f10                vexDeviceGetByIndex
 .text.vexControllerGet
                0x0000000003802f34       0x2c /Applications/VEXcode V5 Text.app/Contents/Resources/sdk/vexv5/libv5rt.a(v5_apijump.c.obj)
                0x0000000003802f34                vexControllerGet
 .text.vexDeviceAdiPortConfigSet
                0x0000000003802f60       0x34 /Applications/VEXcode V5 Text.app/Contents/Resources/sdk/vexv5/libv5rt.a(v5_apijump.c.obj)
                0x0000000003802f60                vexDeviceAdiPortConfigSet
 .text.vexDeviceAdiPortConfigGet
                0x0000000003802f94       0x2c /Applications/VEXcode V5 Text.app/Contents/Resources/sdk/vexv5/libv5rt.a(v5_apijump.c.obj)
                0x0000000003802f94                vexDeviceAdiPortConfigGet
 .text.vexDeviceAdiValueGet
                0x0000000003802fc0       0x2c /Applications/VEXcode V5 Text.app/Contents/Resources/sdk/vexv5/libv5rt.a(v5_apijump.c.obj)
                0x0000000003802fc0                vexDeviceAdiValueGet
 .text.vexDeviceMotorVelocitySet
                0x0000000003802fec       0x2c /Applications/VEXcode V5 Text.app/Contents/Resources/sdk/vexv5/libv5rt.a(v5_apijump.c.obj)
                0x0000000003802fec                vexDeviceMotorVelocitySet
 .text.vexDeviceMotorActualVelocityGet
                0x0000000003803018       0x24 /Applications/VEXcode V5 Text.app/Contents/Resources/sdk/vexv5/libv5rt.a(v5_apijump.c.obj)
                0x0000000003803018                vexDeviceMotorActualVelocityGet
 .text.vexDeviceMotorZeroPositionFlagGet
                0x000000000380303c       0x24 /Applications/VEXcode V5 Text.app/Contents/Resources/sdk/vexv5/libv5rt.a(v5_apijump.c.obj)
                0x000000000380303c                vexDeviceMotorZeroPositionFlagGet
 .text.vexDeviceMotorReverseFlagSet
                0x0000000003803060       0x2c /Applications/VEXcode V5 Text.app/Contents/Resources/sdk/vexv5/libv5rt.a(v5_apijump.c.obj)
                0x0000000003803060                vexDeviceMotorReverseFlagSet
 .text.vexDeviceMotorEncoderUnitsSet
                0x000000000380308c       0x2c /Applications/VEXcode V5 Text.app/Contents/Resources/sdk/vexv5/libv5rt.a(v5_apijump.c.obj)
                0x000000000380308c                vexDeviceMotorEncoderUnitsSet
 .text.vexDeviceMotorBrakeModeSet
                0x00000000038030b8       0x2c /Applications/VEXcode V5 Text.app/Contents/Resources/sdk/vexv5/libv5rt.a(v5_apijump.c.obj)
                0x00000000038030b8                vexDeviceMotorBrakeModeSet
 .text.vexDeviceMotorPositionSet
                0x00000000038030e4       0x34 /Applications/VEXcode V5 Text.app/Contents/Resources/sdk/vexv5/libv5rt.a(v5_apijump.c.obj)
                0x00000000038030e4                vexDeviceMotorPositionSet
 .text.vexDeviceMotorRelativeTargetSet
                0x0000000003803118       0x3c /Applications/VEXcode V5 Text.app/Contents/Resources/sdk/vexv5/libv5rt.a(v5_apijump.c.obj)
                0x0000000003803118                vexDeviceMotorRelativeTargetSet
 .text.vexDeviceMotorGearingSet
                0x0000000003803154       0x2c /Applications/VEXcode V5 Text.app/Contents/Resources/sdk/vexv5/libv5rt.a(v5_apijump.c.obj)
                0x0000000003803154                vexDeviceMotorGearingSet
 .text.vexDeviceMotorGearingGet
                0x0000000003803180       0x24 /Applications/VEXcode V5 Text.app/Contents/Resources/sdk/vexv5/libv5rt.a(v5_apijump.c.obj)
                0x0000000003803180                vexDeviceMotorGearingGet
 .text.vexDisplayForegroundColor
                0x00000000038031a4       0x24 /Applications/VEXcode V5 Text.app/Contents/Resources/sdk/vexv5/libv5rt.a(v5_apijump.c.obj)
                0x00000000038031a4                vexDisplayForegroundColor
 .text.vexDisplayBackgroundColor
                0x00000000038031c8       0x24 /Applications/VEXcode V5 Text.app/Contents/Resources/sdk/vexv5/libv5rt.a(v5_apijump.c.obj)
                0x00000000038031c8                vexDisplayBackgroundColor
 .text.vexDisplayBackgroundColorGet
                0x00000000038031ec       0x1c /Applications/VEXcode V5 Text.app/Contents/Resources/sdk/vexv5/libv5rt.a(v5_apijump.c.obj)
                0x00000000038031ec                vexDisplayBackgroundColorGet
 .text.vexDisplayRectDraw
                0x0000000003803208       0x4c /Applications/VEXcode V5 Text.app/Contents/Resources/sdk/vexv5/libv5rt.a(v5_apijump.c.obj)
                0x0000000003803208                vexDisplayRectDraw
 .text.vexDisplayRectClear
                0x0000000003803254       0x4c /Applications/VEXcode V5 Text.app/Contents/Resources/sdk/vexv5/libv5rt.a(v5_apijump.c.obj)
                0x0000000003803254                vexDisplayRectClear
 .text.vexDisplayPrintf
                0x00000000038032a0       0x68 /Applications/VEXcode V5 Text.app/Contents/Resources/sdk/vexv5/libv5rt.a(v5_apijump.c.obj)
                0x00000000038032a0                vexDisplayPrintf
 .text.vexDisplayTextReference
                0x0000000003803308       0x24 /Applications/VEXcode V5 Text.app/Contents/Resources/sdk/vexv5/libv5rt.a(v5_apijump.c.obj)
                0x0000000003803308                vexDisplayTextReference
 .text.vexDisplayTextSize
                0x000000000380332c       0x2c /Applications/VEXcode V5 Text.app/Contents/Resources/sdk/vexv5/libv5rt.a(v5_apijump.c.obj)
                0x000000000380332c                vexDisplayTextSize
 .text.vexDisplayFontNamedSet
                0x0000000003803358       0x24 /Applications/VEXcode V5 Text.app/Contents/Resources/sdk/vexv5/libv5rt.a(v5_apijump.c.obj)
                0x0000000003803358                vexDisplayFontNamedSet
 .text.vexDisplayPenSizeGet
                0x000000000380337c       0x1c /Applications/VEXcode V5 Text.app/Contents/Resources/sdk/vexv5/libv5rt.a(v5_apijump.c.obj)
                0x000000000380337c                vexDisplayPenSizeGet
 .text.vexSystemStdlibImpureDataAddr
                0x0000000003803398       0x28 /Applications/VEXcode V5 Text.app/Contents/Resources/sdk/vexv5/libv5rt.a(v5_apijump.c.obj)
                0x0000000003803398                vexSystemStdlibImpureDataAddr
 .text.vexSystemStdlibImpureDataSize
                0x00000000038033c0       0x28 /Applications/VEXcode V5 Text.app/Contents/Resources/sdk/vexv5/libv5rt.a(v5_apijump.c.obj)
                0x00000000038033c0                vexSystemStdlibImpureDataSize
 .text.vexSystemSaveUserData
                0x00000000038033e8       0x3c /Applications/VEXcode V5 Text.app/Contents/Resources/sdk/vexv5/libv5rt.a(v5_apijump.c.obj)
                0x00000000038033e8                vexSystemSaveUserData
 .text.vexTouchDataGet
                0x0000000003803424       0x10 /Applications/VEXcode V5 Text.app/Contents/Resources/sdk/vexv5/libv5rt.a(v5_apijump.c.obj)
                0x0000000003803424                vexTouchDataGet
 .text.vexDisplayThemeIdGet
                0x0000000003803434       0x38 /Applications/VEXcode V5 Text.app/Contents/Resources/sdk/vexv5/libv5rt.a(v5_apijump.c.obj)
                0x0000000003803434                vexDisplayThemeIdGet
 .text.vexDeviceEventMaskSet
                0x000000000380346c       0x48 /Applications/VEXcode V5 Text.app/Contents/Resources/sdk/vexv5/libv5rt.a(v5_apijump.c.obj)
                0x000000000380346c                vexDeviceEventMaskSet
 .text.vexDeviceEventMaskGet
                0x00000000038034b4       0x3c /Applications/VEXcode V5 Text.app/Contents/Resources/sdk/vexv5/libv5rt.a(v5_apijump.c.obj)
                0x00000000038034b4                vexDeviceEventMaskGet
 .text.vexSystemVersion
                0x00000000038034f0       0x10 /Applications/VEXcode V5 Text.app/Contents/Resources/sdk/vexv5/libv5rt.a(v5_apiversions.c.obj)
                0x00000000038034f0                vexSystemVersion
 .text.vexStdlibVersion
                0x0000000003803500       0x10 /Applications/VEXcode V5 Text.app/Contents/Resources/sdk/vexv5/libv5rt.a(v5_apiversions.c.obj)
                0x0000000003803500                vexStdlibVersion
 .text._ZN3vex5motor9installedEv
                0x0000000003803510       0x18 /Applications/VEXcode V5 Text.app/Contents/Resources/sdk/vexv5/libv5rt.a(vex_motor.cpp.obj)
                0x0000000003803510                vex::motor::installed()
 .text._ZN3vex5motorD2Ev
                0x0000000003803528       0x20 /Applications/VEXcode V5 Text.app/Contents/Resources/sdk/vexv5/libv5rt.a(vex_motor.cpp.obj)
                0x0000000003803528                vex::motor::~motor()
                0x0000000003803528                vex::motor::~motor()
 .text._ZN3vex5motor15defaultStoppingENS_9brakeTypeE
                0x0000000003803548       0x30 /Applications/VEXcode V5 Text.app/Contents/Resources/sdk/vexv5/libv5rt.a(vex_motor.cpp.obj)
                0x0000000003803548                vex::motor::defaultStopping(vex::brakeType)
 .text._ZN3vex5motor11setStoppingENS_9brakeTypeE
                0x0000000003803578        0x4 /Applications/VEXcode V5 Text.app/Contents/Resources/sdk/vexv5/libv5rt.a(vex_motor.cpp.obj)
                0x0000000003803578                vex::motor::setStopping(vex::brakeType)
 .text._ZN3vex5motorC2El
                0x000000000380357c       0x70 /Applications/VEXcode V5 Text.app/Contents/Resources/sdk/vexv5/libv5rt.a(vex_motor.cpp.obj)
                0x000000000380357c                vex::motor::motor(long)
                0x000000000380357c                vex::motor::motor(long)
 .text._ZN3vex5motorC2ElNS_11gearSettingEb
                0x00000000038035ec       0x34 /Applications/VEXcode V5 Text.app/Contents/Resources/sdk/vexv5/libv5rt.a(vex_motor.cpp.obj)
                0x00000000038035ec                vex::motor::motor(long, vex::gearSetting, bool)
                0x00000000038035ec                vex::motor::motor(long, vex::gearSetting, bool)
 .text._ZN3vex5motor10isSpinningEv
                0x0000000003803620       0x38 /Applications/VEXcode V5 Text.app/Contents/Resources/sdk/vexv5/libv5rt.a(vex_motor.cpp.obj)
                0x0000000003803620                vex::motor::isSpinning()
 .text._ZN3vex5motor4stopENS_9brakeTypeE
                0x0000000003803658       0x30 /Applications/VEXcode V5 Text.app/Contents/Resources/sdk/vexv5/libv5rt.a(vex_motor.cpp.obj)
                0x0000000003803658                vex::motor::stop(vex::brakeType)
 .text._ZN3vex5motor4stopEv
                0x0000000003803688        0x8 /Applications/VEXcode V5 Text.app/Contents/Resources/sdk/vexv5/libv5rt.a(vex_motor.cpp.obj)
                0x0000000003803688                vex::motor::stop()
 .text._ZN3vex5motor16velocityToScaledEdNS_13velocityUnitsE
                0x0000000003803690       0x5c /Applications/VEXcode V5 Text.app/Contents/Resources/sdk/vexv5/libv5rt.a(vex_motor.cpp.obj)
                0x0000000003803690                vex::motor::velocityToScaled(double, vex::velocityUnits)
 .text._ZN3vex5motor8velocityENS_13velocityUnitsE
                0x00000000038036ec       0x30 /Applications/VEXcode V5 Text.app/Contents/Resources/sdk/vexv5/libv5rt.a(vex_motor.cpp.obj)
                0x00000000038036ec                vex::motor::velocity(vex::velocityUnits)
 .text._ZN3vex5motor5valueEv
                0x000000000380371c       0x1c /Applications/VEXcode V5 Text.app/Contents/Resources/sdk/vexv5/libv5rt.a(vex_motor.cpp.obj)
                0x000000000380371c                vex::motor::value()
 .text._ZN3vex5motor16scaledToVelocityEdNS_13velocityUnitsE
                0x0000000003803738       0xa4 /Applications/VEXcode V5 Text.app/Contents/Resources/sdk/vexv5/libv5rt.a(vex_motor.cpp.obj)
                0x0000000003803738                vex::motor::scaledToVelocity(double, vex::velocityUnits)
 .text._ZN3vex5motor4spinENS_13directionTypeEdNS_13velocityUnitsE
                0x00000000038037dc       0x5c /Applications/VEXcode V5 Text.app/Contents/Resources/sdk/vexv5/libv5rt.a(vex_motor.cpp.obj)
                0x00000000038037dc                vex::motor::spin(vex::directionType, double, vex::velocityUnits)
 .text._ZN3vex5motor9rotateForEdNS_9timeUnitsEdNS_13velocityUnitsE
                0x0000000003803838       0x68 /Applications/VEXcode V5 Text.app/Contents/Resources/sdk/vexv5/libv5rt.a(vex_motor.cpp.obj)
                0x0000000003803838                vex::motor::rotateFor(double, vex::timeUnits, double, vex::velocityUnits)
 .text._ZN3vex5motor16setRotationUnitsENS_13rotationUnitsE
                0x00000000038038a0       0x1c /Applications/VEXcode V5 Text.app/Contents/Resources/sdk/vexv5/libv5rt.a(vex_motor.cpp.obj)
                0x00000000038038a0                vex::motor::setRotationUnits(vex::rotationUnits)
 .text._ZN3vex5motor11setRotationEdNS_13rotationUnitsE
                0x00000000038038bc       0x44 /Applications/VEXcode V5 Text.app/Contents/Resources/sdk/vexv5/libv5rt.a(vex_motor.cpp.obj)
                0x00000000038038bc                vex::motor::setRotation(double, vex::rotationUnits)
 .text._ZN3vex5motor13resetRotationEv
                0x0000000003803900       0x20 /Applications/VEXcode V5 Text.app/Contents/Resources/sdk/vexv5/libv5rt.a(vex_motor.cpp.obj)
                0x0000000003803900                vex::motor::resetRotation()
 .text._ZN3vex5motor9rotateForEdNS_13rotationUnitsEdNS_13velocityUnitsEb
                0x0000000003803920       0xe0 /Applications/VEXcode V5 Text.app/Contents/Resources/sdk/vexv5/libv5rt.a(vex_motor.cpp.obj)
                0x0000000003803920                vex::motor::rotateFor(double, vex::rotationUnits, double, vex::velocityUnits, bool)
 .text._ZN3vex5motor9rotateForENS_13directionTypeEdNS_13rotationUnitsEdNS_13velocityUnitsEb
                0x0000000003803a00       0x34 /Applications/VEXcode V5 Text.app/Contents/Resources/sdk/vexv5/libv5rt.a(vex_motor.cpp.obj)
                0x0000000003803a00                vex::motor::rotateFor(vex::directionType, double, vex::rotationUnits, double, vex::velocityUnits, bool)
 .text._ZN3vex5motor14startRotateForENS_13directionTypeEdNS_13rotationUnitsEdNS_13velocityUnitsE
                0x0000000003803a34       0x34 /Applications/VEXcode V5 Text.app/Contents/Resources/sdk/vexv5/libv5rt.a(vex_motor.cpp.obj)
                0x0000000003803a34                vex::motor::startRotateFor(vex::directionType, double, vex::rotationUnits, double, vex::velocityUnits)
 .text._ZN3vex5motor14startRotateForEdNS_13rotationUnitsEdNS_13velocityUnitsE
                0x0000000003803a68       0x34 /Applications/VEXcode V5 Text.app/Contents/Resources/sdk/vexv5/libv5rt.a(vex_motor.cpp.obj)
                0x0000000003803a68                vex::motor::startRotateFor(double, vex::rotationUnits, double, vex::velocityUnits)
 .text.startup._GLOBAL__sub_I__ZN3vex5motorC2El
                0x0000000003803a9c       0x30 /Applications/VEXcode V5 Text.app/Contents/Resources/sdk/vexv5/libv5rt.a(vex_motor.cpp.obj)
 .text._ZN3vex10controllerD2Ev
                0x0000000003803acc        0x4 /Applications/VEXcode V5 Text.app/Contents/Resources/sdk/vexv5/libv5rt.a(vex_controller.cpp.obj)
                0x0000000003803acc                vex::controller::~controller()
                0x0000000003803acc                vex::controller::~controller()
 .text._ZN3vex10controller5valueE19_V5_ControllerIndex
                0x0000000003803ad0        0x8 /Applications/VEXcode V5 Text.app/Contents/Resources/sdk/vexv5/libv5rt.a(vex_controller.cpp.obj)
                0x0000000003803ad0                vex::controller::value(_V5_ControllerIndex)
 .text._ZN3vex10controller6button8pressingEv
                0x0000000003803ad8       0xc8 /Applications/VEXcode V5 Text.app/Contents/Resources/sdk/vexv5/libv5rt.a(vex_controller.cpp.obj)
                0x0000000003803ad8                vex::controller::button::pressing()
 .text._ZN3vex10controller6button21_buttonToPressedEventEv
                0x0000000003803ba0       0x20 /Applications/VEXcode V5 Text.app/Contents/Resources/sdk/vexv5/libv5rt.a(vex_controller.cpp.obj)
                0x0000000003803ba0                vex::controller::button::_buttonToPressedEvent()
 .text._ZN3vex10controller6button22_buttonToReleasedEventEv
                0x0000000003803bc0       0x20 /Applications/VEXcode V5 Text.app/Contents/Resources/sdk/vexv5/libv5rt.a(vex_controller.cpp.obj)
                0x0000000003803bc0                vex::controller::button::_buttonToReleasedEvent()
 .text._ZN3vex10controller6buttonC2ENS0_11tButtonTypeEPS0_
                0x0000000003803be0       0x48 /Applications/VEXcode V5 Text.app/Contents/Resources/sdk/vexv5/libv5rt.a(vex_controller.cpp.obj)
                0x0000000003803be0                vex::controller::button::button(vex::controller::tButtonType, vex::controller*)
                0x0000000003803be0                vex::controller::button::button(vex::controller::tButtonType, vex::controller*)
 .text._ZN3vex10controller4axis5valueEv
                0x0000000003803c28       0x58 /Applications/VEXcode V5 Text.app/Contents/Resources/sdk/vexv5/libv5rt.a(vex_controller.cpp.obj)
                0x0000000003803c28                vex::controller::axis::value()
 .text._ZN3vex10controller4axis23_joystickToChangedEventEv
                0x0000000003803c80       0x20 /Applications/VEXcode V5 Text.app/Contents/Resources/sdk/vexv5/libv5rt.a(vex_controller.cpp.obj)
                0x0000000003803c80                vex::controller::axis::_joystickToChangedEvent()
 .text._ZN3vex10controller4axisC2ENS0_9tAxisTypeEPS0_
                0x0000000003803ca0       0x2c /Applications/VEXcode V5 Text.app/Contents/Resources/sdk/vexv5/libv5rt.a(vex_controller.cpp.obj)
                0x0000000003803ca0                vex::controller::axis::axis(vex::controller::tAxisType, vex::controller*)
                0x0000000003803ca0                vex::controller::axis::axis(vex::controller::tAxisType, vex::controller*)
 .text._ZN3vex10controllerC2ENS_14controllerTypeE
                0x0000000003803ccc      0x204 /Applications/VEXcode V5 Text.app/Contents/Resources/sdk/vexv5/libv5rt.a(vex_controller.cpp.obj)
                0x0000000003803ccc                vex::controller::controller(vex::controllerType)
                0x0000000003803ccc                vex::controller::controller(vex::controllerType)
 .text._ZN3vex4taskC2EPFivE
                0x0000000003803ed0       0x54 /Applications/VEXcode V5 Text.app/Contents/Resources/sdk/vexv5/libv5rt.a(vex_task.cpp.obj)
                0x0000000003803ed0                vex::task::task(int (*)())
                0x0000000003803ed0                vex::task::task(int (*)())
 .text._ZN3vex4taskD2Ev
                0x0000000003803f24        0x4 /Applications/VEXcode V5 Text.app/Contents/Resources/sdk/vexv5/libv5rt.a(vex_task.cpp.obj)
                0x0000000003803f24                vex::task::~task()
                0x0000000003803f24                vex::task::~task()
 .text._ZN3vex4task4stopEPFivE
                0x0000000003803f28        0xc /Applications/VEXcode V5 Text.app/Contents/Resources/sdk/vexv5/libv5rt.a(vex_task.cpp.obj)
                0x0000000003803f28                vex::task::stop(int (*)())
 .text._ZN3vex4task5sleepEm
                0x0000000003803f34        0x4 /Applications/VEXcode V5 Text.app/Contents/Resources/sdk/vexv5/libv5rt.a(vex_task.cpp.obj)
                0x0000000003803f34                vex::task::sleep(unsigned long)
 .text._ZN3vex4task6_indexEPFivE
                0x0000000003803f38       0x14 /Applications/VEXcode V5 Text.app/Contents/Resources/sdk/vexv5/libv5rt.a(vex_task.cpp.obj)
                0x0000000003803f38                vex::task::_index(int (*)())
 .text._ZN3vex4task8_stopAllEv
                0x0000000003803f4c       0x3c /Applications/VEXcode V5 Text.app/Contents/Resources/sdk/vexv5/libv5rt.a(vex_task.cpp.obj)
                0x0000000003803f4c                vex::task::_stopAll()
 .text._ZN3vex6threadC2EPFivE
                0x0000000003803f88       0x54 /Applications/VEXcode V5 Text.app/Contents/Resources/sdk/vexv5/libv5rt.a(vex_thread.cpp.obj)
                0x0000000003803f88                vex::thread::thread(int (*)())
                0x0000000003803f88                vex::thread::thread(int (*)())
 .text._ZN3vex6threadD2Ev
                0x0000000003803fdc        0x4 /Applications/VEXcode V5 Text.app/Contents/Resources/sdk/vexv5/libv5rt.a(vex_thread.cpp.obj)
                0x0000000003803fdc                vex::thread::~thread()
                0x0000000003803fdc                vex::thread::~thread()
 .text._ZN3vex11this_thread9sleep_forEm
                0x0000000003803fe0        0x4 /Applications/VEXcode V5 Text.app/Contents/Resources/sdk/vexv5/libv5rt.a(vex_thread.cpp.obj)
                0x0000000003803fe0                vex::this_thread::sleep_for(unsigned long)
 .text._ZN3vex5event4initEmmPFvvE
                0x0000000003803fe4        0x4 /Applications/VEXcode V5 Text.app/Contents/Resources/sdk/vexv5/libv5rt.a(vex_event.cpp.obj)
                0x0000000003803fe4                vex::event::init(unsigned long, unsigned long, void (*)())
 .text._ZN3vex5event4initEmmPFvPvES1_
                0x0000000003803fe8        0x4 /Applications/VEXcode V5 Text.app/Contents/Resources/sdk/vexv5/libv5rt.a(vex_event.cpp.obj)
                0x0000000003803fe8                vex::event::init(unsigned long, unsigned long, void (*)(void*), void*)
 .text._ZN3vex5event9userindexEv
                0x0000000003803fec        0x4 /Applications/VEXcode V5 Text.app/Contents/Resources/sdk/vexv5/libv5rt.a(vex_event.cpp.obj)
                0x0000000003803fec                vex::event::userindex()
 .text._ZZN3vex6meventC4EmmENUlvE_4_FUNEv
                0x0000000003803ff0        0x4 /Applications/VEXcode V5 Text.app/Contents/Resources/sdk/vexv5/libv5rt.a(vex_mevent.cpp.obj)
 .text._ZN3vex6meventC2Emm
                0x0000000003803ff4       0x70 /Applications/VEXcode V5 Text.app/Contents/Resources/sdk/vexv5/libv5rt.a(vex_mevent.cpp.obj)
                0x0000000003803ff4                vex::mevent::mevent(unsigned long, unsigned long)
                0x0000000003803ff4                vex::mevent::mevent(unsigned long, unsigned long)
 .text._ZN3vex5brainD2Ev
                0x0000000003804064       0x20 /Applications/VEXcode V5 Text.app/Contents/Resources/sdk/vexv5/libv5rt.a(vex_brain.cpp.obj)
                0x0000000003804064                vex::brain::~brain()
                0x0000000003804064                vex::brain::~brain()
 .text._ZN3vex5brain9_getIndexEv
                0x0000000003804084       0x10 /Applications/VEXcode V5 Text.app/Contents/Resources/sdk/vexv5/libv5rt.a(vex_brain.cpp.obj)
                0x0000000003804084                vex::brain::_getIndex()
 .text._ZN3vex5brain3lcd9setCursorEll
                0x0000000003804094       0x44 /Applications/VEXcode V5 Text.app/Contents/Resources/sdk/vexv5/libv5rt.a(vex_brain.cpp.obj)
                0x0000000003804094                vex::brain::lcd::setCursor(long, long)
 .text._ZN3vex5brain3lcd7setFontENS_8fontTypeE
                0x00000000038040d8      0x228 /Applications/VEXcode V5 Text.app/Contents/Resources/sdk/vexv5/libv5rt.a(vex_brain.cpp.obj)
                0x00000000038040d8                vex::brain::lcd::setFont(vex::fontType)
 .text._ZN3vex5brain3lcdC2Ev
                0x0000000003804300       0x94 /Applications/VEXcode V5 Text.app/Contents/Resources/sdk/vexv5/libv5rt.a(vex_brain.cpp.obj)
                0x0000000003804300                vex::brain::lcd::lcd()
                0x0000000003804300                vex::brain::lcd::lcd()
 .text._ZN3vex5brainC2Ev
                0x0000000003804394       0x40 /Applications/VEXcode V5 Text.app/Contents/Resources/sdk/vexv5/libv5rt.a(vex_brain.cpp.obj)
                0x0000000003804394                vex::brain::brain()
                0x0000000003804394                vex::brain::brain()
 .text._ZN3vex5brain3lcd11setPenColorERKNS_5colorE
                0x00000000038043d4       0x14 /Applications/VEXcode V5 Text.app/Contents/Resources/sdk/vexv5/libv5rt.a(vex_brain.cpp.obj)
                0x00000000038043d4                vex::brain::lcd::setPenColor(vex::color const&)
 .text._ZN3vex5brain3lcd12setFillColorERKNS_5colorE
                0x00000000038043e8       0x38 /Applications/VEXcode V5 Text.app/Contents/Resources/sdk/vexv5/libv5rt.a(vex_brain.cpp.obj)
                0x00000000038043e8                vex::brain::lcd::setFillColor(vex::color const&)
 .text._ZN3vex5brain3lcd7printAtEllbPKcz
                0x0000000003804420       0x64 /Applications/VEXcode V5 Text.app/Contents/Resources/sdk/vexv5/libv5rt.a(vex_brain.cpp.obj)
                0x0000000003804420                vex::brain::lcd::printAt(long, long, bool, char const*, ...)
 .text._ZN3vex5brain3lcd12_clearScreenEm
                0x0000000003804484       0x38 /Applications/VEXcode V5 Text.app/Contents/Resources/sdk/vexv5/libv5rt.a(vex_brain.cpp.obj)
                0x0000000003804484                vex::brain::lcd::_clearScreen(unsigned long)
 .text._ZN3vex5brain3lcd11clearScreenERKNS_5colorE
                0x00000000038044bc       0x20 /Applications/VEXcode V5 Text.app/Contents/Resources/sdk/vexv5/libv5rt.a(vex_brain.cpp.obj)
                0x00000000038044bc                vex::brain::lcd::clearScreen(vex::color const&)
 .text._ZN3vex5brain3lcd11clearScreenEv
                0x00000000038044dc       0x2c /Applications/VEXcode V5 Text.app/Contents/Resources/sdk/vexv5/libv5rt.a(vex_brain.cpp.obj)
                0x00000000038044dc                vex::brain::lcd::clearScreen()
 .text._ZN3vex5brain3lcd13drawRectangleEiiii
                0x0000000003804508       0xdc /Applications/VEXcode V5 Text.app/Contents/Resources/sdk/vexv5/libv5rt.a(vex_brain.cpp.obj)
                0x0000000003804508                vex::brain::lcd::drawRectangle(int, int, int, int)
 .text._ZN3vex5brain3lcd9xPositionEv
                0x00000000038045e4       0x24 /Applications/VEXcode V5 Text.app/Contents/Resources/sdk/vexv5/libv5rt.a(vex_brain.cpp.obj)
                0x00000000038045e4                vex::brain::lcd::xPosition()
 .text._ZN3vex5brain3lcd9yPositionEv
                0x0000000003804608       0x24 /Applications/VEXcode V5 Text.app/Contents/Resources/sdk/vexv5/libv5rt.a(vex_brain.cpp.obj)
                0x0000000003804608                vex::brain::lcd::yPosition()
 .text._ZN3vex5brain3lcd7pressedEPFvvE
                0x000000000380462c       0x1c /Applications/VEXcode V5 Text.app/Contents/Resources/sdk/vexv5/libv5rt.a(vex_brain.cpp.obj)
                0x000000000380462c                vex::brain::lcd::pressed(void (*)())
 .text._ZN3vex5brain3lcd8hueToRgbEm
                0x0000000003804648       0xe0 /Applications/VEXcode V5 Text.app/Contents/Resources/sdk/vexv5/libv5rt.a(vex_brain.cpp.obj)
                0x0000000003804648                vex::brain::lcd::hueToRgb(unsigned long)
 .text._ZN3vex5brain3lcd12setFillColorEi
                0x0000000003804728       0x1c /Applications/VEXcode V5 Text.app/Contents/Resources/sdk/vexv5/libv5rt.a(vex_brain.cpp.obj)
                0x0000000003804728                vex::brain::lcd::setFillColor(int)
 .text._ZN3vex11competition8_disableEPv
                0x0000000003804744       0x9c /Applications/VEXcode V5 Text.app/Contents/Resources/sdk/vexv5/libv5rt.a(vex_competition.cpp.obj)
                0x0000000003804744                vex::competition::_disable(void*)
 .text._ZN3vex11competition11_autonomousEv
                0x00000000038047e0       0x7c /Applications/VEXcode V5 Text.app/Contents/Resources/sdk/vexv5/libv5rt.a(vex_competition.cpp.obj)
                0x00000000038047e0                vex::competition::_autonomous()
 .text._ZN3vex11competition14_drivercontrolEv
                0x000000000380485c       0x7c /Applications/VEXcode V5 Text.app/Contents/Resources/sdk/vexv5/libv5rt.a(vex_competition.cpp.obj)
                0x000000000380485c                vex::competition::_drivercontrol()
 .text._ZN3vex11competitionC2Ev
                0x00000000038048d8      0x13c /Applications/VEXcode V5 Text.app/Contents/Resources/sdk/vexv5/libv5rt.a(vex_competition.cpp.obj)
                0x00000000038048d8                vex::competition::competition()
                0x00000000038048d8                vex::competition::competition()
 .text._ZN3vex11competitionD2Ev
                0x0000000003804a14        0x4 /Applications/VEXcode V5 Text.app/Contents/Resources/sdk/vexv5/libv5rt.a(vex_competition.cpp.obj)
                0x0000000003804a14                vex::competition::~competition()
                0x0000000003804a14                vex::competition::~competition()
 .text._ZN3vex11competition10autonomousEPFvvE
                0x0000000003804a18       0x44 /Applications/VEXcode V5 Text.app/Contents/Resources/sdk/vexv5/libv5rt.a(vex_competition.cpp.obj)
                0x0000000003804a18                vex::competition::autonomous(void (*)())
 .text._ZN3vex11competition13drivercontrolEPFvvE
                0x0000000003804a5c       0x44 /Applications/VEXcode V5 Text.app/Contents/Resources/sdk/vexv5/libv5rt.a(vex_competition.cpp.obj)
                0x0000000003804a5c                vex::competition::drivercontrol(void (*)())
 .text._ZN3vex7triport9installedEv
                0x0000000003804aa0       0x18 /Applications/VEXcode V5 Text.app/Contents/Resources/sdk/vexv5/libv5rt.a(vex_triport.cpp.obj)
                0x0000000003804aa0                vex::triport::installed()
 .text._ZN3vex7triportD2Ev
                0x0000000003804ab8       0x38 /Applications/VEXcode V5 Text.app/Contents/Resources/sdk/vexv5/libv5rt.a(vex_triport.cpp.obj)
                0x0000000003804ab8                vex::triport::~triport()
                0x0000000003804ab8                vex::triport::~triport()
 .text._ZN3vex7triport4portC2ElPS0_
                0x0000000003804af0       0x90 /Applications/VEXcode V5 Text.app/Contents/Resources/sdk/vexv5/libv5rt.a(vex_triport.cpp.obj)
                0x0000000003804af0                vex::triport::port::port(long, vex::triport*)
                0x0000000003804af0                vex::triport::port::port(long, vex::triport*)
 .text._ZN3vex7triportC2El
                0x0000000003804b80       0xf0 /Applications/VEXcode V5 Text.app/Contents/Resources/sdk/vexv5/libv5rt.a(vex_triport.cpp.obj)
                0x0000000003804b80                vex::triport::triport(long)
                0x0000000003804b80                vex::triport::triport(long)
 .text._ZN3vex7triport4port4typeENS_11triportTypeE
                0x0000000003804c70       0x34 /Applications/VEXcode V5 Text.app/Contents/Resources/sdk/vexv5/libv5rt.a(vex_triport.cpp.obj)
                0x0000000003804c70                vex::triport::port::type(vex::triportType)
 .text._ZN3vex7triport4port4typeEv
                0x0000000003804ca4       0x38 /Applications/VEXcode V5 Text.app/Contents/Resources/sdk/vexv5/libv5rt.a(vex_triport.cpp.obj)
                0x0000000003804ca4                vex::triport::port::type()
 .text._ZN3vex7triport4port5valueEv
                0x0000000003804cdc       0x14 /Applications/VEXcode V5 Text.app/Contents/Resources/sdk/vexv5/libv5rt.a(vex_triport.cpp.obj)
                0x0000000003804cdc                vex::triport::port::value()
 .text._ZN3vex7triport4port14_convertAnalogENS_11analogUnitsE
                0x0000000003804cf0       0x58 /Applications/VEXcode V5 Text.app/Contents/Resources/sdk/vexv5/libv5rt.a(vex_triport.cpp.obj)
                0x0000000003804cf0                vex::triport::port::_convertAnalog(vex::analogUnits)
 .text._ZN3vex11__trideviceC2ERNS_7triport4portENS_11triportTypeE
                0x0000000003804d48       0x5c /Applications/VEXcode V5 Text.app/Contents/Resources/sdk/vexv5/libv5rt.a(vex_triport.cpp.obj)
                0x0000000003804d48                vex::__tridevice::__tridevice(vex::triport::port&, vex::triportType)
                0x0000000003804d48                vex::__tridevice::__tridevice(vex::triport::port&, vex::triportType)
 .text._ZN3vex11__tridevice14_convertAnalogENS_11analogUnitsE
                0x0000000003804da4        0x8 /Applications/VEXcode V5 Text.app/Contents/Resources/sdk/vexv5/libv5rt.a(vex_triport.cpp.obj)
                0x0000000003804da4                vex::__tridevice::_convertAnalog(vex::analogUnits)
 .text._ZN3vex3potC2ERNS_7triport4portE
                0x0000000003804dac       0x20 /Applications/VEXcode V5 Text.app/Contents/Resources/sdk/vexv5/libv5rt.a(vex_triport.cpp.obj)
                0x0000000003804dac                vex::pot::pot(vex::triport::port&)
                0x0000000003804dac                vex::pot::pot(vex::triport::port&)
 .text._ZN3vex3potD2Ev
                0x0000000003804dcc        0x4 /Applications/VEXcode V5 Text.app/Contents/Resources/sdk/vexv5/libv5rt.a(vex_triport.cpp.obj)
                0x0000000003804dcc                vex::pot::~pot()
                0x0000000003804dcc                vex::pot::~pot()
 .text._ZN3vex3pot5valueENS_13rotationUnitsE
                0x0000000003804dd0       0x60 /Applications/VEXcode V5 Text.app/Contents/Resources/sdk/vexv5/libv5rt.a(vex_triport.cpp.obj)
                0x0000000003804dd0                vex::pot::value(vex::rotationUnits)
 .text.startup._GLOBAL__sub_I__ZN3vex7triportC2El
                0x0000000003804e30       0x30 /Applications/VEXcode V5 Text.app/Contents/Resources/sdk/vexv5/libv5rt.a(vex_triport.cpp.obj)
 .text._ZN3vex5colorD2Ev
                0x0000000003804e60        0x4 /Applications/VEXcode V5 Text.app/Contents/Resources/sdk/vexv5/libv5rt.a(vex_color.cpp.obj)
                0x0000000003804e60                vex::color::~color()
                0x0000000003804e60                vex::color::~color()
 .text._ZNK3vex5colorcvmEv
                0x0000000003804e64        0x8 /Applications/VEXcode V5 Text.app/Contents/Resources/sdk/vexv5/libv5rt.a(vex_color.cpp.obj)
                0x0000000003804e64                vex::color::operator unsigned long() const
 .text._ZNK3vex5color13isTransparentEv
                0x0000000003804e6c        0x8 /Applications/VEXcode V5 Text.app/Contents/Resources/sdk/vexv5/libv5rt.a(vex_color.cpp.obj)
                0x0000000003804e6c                vex::color::isTransparent() const
 .text.startup._GLOBAL__sub_I__ZN3vex5color5blackE
                0x0000000003804e74      0x164 /Applications/VEXcode V5 Text.app/Contents/Resources/sdk/vexv5/libv5rt.a(vex_color.cpp.obj)
 .text._ZN3vex5timerD2Ev
                0x0000000003804fd8        0x4 /Applications/VEXcode V5 Text.app/Contents/Resources/sdk/vexv5/libv5rt.a(vex_timer.cpp.obj)
                0x0000000003804fd8                vex::timer::~timer()
                0x0000000003804fd8                vex::timer::~timer()
 .text._ZN3vex5timer5clearEv
                0x0000000003804fdc       0x1c /Applications/VEXcode V5 Text.app/Contents/Resources/sdk/vexv5/libv5rt.a(vex_timer.cpp.obj)
                0x0000000003804fdc                vex::timer::clear()
 .text._ZN3vex5timerC2Ev
                0x0000000003804ff8       0x14 /Applications/VEXcode V5 Text.app/Contents/Resources/sdk/vexv5/libv5rt.a(vex_timer.cpp.obj)
                0x0000000003804ff8                vex::timer::timer()
                0x0000000003804ff8                vex::timer::timer()
 .text.vexAdiPortConfigSet
                0x000000000380500c       0x28 /Applications/VEXcode V5 Text.app/Contents/Resources/sdk/vexv5/libv5rt.a(v5_apiuser.c.obj)
                0x000000000380500c                vexAdiPortConfigSet
 .text.vexAdiPortConfigGet
                0x0000000003805034       0x28 /Applications/VEXcode V5 Text.app/Contents/Resources/sdk/vexv5/libv5rt.a(v5_apiuser.c.obj)
                0x0000000003805034                vexAdiPortConfigGet
 .text.vexAdiValueGet
                0x000000000380505c       0x20 /Applications/VEXcode V5 Text.app/Contents/Resources/sdk/vexv5/libv5rt.a(v5_apiuser.c.obj)
                0x000000000380505c                vexAdiValueGet
 .text.vexMotorVelocitySet
                0x000000000380507c       0x20 /Applications/VEXcode V5 Text.app/Contents/Resources/sdk/vexv5/libv5rt.a(v5_apiuser.c.obj)
                0x000000000380507c                vexMotorVelocitySet
 .text.vexMotorActualVelocityGet
                0x000000000380509c       0x24 /Applications/VEXcode V5 Text.app/Contents/Resources/sdk/vexv5/libv5rt.a(v5_apiuser.c.obj)
                0x000000000380509c                vexMotorActualVelocityGet
 .text.vexMotorZeroPositionFlagGet
                0x00000000038050c0       0x18 /Applications/VEXcode V5 Text.app/Contents/Resources/sdk/vexv5/libv5rt.a(v5_apiuser.c.obj)
                0x00000000038050c0                vexMotorZeroPositionFlagGet
 .text.vexMotorReverseFlagSet
                0x00000000038050d8       0x20 /Applications/VEXcode V5 Text.app/Contents/Resources/sdk/vexv5/libv5rt.a(v5_apiuser.c.obj)
                0x00000000038050d8                vexMotorReverseFlagSet
 .text.vexMotorEncoderUnitsSet
                0x00000000038050f8       0x20 /Applications/VEXcode V5 Text.app/Contents/Resources/sdk/vexv5/libv5rt.a(v5_apiuser.c.obj)
                0x00000000038050f8                vexMotorEncoderUnitsSet
 .text.vexMotorBrakeModeSet
                0x0000000003805118       0x20 /Applications/VEXcode V5 Text.app/Contents/Resources/sdk/vexv5/libv5rt.a(v5_apiuser.c.obj)
                0x0000000003805118                vexMotorBrakeModeSet
 .text.vexMotorPositionSet
                0x0000000003805138       0x28 /Applications/VEXcode V5 Text.app/Contents/Resources/sdk/vexv5/libv5rt.a(v5_apiuser.c.obj)
                0x0000000003805138                vexMotorPositionSet
 .text.vexMotorRelativeTargetSet
                0x0000000003805160       0x30 /Applications/VEXcode V5 Text.app/Contents/Resources/sdk/vexv5/libv5rt.a(v5_apiuser.c.obj)
                0x0000000003805160                vexMotorRelativeTargetSet
 .text.vexMotorGearingSet
                0x0000000003805190       0x20 /Applications/VEXcode V5 Text.app/Contents/Resources/sdk/vexv5/libv5rt.a(v5_apiuser.c.obj)
                0x0000000003805190                vexMotorGearingSet
 .text.vexMotorGearingGet
                0x00000000038051b0       0x18 /Applications/VEXcode V5 Text.app/Contents/Resources/sdk/vexv5/libv5rt.a(v5_apiuser.c.obj)
                0x00000000038051b0                vexMotorGearingGet
 .text.vexEventMaskSet
                0x00000000038051c8       0x28 /Applications/VEXcode V5 Text.app/Contents/Resources/sdk/vexv5/libv5rt.a(v5_apiuser.c.obj)
                0x00000000038051c8                vexEventMaskSet
 .text.vexEventMaskGet
                0x00000000038051f0       0x18 /Applications/VEXcode V5 Text.app/Contents/Resources/sdk/vexv5/libv5rt.a(v5_apiuser.c.obj)
                0x00000000038051f0                vexEventMaskGet
 .text._ZN3vex6device5valueEv
                0x0000000003805208        0x8 /Applications/VEXcode V5 Text.app/Contents/Resources/sdk/vexv5/libv5rt.a(vex_device.cpp.obj)
                0x0000000003805208                vex::device::value()
 .text._ZN3vex6deviceD2Ev
                0x0000000003805210        0x4 /Applications/VEXcode V5 Text.app/Contents/Resources/sdk/vexv5/libv5rt.a(vex_device.cpp.obj)
                0x0000000003805210                vex::device::~device()
                0x0000000003805210                vex::device::~device()
 .text._ZN3vex6device4initEl
                0x0000000003805214       0x30 /Applications/VEXcode V5 Text.app/Contents/Resources/sdk/vexv5/libv5rt.a(vex_device.cpp.obj)
                0x0000000003805214                vex::device::init(long)
 .text._ZN3vex6deviceC2El
                0x0000000003805244       0x20 /Applications/VEXcode V5 Text.app/Contents/Resources/sdk/vexv5/libv5rt.a(vex_device.cpp.obj)
                0x0000000003805244                vex::device::device(long)
                0x0000000003805244                vex::device::device(long)
 .text._ZN3vex6device4typeEv
                0x0000000003805264       0x10 /Applications/VEXcode V5 Text.app/Contents/Resources/sdk/vexv5/libv5rt.a(vex_device.cpp.obj)
                0x0000000003805264                vex::device::type()
 .text._ZN3vex6device9installedEv
                0x0000000003805274       0x14 /Applications/VEXcode V5 Text.app/Contents/Resources/sdk/vexv5/libv5rt.a(vex_device.cpp.obj)
                0x0000000003805274                vex::device::installed()
 .text.__libc_fini_array
                0x0000000003805288       0x30 /Applications/VEXcode V5 Text.app/Contents/Resources/sdk/vexv5/gcc/libs/libc.a(lib_a-fini.o)
                0x0000000003805288                __libc_fini_array
 .text.__libc_init_array
                0x00000000038052b8       0x58 /Applications/VEXcode V5 Text.app/Contents/Resources/sdk/vexv5/gcc/libs/libc.a(lib_a-init.o)
                0x00000000038052b8                __libc_init_array
 .text.__libc_init_array.__stub
                0x0000000003805310       0x10 linker stubs
 *(.gnu.linkonce.t.*)
 *(.plt)
 *(.gnu_warning)
 *(.gcc_except_table)
 *(.glue_7)
 .glue_7        0x0000000003805320        0x0 linker stubs
 *(.glue_7t)
 .glue_7t       0x0000000003805320        0x0 linker stubs
 *(.vfp11_veneer)
 .vfp11_veneer  0x0000000003805320        0x0 linker stubs
 *(.ARM.extab)
 *(.gnu.linkonce.armextab.*)

.v4_bx          0x0000000003805320        0x0
 .v4_bx         0x0000000003805320        0x0 linker stubs

.iplt           0x0000000003805320        0x0
 .iplt          0x0000000003805320        0x0 build/src/main.o

.init
 *(.init)

.fini
 *(.fini)

.rodata         0x0000000003805320      0x22c
                0x0000000003805320                __rodata_start = .
 *(.rodata)
 *(.rodata.*)
 .rodata.str1.1
                0x0000000003805320      0x128 build/src/main.o
                                        0x12a (size before relaxing)
 .rodata..Lswitch.table._Z4drawv
                0x0000000003805448       0x10 build/src/main.o
 .rodata.str1.1
                0x0000000003805458       0x2e /Applications/VEXcode V5 Text.app/Contents/Resources/sdk/vexv5/libv5rt.a(v5_startup.c.obj)
 *fill*         0x0000000003805486        0x2 
 .rodata._ZN3vex6PORT22E
                0x0000000003805488        0x4 /Applications/VEXcode V5 Text.app/Contents/Resources/sdk/vexv5/libv5rt.a(vex_global.cpp.obj)
                0x0000000003805488                vex::PORT22
 .rodata._ZN3vex5PORT2E
                0x000000000380548c        0x4 /Applications/VEXcode V5 Text.app/Contents/Resources/sdk/vexv5/libv5rt.a(vex_global.cpp.obj)
                0x000000000380548c                vex::PORT2
 .rodata._ZN3vex6PORT11E
                0x0000000003805490        0x4 /Applications/VEXcode V5 Text.app/Contents/Resources/sdk/vexv5/libv5rt.a(vex_global.cpp.obj)
                0x0000000003805490                vex::PORT11
 .rodata._ZN3vex6PORT12E
                0x0000000003805494        0x4 /Applications/VEXcode V5 Text.app/Contents/Resources/sdk/vexv5/libv5rt.a(vex_global.cpp.obj)
                0x0000000003805494                vex::PORT12
 .rodata._ZN3vex5PORT4E
                0x0000000003805498        0x4 /Applications/VEXcode V5 Text.app/Contents/Resources/sdk/vexv5/libv5rt.a(vex_global.cpp.obj)
                0x0000000003805498                vex::PORT4
 .rodata._ZN3vex5PORT5E
                0x000000000380549c        0x4 /Applications/VEXcode V5 Text.app/Contents/Resources/sdk/vexv5/libv5rt.a(vex_global.cpp.obj)
                0x000000000380549c                vex::PORT5
 .rodata._ZN3vex6PORT13E
                0x00000000038054a0        0x4 /Applications/VEXcode V5 Text.app/Contents/Resources/sdk/vexv5/libv5rt.a(vex_global.cpp.obj)
                0x00000000038054a0                vex::PORT13
 .rodata._ZN3vex5PORT1E
                0x00000000038054a4        0x4 /Applications/VEXcode V5 Text.app/Contents/Resources/sdk/vexv5/libv5rt.a(vex_global.cpp.obj)
                0x00000000038054a4                vex::PORT1
 .rodata._ZN3vex5PORT3E
                0x00000000038054a8        0x4 /Applications/VEXcode V5 Text.app/Contents/Resources/sdk/vexv5/libv5rt.a(vex_global.cpp.obj)
                0x00000000038054a8                vex::PORT3
 *fill*         0x00000000038054ac        0x4 
 .rodata._ZTVN3vex5motorE
                0x00000000038054b0       0x10 /Applications/VEXcode V5 Text.app/Contents/Resources/sdk/vexv5/libv5rt.a(vex_motor.cpp.obj)
                0x00000000038054b0                vtable for vex::motor
 .rodata.CSWTCH.15
                0x00000000038054c0        0xb /Applications/VEXcode V5 Text.app/Contents/Resources/sdk/vexv5/libv5rt.a(vex_controller.cpp.obj)
 .rodata.CSWTCH.17
                0x00000000038054cb        0xb /Applications/VEXcode V5 Text.app/Contents/Resources/sdk/vexv5/libv5rt.a(vex_controller.cpp.obj)
 .rodata.CSWTCH.23
                0x00000000038054d6        0x3 /Applications/VEXcode V5 Text.app/Contents/Resources/sdk/vexv5/libv5rt.a(vex_controller.cpp.obj)
 .rodata.str1.1
                0x00000000038054d9        0xa /Applications/VEXcode V5 Text.app/Contents/Resources/sdk/vexv5/libv5rt.a(vex_task.cpp.obj)
 .rodata.str1.1
                0x00000000038054e3        0xa /Applications/VEXcode V5 Text.app/Contents/Resources/sdk/vexv5/libv5rt.a(vex_thread.cpp.obj)
 .rodata.str1.1
                0x00000000038054ed       0x1a /Applications/VEXcode V5 Text.app/Contents/Resources/sdk/vexv5/libv5rt.a(vex_brain.cpp.obj)
 *fill*         0x0000000003805507        0x1 
 .rodata._ZTVN3vex7triportE
                0x0000000003805508       0x10 /Applications/VEXcode V5 Text.app/Contents/Resources/sdk/vexv5/libv5rt.a(vex_triport.cpp.obj)
                0x0000000003805508                vtable for vex::triport
 .rodata.CSWTCH.30
                0x0000000003805518       0x10 /Applications/VEXcode V5 Text.app/Contents/Resources/sdk/vexv5/libv5rt.a(vex_triport.cpp.obj)
 .rodata.CSWTCH.25
                0x0000000003805528        0xe /Applications/VEXcode V5 Text.app/Contents/Resources/sdk/vexv5/libv5rt.a(vex_triport.cpp.obj)
 *fill*         0x0000000003805536        0x2 
 .rodata._ZTVN3vex6deviceE
                0x0000000003805538       0x10 /Applications/VEXcode V5 Text.app/Contents/Resources/sdk/vexv5/libv5rt.a(vex_device.cpp.obj)
                0x0000000003805538                vtable for vex::device
 .rodata.str1.4
                0x0000000003805548        0x4 /Applications/VEXcode V5 Text.app/Contents/Resources/sdk/vexv5/gcc/libs/libc.a(lib_a-impure.o)
                                          0x2 (size before relaxing)
 *(.gnu.linkonce.r.*)
                0x000000000380554c                __rodata_end = .

.rodata1        0x000000000380554c        0x0
                0x000000000380554c                __rodata1_start = .
 *(.rodata1)
 *(.rodata1.*)
                0x000000000380554c                __rodata1_end = .

.sdata2         0x000000000380554c        0x0
                0x000000000380554c                __sdata2_start = .
 *(.sdata2)
 *(.sdata2.*)
 *(.gnu.linkonce.s2.*)
                0x000000000380554c                __sdata2_end = .

.sbss2          0x000000000380554c        0x0
                0x000000000380554c                __sbss2_start = .
 *(.sbss2)
 *(.sbss2.*)
 *(.gnu.linkonce.sb2.*)
                0x000000000380554c                __sbss2_end = .

.data           0x0000000003805550      0x57c
                0x0000000003805550                __data_start = .
 *(.data)
 *(.data.*)
 .data.brainHeight
                0x0000000003805550        0x8 build/src/main.o
                0x0000000003805550                brainHeight
 .data.brainWidth
                0x0000000003805558        0x8 build/src/main.o
                0x0000000003805558                brainWidth
 .data.exitBWidth
                0x0000000003805560        0x4 build/src/main.o
                0x0000000003805560                exitBWidth
 .data.exitBHeight
                0x0000000003805564        0x4 build/src/main.o
                0x0000000003805564                exitBHeight
 .data.minHeight
                0x0000000003805568        0x4 build/src/main.o
                0x0000000003805568                minHeight
 .data.maxHeight
                0x000000000380556c        0x4 build/src/main.o
                0x000000000380556c                maxHeight
 .data.inchesPerDriveSensors
                0x0000000003805570        0x8 build/src/main.o
                0x0000000003805570                inchesPerDriveSensors
 .data.degreesPerDriveSensors
                0x0000000003805578        0x8 build/src/main.o
                0x0000000003805578                degreesPerDriveSensors
 .data.controlMode
                0x0000000003805580        0x4 build/src/main.o
                0x0000000003805580                controlMode
 .data.arcade   0x0000000003805584        0x1 build/src/main.o
                0x0000000003805584                arcade
 *fill*         0x0000000003805585        0x3 
 .data.armGains
                0x0000000003805588       0x40 build/src/main.o
                0x0000000003805588                armGains
 .data.driveGains
                0x00000000038055c8       0x40 build/src/main.o
                0x00000000038055c8                driveGains
 .data.driveForDistanceGains
                0x0000000003805608       0x40 build/src/main.o
                0x0000000003805608                driveForDistanceGains
 .data.driveForAngleGains
                0x0000000003805648       0x40 build/src/main.o
                0x0000000003805648                driveForAngleGains
 .data.driveScale
                0x0000000003805688        0x8 build/src/main.o
                0x0000000003805688                driveScale
 .data.appRunning
                0x0000000003805690        0x4 /Applications/VEXcode V5 Text.app/Contents/Resources/sdk/vexv5/libv5rt.a(v5_startup.c.obj)
                0x0000000003805690                appRunning
 .data.__yoff   0x0000000003805694        0x4 /Applications/VEXcode V5 Text.app/Contents/Resources/sdk/vexv5/libv5rt.a(v5_apijump.c.obj)
 .data._ZN3vex4holdE
                0x0000000003805698        0x4 /Applications/VEXcode V5 Text.app/Contents/Resources/sdk/vexv5/libv5rt.a(vex_global.cpp.obj)
                0x0000000003805698                vex::hold
 *fill*         0x000000000380569c        0x4 
 .data.impure_data
                0x00000000038056a0      0x428 /Applications/VEXcode V5 Text.app/Contents/Resources/sdk/vexv5/gcc/libs/libc.a(lib_a-impure.o)
 .data._impure_ptr
                0x0000000003805ac8        0x4 /Applications/VEXcode V5 Text.app/Contents/Resources/sdk/vexv5/gcc/libs/libc.a(lib_a-impure.o)
                0x0000000003805ac8                _impure_ptr
 *(.gnu.linkonce.d.*)
 *(.jcr)
 *(.got)
 *(.got.plt)
                0x0000000003805acc                __data_end = .

.igot.plt       0x0000000003805acc        0x0
 .igot.plt      0x0000000003805acc        0x0 build/src/main.o

.data1          0x0000000003805acc        0x0
                0x0000000003805acc                __data1_start = .
 *(.data1)
 *(.data1.*)
                0x0000000003805acc                __data1_end = .

.got
 *(.got)

.ctors          0x0000000003805acc        0x0
                0x0000000003805acc                __CTOR_LIST__ = .
                0x0000000003805acc                ___CTORS_LIST___ = .
 *crtbegin.o(.ctors)
 *(EXCLUDE_FILE(*crtend.o) .ctors)
 *(SORT_BY_NAME(.ctors.*))
 *(.ctors)
                0x0000000003805acc                __CTOR_END__ = .
                0x0000000003805acc                ___CTORS_END___ = .

.dtors          0x0000000003805acc        0x0
                0x0000000003805acc                __DTOR_LIST__ = .
                0x0000000003805acc                ___DTORS_LIST___ = .
 *crtbegin.o(.dtors)
 *(EXCLUDE_FILE(*crtend.o) .dtors)
 *(SORT_BY_NAME(.dtors.*))
 *(.dtors)
                0x0000000003805acc                __DTOR_END__ = .
                0x0000000003805acc                ___DTORS_END___ = .

.fixup          0x0000000003805acc        0x0
                0x0000000003805acc                __fixup_start = .
 *(.fixup)
                0x0000000003805acc                __fixup_end = .

.eh_frame
 *(.eh_frame)

.eh_framehdr    0x0000000003805acc        0x0
                0x0000000003805acc                __eh_framehdr_start = .
 *(.eh_framehdr)
                0x0000000003805acc                __eh_framehdr_end = .

.gcc_except_table
 *(.gcc_except_table)

.mmu_tbl        0x0000000003808000        0x0
                0x0000000003808000                __mmu_tbl_start = .
 *(.mmu_tbl)
                0x0000000003808000                __mmu_tbl_end = .

.ARM.exidx      0x0000000003805acc        0x8
                0x0000000003805acc                __exidx_start = .
 *(.ARM.exidx*)
 .ARM.exidx.text._Z20goToHeightControllerv
                0x0000000003805acc        0x8 build/src/main.o
 .ARM.exidx.text._Z15driveControllerv
                0x0000000003805ad4        0x0 build/src/main.o
                                          0x8 (size before relaxing)
 .ARM.exidx.text._Z19waitForDriveCommandv
                0x0000000003805ad4        0x0 build/src/main.o
                                          0x8 (size before relaxing)
 .ARM.exidx.text._Z4dumpb
                0x0000000003805ad4        0x0 build/src/main.o
                                          0x8 (size before relaxing)
 .ARM.exidx.text._Z13updateSensorsv
                0x0000000003805ad4        0x0 build/src/main.o
                                          0x8 (size before relaxing)
 .ARM.exidx.text._Z9initRobotv
                0x0000000003805ad4        0x0 build/src/main.o
                                          0x8 (size before relaxing)
 .ARM.exidx.text._Z13redDumpSimplev
                0x0000000003805ad4        0x0 build/src/main.o
                                          0x8 (size before relaxing)
 .ARM.exidx.text._Z8blueDumpv
                0x0000000003805ad4        0x0 build/src/main.o
                                          0x8 (size before relaxing)
 .ARM.exidx.text._Z8redTowerv
                0x0000000003805ad4        0x0 build/src/main.o
                                          0x8 (size before relaxing)
 .ARM.exidx.text._Z9blueTowerv
                0x0000000003805ad4        0x0 build/src/main.o
                                          0x8 (size before relaxing)
 .ARM.exidx.text._Z10autonomousv
                0x0000000003805ad4        0x0 build/src/main.o
                                          0x8 (size before relaxing)
 .ARM.exidx.text._Z4drawv
                0x0000000003805ad4        0x0 build/src/main.o
                                          0x8 (size before relaxing)
 .ARM.exidx.text._Z11pressDetectv
                0x0000000003805ad4        0x0 build/src/main.o
                                          0x8 (size before relaxing)
 .ARM.exidx.text._Z9pre_autonv
                0x0000000003805ad4        0x0 build/src/main.o
                                          0x8 (size before relaxing)
 .ARM.exidx.text._Z6teleopv
                0x0000000003805ad4        0x0 build/src/main.o
                                          0x8 (size before relaxing)
 .ARM.exidx.text.main
                0x0000000003805ad4        0x0 build/src/main.o
                                          0x8 (size before relaxing)
 .ARM.exidx.text._GLOBAL__sub_I_main.cpp
                0x0000000003805ad4        0x0 build/src/main.o
                                          0x8 (size before relaxing)
 *(.gnu.linkonce.armexidix.*.*)
                0x0000000003805ad4                __exidx_end = .

.rel.dyn        0x0000000003805ad4        0x0
 .rel.iplt      0x0000000003805ad4        0x0 build/src/main.o

.preinit_array  0x0000000003805ad4        0x0
                0x0000000003805ad4                __preinit_array_start = .
 *(SORT_BY_NAME(.preinit_array.*))
 *(.preinit_array)
                0x0000000003805ad4                __preinit_array_end = .

.init_array     0x0000000003805ad4       0x10
                0x0000000003805ad4                __init_array_start = .
 *(SORT_BY_NAME(.init_array.*))
 *(.init_array)
 .init_array    0x0000000003805ad4        0x4 build/src/main.o
 .init_array    0x0000000003805ad8        0x4 /Applications/VEXcode V5 Text.app/Contents/Resources/sdk/vexv5/libv5rt.a(vex_motor.cpp.obj)
 .init_array    0x0000000003805adc        0x4 /Applications/VEXcode V5 Text.app/Contents/Resources/sdk/vexv5/libv5rt.a(vex_triport.cpp.obj)
 .init_array    0x0000000003805ae0        0x4 /Applications/VEXcode V5 Text.app/Contents/Resources/sdk/vexv5/libv5rt.a(vex_color.cpp.obj)
                0x0000000003805ae4                __init_array_end = .

.fini_array     0x0000000003805ae4        0x0
                0x0000000003805ae4                __fini_array_start = .
 *(SORT_BY_NAME(.fini_array.*))
 *(.fini_array)
                0x0000000003805ae4                __fini_array_end = .

.ARM.attributes
                0x0000000003805ae4       0x3c
                0x0000000003805ae4                __ARM.attributes_start = .
 *(.ARM.attributes)
 .ARM.attributes
                0x0000000003805ae4       0x3a build/src/main.o
 .ARM.attributes
                0x0000000003805b1e       0x35 /Applications/VEXcode V5 Text.app/Contents/Resources/sdk/vexv5/libv5rt.a(v5_startup.c.obj)
 .ARM.attributes
                0x0000000003805b53       0x35 /Applications/VEXcode V5 Text.app/Contents/Resources/sdk/vexv5/libv5rt.a(v5_util.c.obj)
 .ARM.attributes
                0x0000000003805b88       0x35 /Applications/VEXcode V5 Text.app/Contents/Resources/sdk/vexv5/libv5rt.a(v5_apijump.c.obj)
 .ARM.attributes
                0x0000000003805bbd       0x35 /Applications/VEXcode V5 Text.app/Contents/Resources/sdk/vexv5/libv5rt.a(v5_apiversions.c.obj)
 .ARM.attributes
                0x0000000003805bf2       0x35 /Applications/VEXcode V5 Text.app/Contents/Resources/sdk/vexv5/libv5rt.a(vex_global.cpp.obj)
 .ARM.attributes
                0x0000000003805c27       0x35 /Applications/VEXcode V5 Text.app/Contents/Resources/sdk/vexv5/libv5rt.a(vex_motor.cpp.obj)
 .ARM.attributes
                0x0000000003805c5c       0x35 /Applications/VEXcode V5 Text.app/Contents/Resources/sdk/vexv5/libv5rt.a(vex_controller.cpp.obj)
 .ARM.attributes
                0x0000000003805c91       0x35 /Applications/VEXcode V5 Text.app/Contents/Resources/sdk/vexv5/libv5rt.a(vex_task.cpp.obj)
 .ARM.attributes
                0x0000000003805cc6       0x35 /Applications/VEXcode V5 Text.app/Contents/Resources/sdk/vexv5/libv5rt.a(vex_thread.cpp.obj)
 .ARM.attributes
                0x0000000003805cfb       0x35 /Applications/VEXcode V5 Text.app/Contents/Resources/sdk/vexv5/libv5rt.a(vex_event.cpp.obj)
 .ARM.attributes
                0x0000000003805d30       0x35 /Applications/VEXcode V5 Text.app/Contents/Resources/sdk/vexv5/libv5rt.a(vex_mevent.cpp.obj)
 .ARM.attributes
                0x0000000003805d65       0x35 /Applications/VEXcode V5 Text.app/Contents/Resources/sdk/vexv5/libv5rt.a(vex_brain.cpp.obj)
 .ARM.attributes
                0x0000000003805d9a       0x35 /Applications/VEXcode V5 Text.app/Contents/Resources/sdk/vexv5/libv5rt.a(vex_competition.cpp.obj)
 .ARM.attributes
                0x0000000003805dcf       0x35 /Applications/VEXcode V5 Text.app/Contents/Resources/sdk/vexv5/libv5rt.a(vex_triport.cpp.obj)
 .ARM.attributes
                0x0000000003805e04       0x35 /Applications/VEXcode V5 Text.app/Contents/Resources/sdk/vexv5/libv5rt.a(vex_color.cpp.obj)
 .ARM.attributes
                0x0000000003805e39       0x35 /Applications/VEXcode V5 Text.app/Contents/Resources/sdk/vexv5/libv5rt.a(vex_timer.cpp.obj)
 .ARM.attributes
                0x0000000003805e6e       0x35 /Applications/VEXcode V5 Text.app/Contents/Resources/sdk/vexv5/libv5rt.a(v5_apiuser.c.obj)
 .ARM.attributes
                0x0000000003805ea3       0x35 /Applications/VEXcode V5 Text.app/Contents/Resources/sdk/vexv5/libv5rt.a(vex_device.cpp.obj)
 .ARM.attributes
                0x0000000003805ed8       0x2b /Applications/VEXcode V5 Text.app/Contents/Resources/sdk/vexv5/gcc/libs/libc.a(lib_a-fini.o)
 .ARM.attributes
                0x0000000003805f03       0x2b /Applications/VEXcode V5 Text.app/Contents/Resources/sdk/vexv5/gcc/libs/libc.a(lib_a-impure.o)
 .ARM.attributes
                0x0000000003805f2e       0x2b /Applications/VEXcode V5 Text.app/Contents/Resources/sdk/vexv5/gcc/libs/libc.a(lib_a-init.o)
                0x0000000003805f59                __ARM.attributes_end = .

.sdata          0x0000000003805ae4        0x0
                0x0000000003805ae4                __sdata_start = .
 *(.sdata)
 *(.sdata.*)
 *(.gnu.linkonce.s.*)
                0x0000000003805ae4                __sdata_end = .

.sbss           0x0000000003805ae4        0x0
                0x0000000003805ae4                __sbss_start = .
 *(.sbss)
 *(.sbss.*)
 *(.gnu.linkonce.sb.*)
                0x0000000003805ae4                __sbss_end = .

.tdata          0x0000000003805ae4        0x0
                0x0000000003805ae4                __tdata_start = .
 *(.tdata)
 *(.tdata.*)
 *(.gnu.linkonce.td.*)
                0x0000000003805ae4                __tdata_end = .

.tbss           0x0000000003805ae4        0x0
                0x0000000003805ae4                __tbss_start = .
 *(.tbss)
 *(.tbss.*)
 *(.gnu.linkonce.tb.*)
                0x0000000003805ae4                __tbss_end = .

.bss            0x0000000003805ae8      0x8d5
                0x0000000003805ae8                __bss_start = .
 *(.bss)
 *(.bss.*)
 .bss._ZStL8__ioinit
                0x0000000003805ae8        0x1 build/src/main.o
 *fill*         0x0000000003805ae9        0x3 
 .bss.Brain     0x0000000003805aec      0x2e0 build/src/main.o
                0x0000000003805aec                Brain
 .bss.frameCount
                0x0000000003805dcc        0x4 build/src/main.o
                0x0000000003805dcc                frameCount
 .bss.LeftMotor1
                0x0000000003805dd0       0x28 build/src/main.o
                0x0000000003805dd0                LeftMotor1
 .bss.RightMotor1
                0x0000000003805df8       0x28 build/src/main.o
                0x0000000003805df8                RightMotor1
 .bss.LeftMotor2
                0x0000000003805e20       0x28 build/src/main.o
                0x0000000003805e20                LeftMotor2
 .bss.RightMotor2
                0x0000000003805e48       0x28 build/src/main.o
                0x0000000003805e48                RightMotor2
 .bss.ArmMotor  0x0000000003805e70       0x28 build/src/main.o
                0x0000000003805e70                ArmMotor
 .bss.LeftTrackMotor
                0x0000000003805e98       0x28 build/src/main.o
                0x0000000003805e98                LeftTrackMotor
 .bss.RightTrackMotor
                0x0000000003805ec0       0x28 build/src/main.o
                0x0000000003805ec0                RightTrackMotor
 .bss.SlapMotor
                0x0000000003805ee8       0x28 build/src/main.o
                0x0000000003805ee8                SlapMotor
 .bss.Driver    0x0000000003805f10      0x1e0 build/src/main.o
                0x0000000003805f10                Driver
 .bss.Operator  0x00000000038060f0      0x1e0 build/src/main.o
                0x00000000038060f0                Operator
 .bss.ArmPot    0x00000000038062d0       0x1c build/src/main.o
                0x00000000038062d0                ArmPot
 *fill*         0x00000000038062ec        0x4 
 .bss.driveEncoder
                0x00000000038062f0        0x8 build/src/main.o
                0x00000000038062f0                driveEncoder
 .bss.gyroAngle
                0x00000000038062f8        0x8 build/src/main.o
                0x00000000038062f8                gyroAngle
 .bss.autoRoutine
                0x0000000003806300        0x4 build/src/main.o
                0x0000000003806300                autoRoutine
 .bss.screen    0x0000000003806304        0x4 build/src/main.o
                0x0000000003806304                screen
 .bss.robotInitialized
                0x0000000003806308        0x1 build/src/main.o
                0x0000000003806308                robotInitialized
 *fill*         0x0000000003806309        0x3 
 .bss.Competition
                0x000000000380630c       0x28 build/src/main.o
                0x000000000380630c                Competition
 *fill*         0x0000000003806334        0x4 
 .bss.targetHeight
                0x0000000003806338        0x8 build/src/main.o
                0x0000000003806338                targetHeight
 .bss.targetDrive
                0x0000000003806340        0x8 build/src/main.o
                0x0000000003806340                targetDrive
 .bss.doingAngle
                0x0000000003806348        0x1 build/src/main.o
                0x0000000003806348                doingAngle
 *fill*         0x0000000003806349        0x3 
 .bss.__dso_handle
                0x000000000380634c        0x4 /Applications/VEXcode V5 Text.app/Contents/Resources/sdk/vexv5/libv5rt.a(v5_startup.c.obj)
                0x000000000380634c                __dso_handle
 .bss._ZStL8__ioinit
                0x0000000003806350        0x1 /Applications/VEXcode V5 Text.app/Contents/Resources/sdk/vexv5/libv5rt.a(vex_motor.cpp.obj)
 *fill*         0x0000000003806351        0x3 
 .bss._ZN3vex4task8_labelIdE
                0x0000000003806354        0x4 /Applications/VEXcode V5 Text.app/Contents/Resources/sdk/vexv5/libv5rt.a(vex_task.cpp.obj)
                0x0000000003806354                vex::task::_labelId
 .bss._ZN3vex6thread8_labelIdE
                0x0000000003806358        0x4 /Applications/VEXcode V5 Text.app/Contents/Resources/sdk/vexv5/libv5rt.a(vex_thread.cpp.obj)
                0x0000000003806358                vex::thread::_labelId
 .bss._ZN3vex11competition22bStopTasksBetweenModesE
                0x000000000380635c        0x1 /Applications/VEXcode V5 Text.app/Contents/Resources/sdk/vexv5/libv5rt.a(vex_competition.cpp.obj)
                0x000000000380635c                vex::competition::bStopTasksBetweenModes
 .bss._ZN3vex11competition25bStopAllTasksBetweenModesE
                0x000000000380635d        0x1 /Applications/VEXcode V5 Text.app/Contents/Resources/sdk/vexv5/libv5rt.a(vex_competition.cpp.obj)
                0x000000000380635d                vex::competition::bStopAllTasksBetweenModes
 .bss._ZN3vex11competition14_auton_pendingE
                0x000000000380635e        0x1 /Applications/VEXcode V5 Text.app/Contents/Resources/sdk/vexv5/libv5rt.a(vex_competition.cpp.obj)
                0x000000000380635e                vex::competition::_auton_pending
 *fill*         0x000000000380635f        0x1 
 .bss._ZN3vex11competition20_autonomous_callbackE
                0x0000000003806360        0x4 /Applications/VEXcode V5 Text.app/Contents/Resources/sdk/vexv5/libv5rt.a(vex_competition.cpp.obj)
                0x0000000003806360                vex::competition::_autonomous_callback
 .bss._ZN3vex11competition23_drivercontrol_callbackE
                0x0000000003806364        0x4 /Applications/VEXcode V5 Text.app/Contents/Resources/sdk/vexv5/libv5rt.a(vex_competition.cpp.obj)
                0x0000000003806364                vex::competition::_drivercontrol_callback
 .bss._ZN3vex11competition15_driver_pendingE
                0x0000000003806368        0x1 /Applications/VEXcode V5 Text.app/Contents/Resources/sdk/vexv5/libv5rt.a(vex_competition.cpp.obj)
                0x0000000003806368                vex::competition::_driver_pending
 .bss._ZStL8__ioinit
                0x0000000003806369        0x1 /Applications/VEXcode V5 Text.app/Contents/Resources/sdk/vexv5/libv5rt.a(vex_triport.cpp.obj)
 *fill*         0x000000000380636a        0x2 
 .bss._ZN3vex5color6orangeE
                0x000000000380636c        0x8 /Applications/VEXcode V5 Text.app/Contents/Resources/sdk/vexv5/libv5rt.a(vex_color.cpp.obj)
                0x000000000380636c                vex::color::orange
 .bss._ZN3vex5color5blackE
                0x0000000003806374        0x8 /Applications/VEXcode V5 Text.app/Contents/Resources/sdk/vexv5/libv5rt.a(vex_color.cpp.obj)
                0x0000000003806374                vex::color::black
 .bss._ZN3vex5color6yellowE
                0x000000000380637c        0x8 /Applications/VEXcode V5 Text.app/Contents/Resources/sdk/vexv5/libv5rt.a(vex_color.cpp.obj)
                0x000000000380637c                vex::color::yellow
 .bss._ZN3vex5color5greenE
                0x0000000003806384        0x8 /Applications/VEXcode V5 Text.app/Contents/Resources/sdk/vexv5/libv5rt.a(vex_color.cpp.obj)
                0x0000000003806384                vex::color::green
 .bss._ZN3vex5color6purpleE
                0x000000000380638c        0x8 /Applications/VEXcode V5 Text.app/Contents/Resources/sdk/vexv5/libv5rt.a(vex_color.cpp.obj)
                0x000000000380638c                vex::color::purple
 .bss._ZN3vex5color4cyanE
                0x0000000003806394        0x8 /Applications/VEXcode V5 Text.app/Contents/Resources/sdk/vexv5/libv5rt.a(vex_color.cpp.obj)
                0x0000000003806394                vex::color::cyan
 .bss._ZN3vex5color4blueE
                0x000000000380639c        0x8 /Applications/VEXcode V5 Text.app/Contents/Resources/sdk/vexv5/libv5rt.a(vex_color.cpp.obj)
                0x000000000380639c                vex::color::blue
 .bss._ZN3vex5color3redE
                0x00000000038063a4        0x8 /Applications/VEXcode V5 Text.app/Contents/Resources/sdk/vexv5/libv5rt.a(vex_color.cpp.obj)
                0x00000000038063a4                vex::color::red
 .bss._ZN3vex5color11transparentE
                0x00000000038063ac        0x8 /Applications/VEXcode V5 Text.app/Contents/Resources/sdk/vexv5/libv5rt.a(vex_color.cpp.obj)
                0x00000000038063ac                vex::color::transparent
 .bss._ZN3vex5color5whiteE
                0x00000000038063b4        0x8 /Applications/VEXcode V5 Text.app/Contents/Resources/sdk/vexv5/libv5rt.a(vex_color.cpp.obj)
                0x00000000038063b4                vex::color::white
 *(.gnu.linkonce.b.*)
 *(COMMON)
 COMMON         0x00000000038063bc        0x1 /Applications/VEXcode V5 Text.app/Contents/Resources/sdk/vexv5/libv5rt.a(v5_startup.c.obj)
                0x00000000038063bc                __vex_critical_section
                0x00000000038063bd                __bss_end = .
                0x0000000003805ae4                _SDA_BASE_ = (__sdata_start + ((__sbss_end - __sdata_start) / 0x2))
                0x000000000380554c                _SDA2_BASE_ = (__sdata2_start + ((__sbss2_end - __sdata2_start) / 0x2))

.heap           0x00000000038063bd   0x100003
                0x00000000038063c0                . = ALIGN (0x10)
 *fill*         0x00000000038063bd        0x3 
                0x00000000038063c0                _heap = .
                0x00000000038063c0                HeapBase = .
                0x00000000038063c0                _heap_start = .
                0x00000000039063c0                . = (. + _HEAP_SIZE)
 *fill*         0x00000000038063c0   0x100000 
                0x00000000039063c0                _heap_end = .
                0x00000000039063c0                HeapLimit = .

.stack          0x00000000039063c0     0x3800
                0x00000000039063c0                . = ALIGN (0x10)
                0x00000000039063c0                _stack_end = .
                0x00000000039083c0                . = (. + _STACK_SIZE)
 *fill*         0x00000000039063c0     0x2000 
                0x00000000039083c0                . = ALIGN (0x10)
                0x00000000039083c0                _stack = .
                0x00000000039083c0                __stack = _stack
                0x00000000039083c0                . = ALIGN (0x10)
                0x00000000039083c0                _irq_stack_end = .
                0x00000000039087c0                . = (. + _IRQ_STACK_SIZE)
 *fill*         0x00000000039083c0      0x400 
                0x00000000039087c0                . = ALIGN (0x10)
                0x00000000039087c0                __irq_stack = .
                0x00000000039087c0                _supervisor_stack_end = .
                0x0000000003908fc0                . = (. + _SUPERVISOR_STACK_SIZE)
 *fill*         0x00000000039087c0      0x800 
                0x0000000003908fc0                . = ALIGN (0x10)
                0x0000000003908fc0                __supervisor_stack = .
                0x0000000003908fc0                _abort_stack_end = .
                0x00000000039093c0                . = (. + _ABORT_STACK_SIZE)
 *fill*         0x0000000003908fc0      0x400 
                0x00000000039093c0                . = ALIGN (0x10)
                0x00000000039093c0                __abort_stack = .
                0x00000000039093c0                _fiq_stack_end = .
                0x00000000039097c0                . = (. + _FIQ_STACK_SIZE)
 *fill*         0x00000000039093c0      0x400 
                0x00000000039097c0                . = ALIGN (0x10)
                0x00000000039097c0                __fiq_stack = .
                0x00000000039097c0                _undef_stack_end = .
                0x0000000003909bc0                . = (. + _UNDEF_STACK_SIZE)
 *fill*         0x00000000039097c0      0x400 
                0x0000000003909bc0                . = ALIGN (0x10)
                0x0000000003909bc0                __undef_stack = .
                0x0000000003909bc0                _end = .
LOAD /Applications/VEXcode V5 Text.app/Contents/Resources/sdk/vexv5/stdlib_0.lib
LOAD build/src/main.o
START GROUP
LOAD /Applications/VEXcode V5 Text.app/Contents/Resources/sdk/vexv5/libv5rt.a
LOAD /Applications/VEXcode V5 Text.app/Contents/Resources/sdk/vexv5/gcc/libs/libstdc++.a
LOAD /Applications/VEXcode V5 Text.app/Contents/Resources/sdk/vexv5/gcc/libs/libc.a
LOAD /Applications/VEXcode V5 Text.app/Contents/Resources/sdk/vexv5/gcc/libs/libm.a
LOAD /Applications/VEXcode V5 Text.app/Contents/Resources/sdk/vexv5/gcc/libs/libgcc.a
END GROUP
OUTPUT(build/Kirsten.elf elf32-littlearm)

.comment        0x0000000000000000       0x9d
 .comment       0x0000000000000000       0x2d build/src/main.o
                                         0x2e (size before relaxing)
 .comment       0x000000000000002d       0x70 /Applications/VEXcode V5 Text.app/Contents/Resources/sdk/vexv5/libv5rt.a(v5_startup.c.obj)
                                         0x71 (size before relaxing)
 .comment       0x000000000000009d       0x71 /Applications/VEXcode V5 Text.app/Contents/Resources/sdk/vexv5/libv5rt.a(v5_util.c.obj)
 .comment       0x000000000000009d       0x71 /Applications/VEXcode V5 Text.app/Contents/Resources/sdk/vexv5/libv5rt.a(v5_apijump.c.obj)
 .comment       0x000000000000009d       0x71 /Applications/VEXcode V5 Text.app/Contents/Resources/sdk/vexv5/libv5rt.a(v5_apiversions.c.obj)
 .comment       0x000000000000009d       0x71 /Applications/VEXcode V5 Text.app/Contents/Resources/sdk/vexv5/libv5rt.a(vex_global.cpp.obj)
 .comment       0x000000000000009d       0x71 /Applications/VEXcode V5 Text.app/Contents/Resources/sdk/vexv5/libv5rt.a(vex_motor.cpp.obj)
 .comment       0x000000000000009d       0x71 /Applications/VEXcode V5 Text.app/Contents/Resources/sdk/vexv5/libv5rt.a(vex_controller.cpp.obj)
 .comment       0x000000000000009d       0x71 /Applications/VEXcode V5 Text.app/Contents/Resources/sdk/vexv5/libv5rt.a(vex_task.cpp.obj)
 .comment       0x000000000000009d       0x71 /Applications/VEXcode V5 Text.app/Contents/Resources/sdk/vexv5/libv5rt.a(vex_thread.cpp.obj)
 .comment       0x000000000000009d       0x71 /Applications/VEXcode V5 Text.app/Contents/Resources/sdk/vexv5/libv5rt.a(vex_event.cpp.obj)
 .comment       0x000000000000009d       0x71 /Applications/VEXcode V5 Text.app/Contents/Resources/sdk/vexv5/libv5rt.a(vex_mevent.cpp.obj)
 .comment       0x000000000000009d       0x71 /Applications/VEXcode V5 Text.app/Contents/Resources/sdk/vexv5/libv5rt.a(vex_brain.cpp.obj)
 .comment       0x000000000000009d       0x71 /Applications/VEXcode V5 Text.app/Contents/Resources/sdk/vexv5/libv5rt.a(vex_competition.cpp.obj)
 .comment       0x000000000000009d       0x71 /Applications/VEXcode V5 Text.app/Contents/Resources/sdk/vexv5/libv5rt.a(vex_triport.cpp.obj)
 .comment       0x000000000000009d       0x71 /Applications/VEXcode V5 Text.app/Contents/Resources/sdk/vexv5/libv5rt.a(vex_color.cpp.obj)
 .comment       0x000000000000009d       0x71 /Applications/VEXcode V5 Text.app/Contents/Resources/sdk/vexv5/libv5rt.a(vex_timer.cpp.obj)
 .comment       0x000000000000009d       0x71 /Applications/VEXcode V5 Text.app/Contents/Resources/sdk/vexv5/libv5rt.a(v5_apiuser.c.obj)
 .comment       0x000000000000009d       0x71 /Applications/VEXcode V5 Text.app/Contents/Resources/sdk/vexv5/libv5rt.a(vex_device.cpp.obj)

.note.GNU-stack
                0x0000000000000000        0x0
 .note.GNU-stack
                0x0000000000000000        0x0 build/src/main.o

.debug_frame    0x0000000000000000       0x60
 .debug_frame   0x0000000000000000       0x34 /Applications/VEXcode V5 Text.app/Contents/Resources/sdk/vexv5/gcc/libs/libc.a(lib_a-fini.o)
 .debug_frame   0x0000000000000034       0x2c /Applications/VEXcode V5 Text.app/Contents/Resources/sdk/vexv5/gcc/libs/libc.a(lib_a-init.o)
